Archive member included to satisfy reference by file (symbol)

C:\Users\olgas\projects\chery\ISNT_AVT04_Tester_v.5.9.5_git\Cherry_Project FreeRTOS\Drivers\CMSIS\DSP\Lib\GCC\libarm_cortexM4lf_math.a(arm_max_q15.o)
                              ./Core/Src/Adc_audio_fft.o (arm_max_q15)
C:\Users\olgas\projects\chery\ISNT_AVT04_Tester_v.5.9.5_git\Cherry_Project FreeRTOS\Drivers\CMSIS\DSP\Lib\GCC\libarm_cortexM4lf_math.a(arm_rfft_q15.o)
                              ./Core/Src/Adc_audio_fft.o (arm_rfft_q15)
C:\Users\olgas\projects\chery\ISNT_AVT04_Tester_v.5.9.5_git\Cherry_Project FreeRTOS\Drivers\CMSIS\DSP\Lib\GCC\libarm_cortexM4lf_math.a(arm_rfft_init_q15.o)
                              ./Core/Src/Adc_audio_fft.o (arm_rfft_init_q15)
C:\Users\olgas\projects\chery\ISNT_AVT04_Tester_v.5.9.5_git\Cherry_Project FreeRTOS\Drivers\CMSIS\DSP\Lib\GCC\libarm_cortexM4lf_math.a(arm_cmplx_mag_q15.o)
                              ./Core/Src/Adc_audio_fft.o (arm_cmplx_mag_q15)
C:\Users\olgas\projects\chery\ISNT_AVT04_Tester_v.5.9.5_git\Cherry_Project FreeRTOS\Drivers\CMSIS\DSP\Lib\GCC\libarm_cortexM4lf_math.a(arm_sqrt_q15.o)
                              C:\Users\olgas\projects\chery\ISNT_AVT04_Tester_v.5.9.5_git\Cherry_Project FreeRTOS\Drivers\CMSIS\DSP\Lib\GCC\libarm_cortexM4lf_math.a(arm_cmplx_mag_q15.o) (arm_sqrt_q15)
C:\Users\olgas\projects\chery\ISNT_AVT04_Tester_v.5.9.5_git\Cherry_Project FreeRTOS\Drivers\CMSIS\DSP\Lib\GCC\libarm_cortexM4lf_math.a(arm_const_structs.o)
                              C:\Users\olgas\projects\chery\ISNT_AVT04_Tester_v.5.9.5_git\Cherry_Project FreeRTOS\Drivers\CMSIS\DSP\Lib\GCC\libarm_cortexM4lf_math.a(arm_rfft_init_q15.o) (arm_cfft_sR_q15_len4096)
C:\Users\olgas\projects\chery\ISNT_AVT04_Tester_v.5.9.5_git\Cherry_Project FreeRTOS\Drivers\CMSIS\DSP\Lib\GCC\libarm_cortexM4lf_math.a(arm_common_tables.o)
                              C:\Users\olgas\projects\chery\ISNT_AVT04_Tester_v.5.9.5_git\Cherry_Project FreeRTOS\Drivers\CMSIS\DSP\Lib\GCC\libarm_cortexM4lf_math.a(arm_const_structs.o) (twiddleCoef_rfft_4096)
C:\Users\olgas\projects\chery\ISNT_AVT04_Tester_v.5.9.5_git\Cherry_Project FreeRTOS\Drivers\CMSIS\DSP\Lib\GCC\libarm_cortexM4lf_math.a(arm_cfft_q15.o)
                              C:\Users\olgas\projects\chery\ISNT_AVT04_Tester_v.5.9.5_git\Cherry_Project FreeRTOS\Drivers\CMSIS\DSP\Lib\GCC\libarm_cortexM4lf_math.a(arm_rfft_q15.o) (arm_cfft_q15)
C:\Users\olgas\projects\chery\ISNT_AVT04_Tester_v.5.9.5_git\Cherry_Project FreeRTOS\Drivers\CMSIS\DSP\Lib\GCC\libarm_cortexM4lf_math.a(arm_bitreversal2.o)
                              C:\Users\olgas\projects\chery\ISNT_AVT04_Tester_v.5.9.5_git\Cherry_Project FreeRTOS\Drivers\CMSIS\DSP\Lib\GCC\libarm_cortexM4lf_math.a(arm_cfft_q15.o) (arm_bitreversal_16)
C:\Users\olgas\projects\chery\ISNT_AVT04_Tester_v.5.9.5_git\Cherry_Project FreeRTOS\Drivers\CMSIS\DSP\Lib\GCC\libarm_cortexM4lf_math.a(arm_rfft_init_q31.o)
                              C:\Users\olgas\projects\chery\ISNT_AVT04_Tester_v.5.9.5_git\Cherry_Project FreeRTOS\Drivers\CMSIS\DSP\Lib\GCC\libarm_cortexM4lf_math.a(arm_const_structs.o) (realCoefBQ31)
C:\Users\olgas\projects\chery\ISNT_AVT04_Tester_v.5.9.5_git\Cherry_Project FreeRTOS\Drivers\CMSIS\DSP\Lib\GCC\libarm_cortexM4lf_math.a(arm_cfft_radix4_q15.o)
                              C:\Users\olgas\projects\chery\ISNT_AVT04_Tester_v.5.9.5_git\Cherry_Project FreeRTOS\Drivers\CMSIS\DSP\Lib\GCC\libarm_cortexM4lf_math.a(arm_cfft_q15.o) (arm_radix4_butterfly_q15)
C:\Users\olgas\projects\chery\ISNT_AVT04_Tester_v.5.9.5_git\Cherry_Project FreeRTOS\Drivers\CMSIS\DSP\Lib\GCC\libarm_cortexM4lf_math.a(arm_bitreversal.o)
                              C:\Users\olgas\projects\chery\ISNT_AVT04_Tester_v.5.9.5_git\Cherry_Project FreeRTOS\Drivers\CMSIS\DSP\Lib\GCC\libarm_cortexM4lf_math.a(arm_cfft_radix4_q15.o) (arm_bitreversal_q15)
c:/st/stm32cubeide_1.7.0/stm32cubeide/plugins/com.st.stm32cube.ide.mcu.externaltools.gnu-tools-for-stm32.9-2020-q2-update.win32_2.0.0.202105311346/tools/bin/../lib/gcc/arm-none-eabi/9.3.1/../../../../arm-none-eabi/lib/thumb/v7e-m+fp/hard\libc_nano.a(lib_a-errno.o)
                              ./Core/Src/syscalls.o (__errno)
c:/st/stm32cubeide_1.7.0/stm32cubeide/plugins/com.st.stm32cube.ide.mcu.externaltools.gnu-tools-for-stm32.9-2020-q2-update.win32_2.0.0.202105311346/tools/bin/../lib/gcc/arm-none-eabi/9.3.1/../../../../arm-none-eabi/lib/thumb/v7e-m+fp/hard\libc_nano.a(lib_a-exit.o)
                              c:/st/stm32cubeide_1.7.0/stm32cubeide/plugins/com.st.stm32cube.ide.mcu.externaltools.gnu-tools-for-stm32.9-2020-q2-update.win32_2.0.0.202105311346/tools/bin/../lib/gcc/arm-none-eabi/9.3.1/../../../../arm-none-eabi/lib/thumb/v7e-m+fp/hard/crt0.o (exit)
c:/st/stm32cubeide_1.7.0/stm32cubeide/plugins/com.st.stm32cube.ide.mcu.externaltools.gnu-tools-for-stm32.9-2020-q2-update.win32_2.0.0.202105311346/tools/bin/../lib/gcc/arm-none-eabi/9.3.1/../../../../arm-none-eabi/lib/thumb/v7e-m+fp/hard\libc_nano.a(lib_a-findfp.o)
[...]
Memory Configuration

Name             Origin             Length             Attributes
CCMRAM           0x0000000010000000 0x0000000000010000 xrw
RAM              0x0000000020000000 0x0000000000030000 xrw
FLASH            0x0000000008000000 0x0000000000200000 xr
*default*        0x0000000000000000 0xffffffffffffffff

Linker script and memory map

LOAD c:/st/stm32cubeide_1.7.0/stm32cubeide/plugins/com.st.stm32cube.ide.mcu.externaltools.gnu-tools-for-stm32.9-2020-q2-update.win32_2.0.0.202105311346/tools/bin/../lib/gcc/arm-none-eabi/9.3.1/thumb/v7e-m+fp/hard/crti.o
LOAD c:/st/stm32cubeide_1.7.0/stm32cubeide/plugins/com.st.stm32cube.ide.mcu.externaltools.gnu-tools-for-stm32.9-2020-q2-update.win32_2.0.0.202105311346/tools/bin/../lib/gcc/arm-none-eabi/9.3.1/thumb/v7e-m+fp/hard/crtbegin.o
LOAD c:/st/stm32cubeide_1.7.0/stm32cubeide/plugins/com.st.stm32cube.ide.mcu.externaltools.gnu-tools-for-stm32.9-2020-q2-update.win32_2.0.0.202105311346/tools/bin/../lib/gcc/arm-none-eabi/9.3.1/../../../../arm-none-eabi/lib/thumb/v7e-m+fp/hard/crt0.o
LOAD ./Core/Src/Adc_audio_fft.o
LOAD ./Core/Src/Can_task.o
LOAD ./Core/Src/IVI_Can_Matrix.o
LOAD ./Core/Src/freertos.o
LOAD ./Core/Src/main.o
LOAD ./Core/Src/stm32f4xx_hal_msp.o
LOAD ./Core/Src/stm32f4xx_hal_timebase_tim.o
LOAD ./Core/Src/stm32f4xx_it.o
LOAD ./Core/Src/syscalls.o
LOAD ./Core/Src/sysmem.o
LOAD ./Core/Src/system_stm32f4xx.o
LOAD ./Core/Src/uds/extras.o
LOAD ./Core/Src/uds/uds.o
LOAD ./Core/Startup/startup_stm32f429zitx.o
LOAD ./Drivers/STM32F4xx_HAL_Driver/Src/stm32f4xx_hal.o
LOAD ./Drivers/STM32F4xx_HAL_Driver/Src/stm32f4xx_hal_adc.o
LOAD ./Drivers/STM32F4xx_HAL_Driver/Src/stm32f4xx_hal_adc_ex.o
LOAD ./Drivers/STM32F4xx_HAL_Driver/Src/stm32f4xx_hal_can.o
LOAD ./Drivers/STM32F4xx_HAL_Driver/Src/stm32f4xx_hal_cortex.o
LOAD ./Drivers/STM32F4xx_HAL_Driver/Src/stm32f4xx_hal_dac.o
LOAD ./Drivers/STM32F4xx_HAL_Driver/Src/stm32f4xx_hal_dac_ex.o
LOAD ./Drivers/STM32F4xx_HAL_Driver/Src/stm32f4xx_hal_dma.o
LOAD ./Drivers/STM32F4xx_HAL_Driver/Src/stm32f4xx_hal_dma_ex.o
LOAD ./Drivers/STM32F4xx_HAL_Driver/Src/stm32f4xx_hal_eth.o
LOAD ./Drivers/STM32F4xx_HAL_Driver/Src/stm32f4xx_hal_exti.o
LOAD ./Drivers/STM32F4xx_HAL_Driver/Src/stm32f4xx_hal_flash.o
LOAD ./Drivers/STM32F4xx_HAL_Driver/Src/stm32f4xx_hal_flash_ex.o
LOAD ./Drivers/STM32F4xx_HAL_Driver/Src/stm32f4xx_hal_flash_ramfunc.o
LOAD ./Drivers/STM32F4xx_HAL_Driver/Src/stm32f4xx_hal_gpio.o
LOAD ./Drivers/STM32F4xx_HAL_Driver/Src/stm32f4xx_hal_pcd.o
LOAD ./Drivers/STM32F4xx_HAL_Driver/Src/stm32f4xx_hal_pcd_ex.o
LOAD ./Drivers/STM32F4xx_HAL_Driver/Src/stm32f4xx_hal_pwr.o
LOAD ./Drivers/STM32F4xx_HAL_Driver/Src/stm32f4xx_hal_pwr_ex.o
LOAD ./Drivers/STM32F4xx_HAL_Driver/Src/stm32f4xx_hal_rcc.o
LOAD ./Drivers/STM32F4xx_HAL_Driver/Src/stm32f4xx_hal_rcc_ex.o
LOAD ./Drivers/STM32F4xx_HAL_Driver/Src/stm32f4xx_hal_tim.o
LOAD ./Drivers/STM32F4xx_HAL_Driver/Src/stm32f4xx_hal_tim_ex.o
LOAD ./Drivers/STM32F4xx_HAL_Driver/Src/stm32f4xx_hal_uart.o
LOAD ./Drivers/STM32F4xx_HAL_Driver/Src/stm32f4xx_ll_adc.o
LOAD ./Drivers/STM32F4xx_HAL_Driver/Src/stm32f4xx_ll_dac.o
LOAD ./Drivers/STM32F4xx_HAL_Driver/Src/stm32f4xx_ll_dma.o
LOAD ./Drivers/STM32F4xx_HAL_Driver/Src/stm32f4xx_ll_dma2d.o
LOAD ./Drivers/STM32F4xx_HAL_Driver/Src/stm32f4xx_ll_usb.o
LOAD ./Middlewares/Third_Party/FreeRTOS/Source/CMSIS_RTOS_V2/cmsis_os2.o
LOAD ./Middlewares/Third_Party/FreeRTOS/Source/croutine.o
LOAD ./Middlewares/Third_Party/FreeRTOS/Source/event_groups.o
LOAD ./Middlewares/Third_Party/FreeRTOS/Source/list.o
LOAD ./Middlewares/Third_Party/FreeRTOS/Source/queue.o
LOAD ./Middlewares/Third_Party/FreeRTOS/Source/stream_buffer.o
LOAD ./Middlewares/Third_Party/FreeRTOS/Source/tasks.o
LOAD ./Middlewares/Third_Party/FreeRTOS/Source/timers.o
LOAD ./Middlewares/Third_Party/FreeRTOS/Source/portable/GCC/ARM_CM4F/port.o
LOAD ./Middlewares/Third_Party/FreeRTOS/Source/portable/MemMang/heap_4.o
LOAD C:\Users\olgas\projects\chery\ISNT_AVT04_Tester_v.5.9.5_git\Cherry_Project FreeRTOS\Drivers\CMSIS\DSP\Lib\GCC\libarm_cortexM4lf_math.a
START GROUP
LOAD c:/st/stm32cubeide_1.7.0/stm32cubeide/plugins/com.st.stm32cube.ide.mcu.externaltools.gnu-tools-for-stm32.9-2020-q2-update.win32_2.0.0.202105311346/tools/bin/../lib/gcc/arm-none-eabi/9.3.1/../../../../arm-none-eabi/lib/thumb/v7e-m+fp/hard\libc_nano.a
LOAD c:/st/stm32cubeide_1.7.0/stm32cubeide/plugins/com.st.stm32cube.ide.mcu.externaltools.gnu-tools-for-stm32.9-2020-q2-update.win32_2.0.0.202105311346/tools/bin/../lib/gcc/arm-none-eabi/9.3.1/../../../../arm-none-eabi/lib/thumb/v7e-m+fp/hard\libm.a
END GROUP
START GROUP
LOAD c:/st/stm32cubeide_1.7.0/stm32cubeide/plugins/com.st.stm32cube.ide.mcu.externaltools.gnu-tools-for-stm32.9-2020-q2-update.win32_2.0.0.202105311346/tools/bin/../lib/gcc/arm-none-eabi/9.3.1/thumb/v7e-m+fp/hard\libgcc.a
LOAD c:/st/stm32cubeide_1.7.0/stm32cubeide/plugins/com.st.stm32cube.ide.mcu.externaltools.gnu-tools-for-stm32.9-2020-q2-update.win32_2.0.0.202105311346/tools/bin/../lib/gcc/arm-none-eabi/9.3.1/../../../../arm-none-eabi/lib/thumb/v7e-m+fp/hard\libc_nano.a
END GROUP
START GROUP
LOAD c:/st/stm32cubeide_1.7.0/stm32cubeide/plugins/com.st.stm32cube.ide.mcu.externaltools.gnu-tools-for-stm32.9-2020-q2-update.win32_2.0.0.202105311346/tools/bin/../lib/gcc/arm-none-eabi/9.3.1/thumb/v7e-m+fp/hard\libgcc.a
LOAD c:/st/stm32cubeide_1.7.0/stm32cubeide/plugins/com.st.stm32cube.ide.mcu.externaltools.gnu-tools-for-stm32.9-2020-q2-update.win32_2.0.0.202105311346/tools/bin/../lib/gcc/arm-none-eabi/9.3.1/../../../../arm-none-eabi/lib/thumb/v7e-m+fp/hard\libc_nano.a
LOAD c:/st/stm32cubeide_1.7.0/stm32cubeide/plugins/com.st.stm32cube.ide.mcu.externaltools.gnu-tools-for-stm32.9-2020-q2-update.win32_2.0.0.202105311346/tools/bin/../lib/gcc/arm-none-eabi/9.3.1/../../../../arm-none-eabi/lib/thumb/v7e-m+fp/hard\libnosys.a
END GROUP
START GROUP
LOAD c:/st/stm32cubeide_1.7.0/stm32cubeide/plugins/com.st.stm32cube.ide.mcu.externaltools.gnu-tools-for-stm32.9-2020-q2-update.win32_2.0.0.202105311346/tools/bin/../lib/gcc/arm-none-eabi/9.3.1/thumb/v7e-m+fp/hard\libgcc.a
LOAD c:/st/stm32cubeide_1.7.0/stm32cubeide/plugins/com.st.stm32cube.ide.mcu.externaltools.gnu-tools-for-stm32.9-2020-q2-update.win32_2.0.0.202105311346/tools/bin/../lib/gcc/arm-none-eabi/9.3.1/../../../../arm-none-eabi/lib/thumb/v7e-m+fp/hard\libc_nano.a
LOAD c:/st/stm32cubeide_1.7.0/stm32cubeide/plugins/com.st.stm32cube.ide.mcu.externaltools.gnu-tools-for-stm32.9-2020-q2-update.win32_2.0.0.202105311346/tools/bin/../lib/gcc/arm-none-eabi/9.3.1/../../../../arm-none-eabi/lib/thumb/v7e-m+fp/hard\libnosys.a
END GROUP
LOAD c:/st/stm32cubeide_1.7.0/stm32cubeide/plugins/com.st.stm32cube.ide.mcu.externaltools.gnu-tools-for-stm32.9-2020-q2-update.win32_2.0.0.202105311346/tools/bin/../lib/gcc/arm-none-eabi/9.3.1/thumb/v7e-m+fp/hard/crtend.o
LOAD c:/st/stm32cubeide_1.7.0/stm32cubeide/plugins/com.st.stm32cube.ide.mcu.externaltools.gnu-tools-for-stm32.9-2020-q2-update.win32_2.0.0.202105311346/tools/bin/../lib/gcc/arm-none-eabi/9.3.1/thumb/v7e-m+fp/hard/crtn.o
                0x0000000020030000                _estack = (ORIGIN (RAM) + LENGTH (RAM))
                0x0000000000000200                _Min_Heap_Size = 0x200
                0x0000000000000600                _Min_Stack_Size = 0x600

.isr_vector     0x0000000008000000      0x1ac
                0x0000000008000000                . = ALIGN (0x4)
 *(.isr_vector)
 .isr_vector    0x0000000008000000      0x1ac ./Core/Startup/startup_stm32f429zitx.o
                0x0000000008000000                g_pfnVectors
                0x00000000080001ac                . = ALIGN (0x4)

.text           0x00000000080001b0     0xb1cc
                0x00000000080001b0                . = ALIGN (0x4)
 *(.text)
 .text          0x00000000080001b0       0x40 c:/st/stm32cubeide_1.7.0/stm32cubeide/plugins/com.st.stm32cube.ide.mcu.externaltools.gnu-tools-for-stm32.9-2020-q2-update.win32_2.0.0.202105311346/tools/bin/../lib/gcc/arm-none-eabi/9.3.1/thumb/v7e-m+fp/hard/crtbegin.o
 .text          0x00000000080001f0       0xc0 C:\Users\olgas\projects\chery\ISNT_AVT04_Tester_v.5.9.5_git\Cherry_Project FreeRTOS\Drivers\CMSIS\DSP\Lib\GCC\libarm_cortexM4lf_math.a(arm_bitreversal2.o)
                0x00000000080001f0                arm_bitreversal_32
                0x000000000800025a                arm_bitreversal_16
 .text          0x00000000080002b0       0x30 c:/st/stm32cubeide_1.7.0/stm32cubeide/plugins/com.st.stm32cube.ide.mcu.externaltools.gnu-tools-for-stm32.9-2020-q2-update.win32_2.0.0.202105311346/tools/bin/../lib/gcc/arm-none-eabi/9.3.1/thumb/v7e-m+fp/hard\libgcc.a(_aeabi_uldivmod.o)
                0x00000000080002b0                __aeabi_uldivmod
 .text          0x00000000080002e0      0x2c4 c:/st/stm32cubeide_1.7.0/stm32cubeide/plugins/com.st.stm32cube.ide.mcu.externaltools.gnu-tools-for-stm32.9-2020-q2-update.win32_2.0.0.202105311346/tools/bin/../lib/gcc/arm-none-eabi/9.3.1/thumb/v7e-m+fp/hard\libgcc.a(_udivmoddi4.o)
                0x00000000080002e0                __udivmoddi4
 .text          0x00000000080005a4        0x4 c:/st/stm32cubeide_1.7.0/stm32cubeide/plugins/com.st.stm32cube.ide.mcu.externaltools.gnu-tools-for-stm32.9-2020-q2-update.win32_2.0.0.202105311346/tools/bin/../lib/gcc/arm-none-eabi/9.3.1/thumb/v7e-m+fp/hard\libgcc.a(_dvmd_tls.o)
                0x00000000080005a4                __aeabi_idiv0
                0x00000000080005a4                __aeabi_ldiv0
 *(.text*)
 .text.audio_fft
                0x00000000080005a8      0x1c4 ./Core/Src/Adc_audio_fft.o
                0x00000000080005a8                audio_fft
 .text.InOutADC_Data_Fast
                0x000000000800076c       0x98 ./Core/Src/Adc_audio_fft.o
                0x000000000800076c                InOutADC_Data_Fast
 .text.Can_Task
                0x0000000008000804      0x598 ./Core/Src/Can_task.o
                0x0000000008000804                Can_Task
 .text.ConsoleWrite
                0x0000000008000d9c       0x60 ./Core/Src/Can_task.o
                0x0000000008000d9c                ConsoleWrite
 .text.IVI_Send_Frame
                0x0000000008000dfc       0x4c ./Core/Src/Can_task.o
                0x0000000008000dfc                IVI_Send_Frame
 .text.CAN_UDS_Diagnostic_Req_Send
                0x0000000008000e48      0x298 ./Core/Src/Can_task.o
                0x0000000008000e48                CAN_UDS_Diagnostic_Req_Send
 .text.Get_SN   0x00000000080010e0       0x74 ./Core/Src/Can_task.o
                0x00000000080010e0                Get_SN
 .text.Autorization_test
                0x0000000008001154       0x68 ./Core/Src/Can_task.o
                0x0000000008001154                Autorization_test
 .text.GPIO_IO_check
                0x00000000080011bc      0x6ac ./Core/Src/Can_task.o
                0x00000000080011bc                GPIO_IO_check
 .text.CAN_UDS_Diagnostic_IO_test
                0x0000000008001868       0xbc ./Core/Src/Can_task.o
                0x0000000008001868                CAN_UDS_Diagnostic_IO_test
 .text.CAN_UDS_Set_IO_test
                0x0000000008001924       0x98 ./Core/Src/Can_task.o
                0x0000000008001924                CAN_UDS_Set_IO_test
 .text.CAN_UDS_Diagnostic_Response_Wait
                0x00000000080019bc       0xc4 ./Core/Src/Can_task.o
                0x00000000080019bc                CAN_UDS_Diagnostic_Response_Wait
 .text.DefaultCFGx01
                0x0000000008001a80       0x6c ./Core/Src/Can_task.o
                0x0000000008001a80                DefaultCFGx01
 .text.get_uint32
                0x0000000008001aec       0xb6 ./Core/Src/Can_task.o
                0x0000000008001aec                get_uint32
 .text.Validate_Config
                0x0000000008001ba2       0x3e ./Core/Src/Can_task.o
                0x0000000008001ba2                Validate_Config
 .text.Test_Audio_Rec
                0x0000000008001be0       0x74 ./Core/Src/Can_task.o
                0x0000000008001be0                Test_Audio_Rec
 .text.Test_Audio_Play
                0x0000000008001c54       0x50 ./Core/Src/Can_task.o
                0x0000000008001c54                Test_Audio_Play
 .text.Check_AVT04_Test
                0x0000000008001ca4       0x34 ./Core/Src/Can_task.o
                0x0000000008001ca4                Check_AVT04_Test
 .text.HW_test  0x0000000008001cd8       0x60 ./Core/Src/Can_task.o
                0x0000000008001cd8                HW_test
 .text.Power_Monitor
                0x0000000008001d38       0xc0 ./Core/Src/Can_task.o
                0x0000000008001d38                Power_Monitor
 .text.Button_read
                0x0000000008001df8       0x24 ./Core/Src/Can_task.o
                0x0000000008001df8                Button_read
 .text.GSM_GPS_Get_Networks
                0x0000000008001e1c       0x9c ./Core/Src/Can_task.o
                0x0000000008001e1c                GSM_GPS_Get_Networks
 .text.AVT_cmd_Send
                0x0000000008001eb8      0x1b8 ./Core/Src/Can_task.o
                0x0000000008001eb8                AVT_cmd_Send
 .text.HAL_GPIO_EXTI_Callback
                0x0000000008002070       0x28 ./Core/Src/Can_task.o
                0x0000000008002070                HAL_GPIO_EXTI_Callback
 .text.check_wdt_timer
                0x0000000008002098       0x2c ./Core/Src/Can_task.o
                0x0000000008002098                check_wdt_timer
 .text.ustrlen  0x00000000080020c4       0x2e ./Core/Src/IVI_Can_Matrix.o
                0x00000000080020c4                ustrlen
 .text.SearchStr
                0x00000000080020f2      0x10e ./Core/Src/IVI_Can_Matrix.o
                0x00000000080020f2                SearchStr
 .text.Hex_Str  0x0000000008002200       0x44 ./Core/Src/IVI_Can_Matrix.o
                0x0000000008002200                Hex_Str
 .text.Print_Loading
                0x0000000008002244       0x5c ./Core/Src/IVI_Can_Matrix.o
                0x0000000008002244                Print_Loading
 .text.RS232_Task
                0x00000000080022a0      0x168 ./Core/Src/IVI_Can_Matrix.o
                0x00000000080022a0                RS232_Task
 .text.Play_Audio
                0x0000000008002408       0xc8 ./Core/Src/IVI_Can_Matrix.o
                0x0000000008002408                Play_Audio
 .text.InOutADC_Data
                0x00000000080024d0       0xa4 ./Core/Src/IVI_Can_Matrix.o
                0x00000000080024d0                InOutADC_Data
 .text.main     0x0000000008002574       0x84 ./Core/Src/main.o
                0x0000000008002574                main
 .text.SystemClock_Config
                0x00000000080025f8       0xd4 ./Core/Src/main.o
                0x00000000080025f8                SystemClock_Config
 .text.MX_DAC_Init
                0x00000000080026cc       0x54 ./Core/Src/main.o
                0x00000000080026cc                MX_DAC_Init
 .text.MX_CAN1_Init
                0x0000000008002720       0xa4 ./Core/Src/main.o
 .text.MX_USART3_UART_Init
                0x00000000080027c4       0x54 ./Core/Src/main.o
 .text.MX_GPIO_Init
                0x0000000008002818      0x1f0 ./Core/Src/main.o
 .text.HAL_TIM_PeriodElapsedCallback
                0x0000000008002a08       0x24 ./Core/Src/main.o
                0x0000000008002a08                HAL_TIM_PeriodElapsedCallback
 .text.Error_Handler
                0x0000000008002a2c        0xa ./Core/Src/main.o
                0x0000000008002a2c                Error_Handler
 *fill*         0x0000000008002a36        0x2 
 .text.HAL_MspInit
                0x0000000008002a38       0x58 ./Core/Src/stm32f4xx_hal_msp.o
                0x0000000008002a38                HAL_MspInit
 .text.HAL_CAN_MspInit
                0x0000000008002a90       0x90 ./Core/Src/stm32f4xx_hal_msp.o
                0x0000000008002a90                HAL_CAN_MspInit
 .text.HAL_UART_MspInit
                0x0000000008002b20       0xa0 ./Core/Src/stm32f4xx_hal_msp.o
                0x0000000008002b20                HAL_UART_MspInit
 .text.MX_ADC1_Init
                0x0000000008002bc0       0xa4 ./Core/Src/stm32f4xx_hal_msp.o
                0x0000000008002bc0                MX_ADC1_Init
 .text.MX_ADC2_Init
                0x0000000008002c64       0xa8 ./Core/Src/stm32f4xx_hal_msp.o
                0x0000000008002c64                MX_ADC2_Init
 .text.MX_ADC3_Init
                0x0000000008002d0c       0xb8 ./Core/Src/stm32f4xx_hal_msp.o
                0x0000000008002d0c                MX_ADC3_Init
 .text.HAL_ADC_MspInit
                0x0000000008002dc4      0x1bc ./Core/Src/stm32f4xx_hal_msp.o
                0x0000000008002dc4                HAL_ADC_MspInit
 .text.HAL_TIM_Base_MspInit
                0x0000000008002f80       0x34 ./Core/Src/stm32f4xx_hal_msp.o
                0x0000000008002f80                HAL_TIM_Base_MspInit
 .text.HAL_DAC_MspInit
                0x0000000008002fb4       0x98 ./Core/Src/stm32f4xx_hal_msp.o
                0x0000000008002fb4                HAL_DAC_MspInit
 .text.Init_Pins
                0x000000000800304c       0xf4 ./Core/Src/stm32f4xx_hal_msp.o
                0x000000000800304c                Init_Pins
 .text.HAL_InitTick
                0x0000000008003140       0xe8 ./Core/Src/stm32f4xx_hal_timebase_tim.o
                0x0000000008003140                HAL_InitTick
 .text.NMI_Handler
                0x0000000008003228        0x6 ./Core/Src/stm32f4xx_it.o
                0x0000000008003228                NMI_Handler
 .text.HardFault_Handler
                0x000000000800322e        0x6 ./Core/Src/stm32f4xx_it.o
                0x000000000800322e                HardFault_Handler
 .text.MemManage_Handler
                0x0000000008003234        0x6 ./Core/Src/stm32f4xx_it.o
                0x0000000008003234                MemManage_Handler
 .text.BusFault_Handler
                0x000000000800323a        0x6 ./Core/Src/stm32f4xx_it.o
                0x000000000800323a                BusFault_Handler
 .text.UsageFault_Handler
                0x0000000008003240        0x6 ./Core/Src/stm32f4xx_it.o
                0x0000000008003240                UsageFault_Handler
 .text.DebugMon_Handler
                0x0000000008003246        0xe ./Core/Src/stm32f4xx_it.o
                0x0000000008003246                DebugMon_Handler
 .text.TIM1_UP_TIM10_IRQHandler
                0x0000000008003254       0x14 ./Core/Src/stm32f4xx_it.o
                0x0000000008003254                TIM1_UP_TIM10_IRQHandler
 .text.TIM6_DAC_IRQHandler
                0x0000000008003268       0x14 ./Core/Src/stm32f4xx_it.o
                0x0000000008003268                TIM6_DAC_IRQHandler
 .text.USART3_IRQHandler
                0x000000000800327c       0x14 ./Core/Src/stm32f4xx_it.o
                0x000000000800327c                USART3_IRQHandler
 .text.EXTI15_10_IRQHandler
                0x0000000008003290       0x10 ./Core/Src/stm32f4xx_it.o
                0x0000000008003290                EXTI15_10_IRQHandler
 .text.SystemInit
                0x00000000080032a0       0x24 ./Core/Src/system_stm32f4xx.o
                0x00000000080032a0                SystemInit
 .text.CAN_UDS_Diagnostic_Positive_Response_Single_Data_Read_99_Group
                0x00000000080032c4      0x214 ./Core/Src/uds/extras.o
                0x00000000080032c4                CAN_UDS_Diagnostic_Positive_Response_Single_Data_Read_99_Group
 .text.CAN_UDS_Request_Parse
                0x00000000080034d8      0x2b0 ./Core/Src/uds/uds.o
                0x00000000080034d8                CAN_UDS_Request_Parse
 .text.CAN_UDS_Diagnostic_Send
                0x0000000008003788      0x198 ./Core/Src/uds/uds.o
                0x0000000008003788                CAN_UDS_Diagnostic_Send
 .text.IVI_Send_Diagnostic_Single_Response
                0x0000000008003920      0x100 ./Core/Src/uds/uds.o
                0x0000000008003920                IVI_Send_Diagnostic_Single_Response
 .text.Reset_Handler
                0x0000000008003a20       0x50 ./Core/Startup/startup_stm32f429zitx.o
                0x0000000008003a20                Reset_Handler
 .text.Default_Handler
                0x0000000008003a70        0x2 ./Core/Startup/startup_stm32f429zitx.o
                0x0000000008003a70                RTC_Alarm_IRQHandler
                0x0000000008003a70                HASH_RNG_IRQHandler
                0x0000000008003a70                EXTI2_IRQHandler
                0x0000000008003a70                TIM8_CC_IRQHandler
                0x0000000008003a70                UART8_IRQHandler
                0x0000000008003a70                SPI4_IRQHandler
                0x0000000008003a70                TIM1_CC_IRQHandler
                0x0000000008003a70                DMA2_Stream5_IRQHandler
                0x0000000008003a70                DMA1_Stream5_IRQHandler
                0x0000000008003a70                PVD_IRQHandler
                0x0000000008003a70                SDIO_IRQHandler
                0x0000000008003a70                TAMP_STAMP_IRQHandler
                0x0000000008003a70                CAN2_RX1_IRQHandler
                0x0000000008003a70                EXTI3_IRQHandler
                0x0000000008003a70                TIM8_TRG_COM_TIM14_IRQHandler
                0x0000000008003a70                TIM8_UP_TIM13_IRQHandler
                0x0000000008003a70                I2C3_ER_IRQHandler
                0x0000000008003a70                EXTI0_IRQHandler
                0x0000000008003a70                I2C2_EV_IRQHandler
                0x0000000008003a70                DMA1_Stream2_IRQHandler
                0x0000000008003a70                CAN1_RX0_IRQHandler
                0x0000000008003a70                FPU_IRQHandler
                0x0000000008003a70                OTG_HS_WKUP_IRQHandler
                0x0000000008003a70                LTDC_ER_IRQHandler
                0x0000000008003a70                CAN2_SCE_IRQHandler
                0x0000000008003a70                DMA2_Stream2_IRQHandler
                0x0000000008003a70                SPI1_IRQHandler
                0x0000000008003a70                TIM1_BRK_TIM9_IRQHandler
                0x0000000008003a70                DCMI_IRQHandler
                0x0000000008003a70                CAN2_RX0_IRQHandler
                0x0000000008003a70                DMA2_Stream3_IRQHandler
                0x0000000008003a70                USART6_IRQHandler
                0x0000000008003a70                CAN1_RX1_IRQHandler
                0x0000000008003a70                UART5_IRQHandler
                0x0000000008003a70                DMA2_Stream0_IRQHandler
                0x0000000008003a70                TIM4_IRQHandler
                0x0000000008003a70                I2C1_EV_IRQHandler
                0x0000000008003a70                DMA1_Stream6_IRQHandler
                0x0000000008003a70                DMA1_Stream1_IRQHandler
                0x0000000008003a70                UART4_IRQHandler
                0x0000000008003a70                TIM3_IRQHandler
                0x0000000008003a70                RCC_IRQHandler
                0x0000000008003a70                TIM8_BRK_TIM12_IRQHandler
                0x0000000008003a70                Default_Handler
                0x0000000008003a70                ADC_IRQHandler
                0x0000000008003a70                DMA1_Stream7_IRQHandler
                0x0000000008003a70                SPI5_IRQHandler
                0x0000000008003a70                TIM7_IRQHandler
                0x0000000008003a70                CAN2_TX_IRQHandler
                0x0000000008003a70                TIM5_IRQHandler
                0x0000000008003a70                DMA2_Stream7_IRQHandler
                0x0000000008003a70                I2C3_EV_IRQHandler
                0x0000000008003a70                EXTI9_5_IRQHandler
                0x0000000008003a70                RTC_WKUP_IRQHandler
                0x0000000008003a70                LTDC_IRQHandler
                0x0000000008003a70                ETH_WKUP_IRQHandler
                0x0000000008003a70                SPI2_IRQHandler
                0x0000000008003a70                OTG_HS_EP1_IN_IRQHandler
                0x0000000008003a70                DMA1_Stream0_IRQHandler
                0x0000000008003a70                CAN1_TX_IRQHandler
                0x0000000008003a70                EXTI4_IRQHandler
                0x0000000008003a70                ETH_IRQHandler
                0x0000000008003a70                OTG_HS_EP1_OUT_IRQHandler
                0x0000000008003a70                WWDG_IRQHandler
                0x0000000008003a70                SPI6_IRQHandler
                0x0000000008003a70                TIM2_IRQHandler
                0x0000000008003a70                OTG_FS_WKUP_IRQHandler
                0x0000000008003a70                TIM1_TRG_COM_TIM11_IRQHandler
                0x0000000008003a70                OTG_HS_IRQHandler
                0x0000000008003a70                DMA2D_IRQHandler
                0x0000000008003a70                EXTI1_IRQHandler
                0x0000000008003a70                UART7_IRQHandler
                0x0000000008003a70                USART2_IRQHandler
                0x0000000008003a70                I2C2_ER_IRQHandler
                0x0000000008003a70                DMA2_Stream1_IRQHandler
                0x0000000008003a70                CAN1_SCE_IRQHandler
                0x0000000008003a70                FLASH_IRQHandler
                0x0000000008003a70                DMA2_Stream4_IRQHandler
                0x0000000008003a70                USART1_IRQHandler
                0x0000000008003a70                OTG_FS_IRQHandler
                0x0000000008003a70                SPI3_IRQHandler
                0x0000000008003a70                DMA1_Stream4_IRQHandler
                0x0000000008003a70                I2C1_ER_IRQHandler
                0x0000000008003a70                FMC_IRQHandler
                0x0000000008003a70                DMA2_Stream6_IRQHandler
                0x0000000008003a70                SAI1_IRQHandler
                0x0000000008003a70                DMA1_Stream3_IRQHandler
 *fill*         0x0000000008003a72        0x2 
 .text.HAL_Init
                0x0000000008003a74       0x44 ./Drivers/STM32F4xx_HAL_Driver/Src/stm32f4xx_hal.o
                0x0000000008003a74                HAL_Init
 .text.HAL_IncTick
                0x0000000008003ab8       0x28 ./Drivers/STM32F4xx_HAL_Driver/Src/stm32f4xx_hal.o
                0x0000000008003ab8                HAL_IncTick
 .text.HAL_GetTick
                0x0000000008003ae0       0x18 ./Drivers/STM32F4xx_HAL_Driver/Src/stm32f4xx_hal.o
                0x0000000008003ae0                HAL_GetTick
 .text.HAL_Delay
                0x0000000008003af8       0x48 ./Drivers/STM32F4xx_HAL_Driver/Src/stm32f4xx_hal.o
                0x0000000008003af8                HAL_Delay
 .text.HAL_ADC_Init
                0x0000000008003b40       0x86 ./Drivers/STM32F4xx_HAL_Driver/Src/stm32f4xx_hal_adc.o
                0x0000000008003b40                HAL_ADC_Init
 *fill*         0x0000000008003bc6        0x2 
 .text.HAL_ADC_Start
                0x0000000008003bc8      0x1a4 ./Drivers/STM32F4xx_HAL_Driver/Src/stm32f4xx_hal_adc.o
                0x0000000008003bc8                HAL_ADC_Start
 .text.HAL_ADC_Stop
                0x0000000008003d6c       0x66 ./Drivers/STM32F4xx_HAL_Driver/Src/stm32f4xx_hal_adc.o
                0x0000000008003d6c                HAL_ADC_Stop
 .text.HAL_ADC_PollForConversion
                0x0000000008003dd2      0x116 ./Drivers/STM32F4xx_HAL_Driver/Src/stm32f4xx_hal_adc.o
                0x0000000008003dd2                HAL_ADC_PollForConversion
 .text.HAL_ADC_GetValue
                0x0000000008003ee8       0x1a ./Drivers/STM32F4xx_HAL_Driver/Src/stm32f4xx_hal_adc.o
                0x0000000008003ee8                HAL_ADC_GetValue
 *fill*         0x0000000008003f02        0x2 
 .text.HAL_ADC_ConfigChannel
                0x0000000008003f04      0x264 ./Drivers/STM32F4xx_HAL_Driver/Src/stm32f4xx_hal_adc.o
                0x0000000008003f04                HAL_ADC_ConfigChannel
 .text.ADC_Init
                0x0000000008004168      0x1f8 ./Drivers/STM32F4xx_HAL_Driver/Src/stm32f4xx_hal_adc.o
 .text.HAL_CAN_Init
                0x0000000008004360      0x1f6 ./Drivers/STM32F4xx_HAL_Driver/Src/stm32f4xx_hal_can.o
                0x0000000008004360                HAL_CAN_Init
 *fill*         0x0000000008004556        0x2 
 .text.HAL_CAN_ConfigFilter
                0x0000000008004558      0x1c0 ./Drivers/STM32F4xx_HAL_Driver/Src/stm32f4xx_hal_can.o
                0x0000000008004558                HAL_CAN_ConfigFilter
 .text.HAL_CAN_Start
                0x0000000008004718       0x88 ./Drivers/STM32F4xx_HAL_Driver/Src/stm32f4xx_hal_can.o
                0x0000000008004718                HAL_CAN_Start
 .text.HAL_CAN_AddTxMessage
                0x00000000080047a0      0x1b6 ./Drivers/STM32F4xx_HAL_Driver/Src/stm32f4xx_hal_can.o
                0x00000000080047a0                HAL_CAN_AddTxMessage
 .text.HAL_CAN_GetTxMailboxesFreeLevel
                0x0000000008004956       0x6a ./Drivers/STM32F4xx_HAL_Driver/Src/stm32f4xx_hal_can.o
                0x0000000008004956                HAL_CAN_GetTxMailboxesFreeLevel
 .text.HAL_CAN_GetRxMessage
                0x00000000080049c0      0x224 ./Drivers/STM32F4xx_HAL_Driver/Src/stm32f4xx_hal_can.o
                0x00000000080049c0                HAL_CAN_GetRxMessage
 .text.__NVIC_SetPriorityGrouping
                0x0000000008004be4       0x48 ./Drivers/STM32F4xx_HAL_Driver/Src/stm32f4xx_hal_cortex.o
 .text.__NVIC_GetPriorityGrouping
                0x0000000008004c2c       0x1c ./Drivers/STM32F4xx_HAL_Driver/Src/stm32f4xx_hal_cortex.o
 .text.__NVIC_EnableIRQ
                0x0000000008004c48       0x3c ./Drivers/STM32F4xx_HAL_Driver/Src/stm32f4xx_hal_cortex.o
 .text.__NVIC_SetPriority
                0x0000000008004c84       0x54 ./Drivers/STM32F4xx_HAL_Driver/Src/stm32f4xx_hal_cortex.o
 .text.NVIC_EncodePriority
                0x0000000008004cd8       0x66 ./Drivers/STM32F4xx_HAL_Driver/Src/stm32f4xx_hal_cortex.o
 .text.HAL_NVIC_SetPriorityGrouping
                0x0000000008004d3e       0x16 ./Drivers/STM32F4xx_HAL_Driver/Src/stm32f4xx_hal_cortex.o
                0x0000000008004d3e                HAL_NVIC_SetPriorityGrouping
 .text.HAL_NVIC_SetPriority
                0x0000000008004d54       0x38 ./Drivers/STM32F4xx_HAL_Driver/Src/stm32f4xx_hal_cortex.o
                0x0000000008004d54                HAL_NVIC_SetPriority
 .text.HAL_NVIC_EnableIRQ
                0x0000000008004d8c       0x1c ./Drivers/STM32F4xx_HAL_Driver/Src/stm32f4xx_hal_cortex.o
                0x0000000008004d8c                HAL_NVIC_EnableIRQ
 .text.HAL_DAC_Init
                0x0000000008004da8       0x44 ./Drivers/STM32F4xx_HAL_Driver/Src/stm32f4xx_hal_dac.o
                0x0000000008004da8                HAL_DAC_Init
 .text.HAL_DAC_Start
                0x0000000008004dec       0xa4 ./Drivers/STM32F4xx_HAL_Driver/Src/stm32f4xx_hal_dac.o
                0x0000000008004dec                HAL_DAC_Start
 .text.HAL_DAC_Stop
                0x0000000008004e90       0x3a ./Drivers/STM32F4xx_HAL_Driver/Src/stm32f4xx_hal_dac.o
                0x0000000008004e90                HAL_DAC_Stop
 .text.HAL_DAC_IRQHandler
                0x0000000008004eca       0xb4 ./Drivers/STM32F4xx_HAL_Driver/Src/stm32f4xx_hal_dac.o
                0x0000000008004eca                HAL_DAC_IRQHandler
 .text.HAL_DAC_SetValue
                0x0000000008004f7e       0x4a ./Drivers/STM32F4xx_HAL_Driver/Src/stm32f4xx_hal_dac.o
                0x0000000008004f7e                HAL_DAC_SetValue
 .text.HAL_DAC_DMAUnderrunCallbackCh1
                0x0000000008004fc8       0x14 ./Drivers/STM32F4xx_HAL_Driver/Src/stm32f4xx_hal_dac.o
                0x0000000008004fc8                HAL_DAC_DMAUnderrunCallbackCh1
 .text.HAL_DAC_ConfigChannel
                0x0000000008004fdc       0x9e ./Drivers/STM32F4xx_HAL_Driver/Src/stm32f4xx_hal_dac.o
                0x0000000008004fdc                HAL_DAC_ConfigChannel
 .text.HAL_DACEx_DMAUnderrunCallbackCh2
                0x000000000800507a       0x14 ./Drivers/STM32F4xx_HAL_Driver/Src/stm32f4xx_hal_dac_ex.o
                0x000000000800507a                HAL_DACEx_DMAUnderrunCallbackCh2
 .text.HAL_DMA_Abort
                0x000000000800508e       0xe0 ./Drivers/STM32F4xx_HAL_Driver/Src/stm32f4xx_hal_dma.o
                0x000000000800508e                HAL_DMA_Abort
 .text.HAL_DMA_Abort_IT
                0x000000000800516e       0x44 ./Drivers/STM32F4xx_HAL_Driver/Src/stm32f4xx_hal_dma.o
                0x000000000800516e                HAL_DMA_Abort_IT
 *fill*         0x00000000080051b2        0x2 
 .text.HAL_GPIO_Init
                0x00000000080051b4      0x358 ./Drivers/STM32F4xx_HAL_Driver/Src/stm32f4xx_hal_gpio.o
                0x00000000080051b4                HAL_GPIO_Init
 .text.HAL_GPIO_ReadPin
                0x000000000800550c       0x30 ./Drivers/STM32F4xx_HAL_Driver/Src/stm32f4xx_hal_gpio.o
                0x000000000800550c                HAL_GPIO_ReadPin
 .text.HAL_GPIO_WritePin
                0x000000000800553c       0x32 ./Drivers/STM32F4xx_HAL_Driver/Src/stm32f4xx_hal_gpio.o
                0x000000000800553c                HAL_GPIO_WritePin
 *fill*         0x000000000800556e        0x2 
 .text.HAL_GPIO_EXTI_IRQHandler
                0x0000000008005570       0x30 ./Drivers/STM32F4xx_HAL_Driver/Src/stm32f4xx_hal_gpio.o
                0x0000000008005570                HAL_GPIO_EXTI_IRQHandler
 .text.HAL_RCC_OscConfig
                0x00000000080055a0      0x4f0 ./Drivers/STM32F4xx_HAL_Driver/Src/stm32f4xx_hal_rcc.o
                0x00000000080055a0                HAL_RCC_OscConfig
 .text.HAL_RCC_ClockConfig
                0x0000000008005a90      0x1cc ./Drivers/STM32F4xx_HAL_Driver/Src/stm32f4xx_hal_rcc.o
                0x0000000008005a90                HAL_RCC_ClockConfig
 .text.HAL_RCC_GetSysClockFreq
                0x0000000008005c5c      0x1c4 ./Drivers/STM32F4xx_HAL_Driver/Src/stm32f4xx_hal_rcc.o
                0x0000000008005c5c                HAL_RCC_GetSysClockFreq
 .text.HAL_RCC_GetHCLKFreq
                0x0000000008005e20       0x18 ./Drivers/STM32F4xx_HAL_Driver/Src/stm32f4xx_hal_rcc.o
                0x0000000008005e20                HAL_RCC_GetHCLKFreq
 .text.HAL_RCC_GetPCLK1Freq
                0x0000000008005e38       0x28 ./Drivers/STM32F4xx_HAL_Driver/Src/stm32f4xx_hal_rcc.o
                0x0000000008005e38                HAL_RCC_GetPCLK1Freq
 .text.HAL_RCC_GetPCLK2Freq
                0x0000000008005e60       0x28 ./Drivers/STM32F4xx_HAL_Driver/Src/stm32f4xx_hal_rcc.o
                0x0000000008005e60                HAL_RCC_GetPCLK2Freq
 .text.HAL_RCC_GetClockConfig
                0x0000000008005e88       0x64 ./Drivers/STM32F4xx_HAL_Driver/Src/stm32f4xx_hal_rcc.o
                0x0000000008005e88                HAL_RCC_GetClockConfig
 .text.HAL_TIM_Base_Init
                0x0000000008005eec       0x9e ./Drivers/STM32F4xx_HAL_Driver/Src/stm32f4xx_hal_tim.o
                0x0000000008005eec                HAL_TIM_Base_Init
 *fill*         0x0000000008005f8a        0x2 
 .text.HAL_TIM_Base_Start_IT
                0x0000000008005f8c       0xe0 ./Drivers/STM32F4xx_HAL_Driver/Src/stm32f4xx_hal_tim.o
                0x0000000008005f8c                HAL_TIM_Base_Start_IT
 .text.HAL_TIM_IRQHandler
                0x000000000800606c      0x210 ./Drivers/STM32F4xx_HAL_Driver/Src/stm32f4xx_hal_tim.o
                0x000000000800606c                HAL_TIM_IRQHandler
 .text.HAL_TIM_OC_DelayElapsedCallback
                0x000000000800627c       0x14 ./Drivers/STM32F4xx_HAL_Driver/Src/stm32f4xx_hal_tim.o
                0x000000000800627c                HAL_TIM_OC_DelayElapsedCallback
 .text.HAL_TIM_IC_CaptureCallback
                0x0000000008006290       0x14 ./Drivers/STM32F4xx_HAL_Driver/Src/stm32f4xx_hal_tim.o
                0x0000000008006290                HAL_TIM_IC_CaptureCallback
 .text.HAL_TIM_PWM_PulseFinishedCallback
                0x00000000080062a4       0x14 ./Drivers/STM32F4xx_HAL_Driver/Src/stm32f4xx_hal_tim.o
                0x00000000080062a4                HAL_TIM_PWM_PulseFinishedCallback
 .text.HAL_TIM_TriggerCallback
                0x00000000080062b8       0x14 ./Drivers/STM32F4xx_HAL_Driver/Src/stm32f4xx_hal_tim.o
                0x00000000080062b8                HAL_TIM_TriggerCallback
 .text.TIM_Base_SetConfig
                0x00000000080062cc      0x140 ./Drivers/STM32F4xx_HAL_Driver/Src/stm32f4xx_hal_tim.o
                0x00000000080062cc                TIM_Base_SetConfig
 .text.HAL_TIMEx_CommutCallback
                0x000000000800640c       0x14 ./Drivers/STM32F4xx_HAL_Driver/Src/stm32f4xx_hal_tim_ex.o
                0x000000000800640c                HAL_TIMEx_CommutCallback
 .text.HAL_TIMEx_BreakCallback
                0x0000000008006420       0x14 ./Drivers/STM32F4xx_HAL_Driver/Src/stm32f4xx_hal_tim_ex.o
                0x0000000008006420                HAL_TIMEx_BreakCallback
 .text.HAL_UART_Init
                0x0000000008006434       0x9a ./Drivers/STM32F4xx_HAL_Driver/Src/stm32f4xx_hal_uart.o
                0x0000000008006434                HAL_UART_Init
 .text.HAL_UART_Transmit
                0x00000000080064ce      0x124 ./Drivers/STM32F4xx_HAL_Driver/Src/stm32f4xx_hal_uart.o
                0x00000000080064ce                HAL_UART_Transmit
 .text.HAL_UART_Receive
                0x00000000080065f2      0x144 ./Drivers/STM32F4xx_HAL_Driver/Src/stm32f4xx_hal_uart.o
                0x00000000080065f2                HAL_UART_Receive
 .text.HAL_UART_Receive_IT
                0x0000000008006736       0x60 ./Drivers/STM32F4xx_HAL_Driver/Src/stm32f4xx_hal_uart.o
                0x0000000008006736                HAL_UART_Receive_IT
 *fill*         0x0000000008006796        0x2 
 .text.HAL_UART_IRQHandler
                0x0000000008006798      0x51c ./Drivers/STM32F4xx_HAL_Driver/Src/stm32f4xx_hal_uart.o
                0x0000000008006798                HAL_UART_IRQHandler
 .text.HAL_UART_TxCpltCallback
                0x0000000008006cb4       0x14 ./Drivers/STM32F4xx_HAL_Driver/Src/stm32f4xx_hal_uart.o
                0x0000000008006cb4                HAL_UART_TxCpltCallback
 .text.HAL_UART_RxCpltCallback
                0x0000000008006cc8       0x14 ./Drivers/STM32F4xx_HAL_Driver/Src/stm32f4xx_hal_uart.o
                0x0000000008006cc8                HAL_UART_RxCpltCallback
 .text.HAL_UART_ErrorCallback
                0x0000000008006cdc       0x14 ./Drivers/STM32F4xx_HAL_Driver/Src/stm32f4xx_hal_uart.o
                0x0000000008006cdc                HAL_UART_ErrorCallback
 .text.HAL_UARTEx_RxEventCallback
                0x0000000008006cf0       0x18 ./Drivers/STM32F4xx_HAL_Driver/Src/stm32f4xx_hal_uart.o
                0x0000000008006cf0                HAL_UARTEx_RxEventCallback
 .text.UART_WaitOnFlagUntilTimeout
                0x0000000008006d08       0xdc ./Drivers/STM32F4xx_HAL_Driver/Src/stm32f4xx_hal_uart.o
 .text.UART_Start_Receive_IT
                0x0000000008006de4       0x7c ./Drivers/STM32F4xx_HAL_Driver/Src/stm32f4xx_hal_uart.o
                0x0000000008006de4                UART_Start_Receive_IT
 .text.UART_EndRxTransfer
                0x0000000008006e60       0xc6 ./Drivers/STM32F4xx_HAL_Driver/Src/stm32f4xx_hal_uart.o
 .text.UART_DMAAbortOnError
                0x0000000008006f26       0x28 ./Drivers/STM32F4xx_HAL_Driver/Src/stm32f4xx_hal_uart.o
 .text.UART_Transmit_IT
                0x0000000008006f4e       0xa0 ./Drivers/STM32F4xx_HAL_Driver/Src/stm32f4xx_hal_uart.o
 .text.UART_EndTransmit_IT
                0x0000000008006fee       0x30 ./Drivers/STM32F4xx_HAL_Driver/Src/stm32f4xx_hal_uart.o
 .text.UART_Receive_IT
                0x000000000800701e      0x176 ./Drivers/STM32F4xx_HAL_Driver/Src/stm32f4xx_hal_uart.o
 .text.UART_SetConfig
                0x0000000008007194      0x390 ./Drivers/STM32F4xx_HAL_Driver/Src/stm32f4xx_hal_uart.o
 .text.__NVIC_SetPriority
                0x0000000008007524       0x54 ./Middlewares/Third_Party/FreeRTOS/Source/CMSIS_RTOS_V2/cmsis_os2.o
 .text.SysTick_Handler
                0x0000000008007578       0x20 ./Middlewares/Third_Party/FreeRTOS/Source/CMSIS_RTOS_V2/cmsis_os2.o
                0x0000000008007578                SysTick_Handler
 .text.SVC_Setup
                0x0000000008007598       0x12 ./Middlewares/Third_Party/FreeRTOS/Source/CMSIS_RTOS_V2/cmsis_os2.o
 *fill*         0x00000000080075aa        0x2 
 .text.osKernelInitialize
                0x00000000080075ac       0x48 ./Middlewares/Third_Party/FreeRTOS/Source/CMSIS_RTOS_V2/cmsis_os2.o
                0x00000000080075ac                osKernelInitialize
 .text.osKernelStart
                0x00000000080075f4       0x4c ./Middlewares/Third_Party/FreeRTOS/Source/CMSIS_RTOS_V2/cmsis_os2.o
                0x00000000080075f4                osKernelStart
 .text.osThreadNew
                0x0000000008007640      0x124 ./Middlewares/Third_Party/FreeRTOS/Source/CMSIS_RTOS_V2/cmsis_os2.o
                0x0000000008007640                osThreadNew
 .text.vApplicationGetIdleTaskMemory
                0x0000000008007764       0x34 ./Middlewares/Third_Party/FreeRTOS/Source/CMSIS_RTOS_V2/cmsis_os2.o
                0x0000000008007764                vApplicationGetIdleTaskMemory
 .text.vApplicationGetTimerTaskMemory
                0x0000000008007798       0x34 ./Middlewares/Third_Party/FreeRTOS/Source/CMSIS_RTOS_V2/cmsis_os2.o
                0x0000000008007798                vApplicationGetTimerTaskMemory
 .text.vListInitialise
                0x00000000080077cc       0x40 ./Middlewares/Third_Party/FreeRTOS/Source/list.o
                0x00000000080077cc                vListInitialise
 .text.vListInitialiseItem
                0x000000000800780c       0x1a ./Middlewares/Third_Party/FreeRTOS/Source/list.o
                0x000000000800780c                vListInitialiseItem
 .text.vListInsertEnd
                0x0000000008007826       0x48 ./Middlewares/Third_Party/FreeRTOS/Source/list.o
                0x0000000008007826                vListInsertEnd
 .text.vListInsert
                0x000000000800786e       0x72 ./Middlewares/Third_Party/FreeRTOS/Source/list.o
                0x000000000800786e                vListInsert
 .text.uxListRemove
                0x00000000080078e0       0x54 ./Middlewares/Third_Party/FreeRTOS/Source/list.o
                0x00000000080078e0                uxListRemove
 .text.xQueueGenericReset
                0x0000000008007934       0xd0 ./Middlewares/Third_Party/FreeRTOS/Source/queue.o
                0x0000000008007934                xQueueGenericReset
 .text.xQueueGenericCreateStatic
                0x0000000008007a04       0xf0 ./Middlewares/Third_Party/FreeRTOS/Source/queue.o
                0x0000000008007a04                xQueueGenericCreateStatic
 .text.xQueueGenericCreate
                0x0000000008007af4       0x74 ./Middlewares/Third_Party/FreeRTOS/Source/queue.o
                0x0000000008007af4                xQueueGenericCreate
 .text.prvInitialiseNewQueue
                0x0000000008007b68       0x46 ./Middlewares/Third_Party/FreeRTOS/Source/queue.o
 .text.prvInitialiseMutex
                0x0000000008007bae       0x34 ./Middlewares/Third_Party/FreeRTOS/Source/queue.o
 .text.xQueueCreateMutex
                0x0000000008007be2       0x30 ./Middlewares/Third_Party/FreeRTOS/Source/queue.o
                0x0000000008007be2                xQueueCreateMutex
 *fill*         0x0000000008007c12        0x2 
 .text.xQueueGenericSend
                0x0000000008007c14      0x1fc ./Middlewares/Third_Party/FreeRTOS/Source/queue.o
                0x0000000008007c14                xQueueGenericSend
 .text.xQueueGenericSendFromISR
                0x0000000008007e10      0x136 ./Middlewares/Third_Party/FreeRTOS/Source/queue.o
                0x0000000008007e10                xQueueGenericSendFromISR
 *fill*         0x0000000008007f46        0x2 
 .text.xQueueReceive
                0x0000000008007f48      0x1c0 ./Middlewares/Third_Party/FreeRTOS/Source/queue.o
                0x0000000008007f48                xQueueReceive
 .text.xQueueSemaphoreTake
                0x0000000008008108      0x218 ./Middlewares/Third_Party/FreeRTOS/Source/queue.o
                0x0000000008008108                xQueueSemaphoreTake
 .text.prvGetDisinheritPriorityAfterTimeout
                0x0000000008008320       0x30 ./Middlewares/Third_Party/FreeRTOS/Source/queue.o
 .text.prvCopyDataToQueue
                0x0000000008008350       0xd4 ./Middlewares/Third_Party/FreeRTOS/Source/queue.o
 .text.prvCopyDataFromQueue
                0x0000000008008424       0x4c ./Middlewares/Third_Party/FreeRTOS/Source/queue.o
 .text.prvUnlockQueue
                0x0000000008008470       0xa4 ./Middlewares/Third_Party/FreeRTOS/Source/queue.o
 .text.prvIsQueueEmpty
                0x0000000008008514       0x2c ./Middlewares/Third_Party/FreeRTOS/Source/queue.o
 .text.prvIsQueueFull
                0x0000000008008540       0x30 ./Middlewares/Third_Party/FreeRTOS/Source/queue.o
 .text.vQueueAddToRegistry
                0x0000000008008570       0x54 ./Middlewares/Third_Party/FreeRTOS/Source/queue.o
                0x0000000008008570                vQueueAddToRegistry
 .text.vQueueWaitForMessageRestricted
                0x00000000080085c4       0x68 ./Middlewares/Third_Party/FreeRTOS/Source/queue.o
                0x00000000080085c4                vQueueWaitForMessageRestricted
 .text.xTaskCreateStatic
                0x000000000800862c       0xba ./Middlewares/Third_Party/FreeRTOS/Source/tasks.o
                0x000000000800862c                xTaskCreateStatic
 .text.xTaskCreate
                0x00000000080086e6       0x8a ./Middlewares/Third_Party/FreeRTOS/Source/tasks.o
                0x00000000080086e6                xTaskCreate
 .text.prvInitialiseNewTask
                0x0000000008008770      0x14c ./Middlewares/Third_Party/FreeRTOS/Source/tasks.o
 .text.prvAddNewTaskToReadyList
                0x00000000080088bc       0xe0 ./Middlewares/Third_Party/FreeRTOS/Source/tasks.o
 .text.vTaskDelay
                0x000000000800899c       0x68 ./Middlewares/Third_Party/FreeRTOS/Source/tasks.o
                0x000000000800899c                vTaskDelay
 .text.vTaskStartScheduler
                0x0000000008008a04       0xe0 ./Middlewares/Third_Party/FreeRTOS/Source/tasks.o
                0x0000000008008a04                vTaskStartScheduler
 .text.vTaskSuspendAll
                0x0000000008008ae4       0x1c ./Middlewares/Third_Party/FreeRTOS/Source/tasks.o
                0x0000000008008ae4                vTaskSuspendAll
 .text.xTaskResumeAll
                0x0000000008008b00      0x13c ./Middlewares/Third_Party/FreeRTOS/Source/tasks.o
                0x0000000008008b00                xTaskResumeAll
 .text.xTaskGetTickCount
                0x0000000008008c3c       0x20 ./Middlewares/Third_Party/FreeRTOS/Source/tasks.o
                0x0000000008008c3c                xTaskGetTickCount
 .text.xTaskIncrementTick
                0x0000000008008c5c      0x174 ./Middlewares/Third_Party/FreeRTOS/Source/tasks.o
                0x0000000008008c5c                xTaskIncrementTick
 .text.vTaskSwitchContext
                0x0000000008008dd0       0xc8 ./Middlewares/Third_Party/FreeRTOS/Source/tasks.o
                0x0000000008008dd0                vTaskSwitchContext
 .text.vTaskPlaceOnEventList
                0x0000000008008e98       0x48 ./Middlewares/Third_Party/FreeRTOS/Source/tasks.o
                0x0000000008008e98                vTaskPlaceOnEventList
 .text.vTaskPlaceOnEventListRestricted
                0x0000000008008ee0       0x58 ./Middlewares/Third_Party/FreeRTOS/Source/tasks.o
                0x0000000008008ee0                vTaskPlaceOnEventListRestricted
 .text.xTaskRemoveFromEventList
                0x0000000008008f38       0xc8 ./Middlewares/Third_Party/FreeRTOS/Source/tasks.o
                0x0000000008008f38                xTaskRemoveFromEventList
 .text.vTaskInternalSetTimeOutState
                0x0000000008009000       0x2c ./Middlewares/Third_Party/FreeRTOS/Source/tasks.o
                0x0000000008009000                vTaskInternalSetTimeOutState
 .text.xTaskCheckForTimeOut
                0x000000000800902c       0xc4 ./Middlewares/Third_Party/FreeRTOS/Source/tasks.o
                0x000000000800902c                xTaskCheckForTimeOut
 .text.vTaskMissedYield
                0x00000000080090f0       0x18 ./Middlewares/Third_Party/FreeRTOS/Source/tasks.o
                0x00000000080090f0                vTaskMissedYield
 .text.prvIdleTask
                0x0000000008009108       0x30 ./Middlewares/Third_Party/FreeRTOS/Source/tasks.o
 .text.prvInitialiseTaskLists
                0x0000000008009138       0x80 ./Middlewares/Third_Party/FreeRTOS/Source/tasks.o
 .text.prvCheckTasksWaitingTermination
                0x00000000080091b8       0x5c ./Middlewares/Third_Party/FreeRTOS/Source/tasks.o
 .text.prvDeleteTCB
                0x0000000008009214       0x68 ./Middlewares/Third_Party/FreeRTOS/Source/tasks.o
 .text.prvResetNextTaskUnblockTime
                0x000000000800927c       0x40 ./Middlewares/Third_Party/FreeRTOS/Source/tasks.o
 .text.xTaskGetSchedulerState
                0x00000000080092bc       0x3c ./Middlewares/Third_Party/FreeRTOS/Source/tasks.o
                0x00000000080092bc                xTaskGetSchedulerState
 .text.xTaskPriorityInherit
                0x00000000080092f8       0xd0 ./Middlewares/Third_Party/FreeRTOS/Source/tasks.o
                0x00000000080092f8                xTaskPriorityInherit
 .text.xTaskPriorityDisinherit
                0x00000000080093c8       0xdc ./Middlewares/Third_Party/FreeRTOS/Source/tasks.o
                0x00000000080093c8                xTaskPriorityDisinherit
 .text.vTaskPriorityDisinheritAfterTimeout
                0x00000000080094a4      0x104 ./Middlewares/Third_Party/FreeRTOS/Source/tasks.o
                0x00000000080094a4                vTaskPriorityDisinheritAfterTimeout
 .text.pvTaskIncrementMutexHeldCount
                0x00000000080095a8       0x28 ./Middlewares/Third_Party/FreeRTOS/Source/tasks.o
                0x00000000080095a8                pvTaskIncrementMutexHeldCount
 .text.prvAddCurrentTaskToDelayedList
                0x00000000080095d0       0xa8 ./Middlewares/Third_Party/FreeRTOS/Source/tasks.o
 .text.xTimerCreateTimerTask
                0x0000000008009678       0x90 ./Middlewares/Third_Party/FreeRTOS/Source/timers.o
                0x0000000008009678                xTimerCreateTimerTask
 .text.xTimerGenericCommand
                0x0000000008009708       0x9c ./Middlewares/Third_Party/FreeRTOS/Source/timers.o
                0x0000000008009708                xTimerGenericCommand
 .text.prvProcessExpiredTimer
                0x00000000080097a4       0x98 ./Middlewares/Third_Party/FreeRTOS/Source/timers.o
 .text.prvTimerTask
                0x000000000800983c       0x24 ./Middlewares/Third_Party/FreeRTOS/Source/timers.o
 .text.prvProcessTimerOrBlockTask
                0x0000000008009860       0x9c ./Middlewares/Third_Party/FreeRTOS/Source/timers.o
 .text.prvGetNextExpireTime
                0x00000000080098fc       0x48 ./Middlewares/Third_Party/FreeRTOS/Source/timers.o
 .text.prvSampleTimeNow
                0x0000000008009944       0x40 ./Middlewares/Third_Party/FreeRTOS/Source/timers.o
 .text.prvInsertTimerInActiveList
                0x0000000008009984       0x84 ./Middlewares/Third_Party/FreeRTOS/Source/timers.o
 .text.prvProcessReceivedCommands
                0x0000000008009a08      0x1c4 ./Middlewares/Third_Party/FreeRTOS/Source/timers.o
 .text.prvSwitchTimerLists
                0x0000000008009bcc       0xc8 ./Middlewares/Third_Party/FreeRTOS/Source/timers.o
 .text.prvCheckForValidListAndQueue
                0x0000000008009c94       0x80 ./Middlewares/Third_Party/FreeRTOS/Source/timers.o
 .text.pxPortInitialiseStack
                0x0000000008009d14       0x68 ./Middlewares/Third_Party/FreeRTOS/Source/portable/GCC/ARM_CM4F/port.o
                0x0000000008009d14                pxPortInitialiseStack
 .text.prvTaskExitError
                0x0000000008009d7c       0x58 ./Middlewares/Third_Party/FreeRTOS/Source/portable/GCC/ARM_CM4F/port.o
 *fill*         0x0000000008009dd4        0xc 
 .text.SVC_Handler
                0x0000000008009de0       0x28 ./Middlewares/Third_Party/FreeRTOS/Source/portable/GCC/ARM_CM4F/port.o
                0x0000000008009de0                SVC_Handler
 .text.prvPortStartFirstTask
                0x0000000008009e08       0x28 ./Middlewares/Third_Party/FreeRTOS/Source/portable/GCC/ARM_CM4F/port.o
 .text.xPortStartScheduler
                0x0000000008009e30      0x144 ./Middlewares/Third_Party/FreeRTOS/Source/portable/GCC/ARM_CM4F/port.o
                0x0000000008009e30                xPortStartScheduler
 .text.vPortEnterCritical
                0x0000000008009f74       0x60 ./Middlewares/Third_Party/FreeRTOS/Source/portable/GCC/ARM_CM4F/port.o
                0x0000000008009f74                vPortEnterCritical
 .text.vPortExitCritical
                0x0000000008009fd4       0x54 ./Middlewares/Third_Party/FreeRTOS/Source/portable/GCC/ARM_CM4F/port.o
                0x0000000008009fd4                vPortExitCritical
 *fill*         0x000000000800a028        0x8 
 .text.PendSV_Handler
                0x000000000800a030       0x68 ./Middlewares/Third_Party/FreeRTOS/Source/portable/GCC/ARM_CM4F/port.o
                0x000000000800a030                PendSV_Handler
 .text.xPortSysTickHandler
                0x000000000800a098       0x44 ./Middlewares/Third_Party/FreeRTOS/Source/portable/GCC/ARM_CM4F/port.o
                0x000000000800a098                xPortSysTickHandler
 .text.vPortSetupTimerInterrupt
                0x000000000800a0dc       0x48 ./Middlewares/Third_Party/FreeRTOS/Source/portable/GCC/ARM_CM4F/port.o
                0x000000000800a0dc                vPortSetupTimerInterrupt
 .text.vPortEnableVFP
                0x000000000800a124       0x14 ./Middlewares/Third_Party/FreeRTOS/Source/portable/GCC/ARM_CM4F/port.o
 .text.vPortValidateInterruptPriority
                0x000000000800a138       0x80 ./Middlewares/Third_Party/FreeRTOS/Source/portable/GCC/ARM_CM4F/port.o
                0x000000000800a138                vPortValidateInterruptPriority
 .text.pvPortMalloc
                0x000000000800a1b8      0x198 ./Middlewares/Third_Party/FreeRTOS/Source/portable/MemMang/heap_4.o
                0x000000000800a1b8                pvPortMalloc
 .text.vPortFree
                0x000000000800a350       0xc4 ./Middlewares/Third_Party/FreeRTOS/Source/portable/MemMang/heap_4.o
                0x000000000800a350                vPortFree
 .text.prvHeapInit
                0x000000000800a414       0xc4 ./Middlewares/Third_Party/FreeRTOS/Source/portable/MemMang/heap_4.o
 .text.prvInsertBlockIntoFreeList
                0x000000000800a4d8       0xb4 ./Middlewares/Third_Party/FreeRTOS/Source/portable/MemMang/heap_4.o
 .text.arm_max_q15
                0x000000000800a58c       0xb4 C:\Users\olgas\projects\chery\ISNT_AVT04_Tester_v.5.9.5_git\Cherry_Project FreeRTOS\Drivers\CMSIS\DSP\Lib\GCC\libarm_cortexM4lf_math.a(arm_max_q15.o)
                0x000000000800a58c                arm_max_q15
 .text.arm_split_rfft_q15
                0x000000000800a640       0xb4 C:\Users\olgas\projects\chery\ISNT_AVT04_Tester_v.5.9.5_git\Cherry_Project FreeRTOS\Drivers\CMSIS\DSP\Lib\GCC\libarm_cortexM4lf_math.a(arm_rfft_q15.o)
                0x000000000800a640                arm_split_rfft_q15
 .text.arm_rfft_q15
                0x000000000800a6f4       0xb8 C:\Users\olgas\projects\chery\ISNT_AVT04_Tester_v.5.9.5_git\Cherry_Project FreeRTOS\Drivers\CMSIS\DSP\Lib\GCC\libarm_cortexM4lf_math.a(arm_rfft_q15.o)
                0x000000000800a6f4                arm_rfft_q15
 .text.arm_rfft_init_q15
                0x000000000800a7ac       0xfc C:\Users\olgas\projects\chery\ISNT_AVT04_Tester_v.5.9.5_git\Cherry_Project FreeRTOS\Drivers\CMSIS\DSP\Lib\GCC\libarm_cortexM4lf_math.a(arm_rfft_init_q15.o)
                0x000000000800a7ac                arm_rfft_init_q15
 .text.arm_cmplx_mag_q15
                0x000000000800a8a8       0xa4 C:\Users\olgas\projects\chery\ISNT_AVT04_Tester_v.5.9.5_git\Cherry_Project FreeRTOS\Drivers\CMSIS\DSP\Lib\GCC\libarm_cortexM4lf_math.a(arm_cmplx_mag_q15.o)
                0x000000000800a8a8                arm_cmplx_mag_q15
 .text.arm_sqrt_q15
                0x000000000800a94c       0xe0 C:\Users\olgas\projects\chery\ISNT_AVT04_Tester_v.5.9.5_git\Cherry_Project FreeRTOS\Drivers\CMSIS\DSP\Lib\GCC\libarm_cortexM4lf_math.a(arm_sqrt_q15.o)
                0x000000000800a94c                arm_sqrt_q15
 .text.arm_cfft_radix4by2_q15
                0x000000000800aa2c       0xc8 C:\Users\olgas\projects\chery\ISNT_AVT04_Tester_v.5.9.5_git\Cherry_Project FreeRTOS\Drivers\CMSIS\DSP\Lib\GCC\libarm_cortexM4lf_math.a(arm_cfft_q15.o)
                0x000000000800aa2c                arm_cfft_radix4by2_q15
 .text.arm_cfft_radix4by2_inverse_q15
                0x000000000800aaf4       0xc8 C:\Users\olgas\projects\chery\ISNT_AVT04_Tester_v.5.9.5_git\Cherry_Project FreeRTOS\Drivers\CMSIS\DSP\Lib\GCC\libarm_cortexM4lf_math.a(arm_cfft_q15.o)
                0x000000000800aaf4                arm_cfft_radix4by2_inverse_q15
 .text.arm_cfft_q15
                0x000000000800abbc       0xbc C:\Users\olgas\projects\chery\ISNT_AVT04_Tester_v.5.9.5_git\Cherry_Project FreeRTOS\Drivers\CMSIS\DSP\Lib\GCC\libarm_cortexM4lf_math.a(arm_cfft_q15.o)
                0x000000000800abbc                arm_cfft_q15
 .text.arm_radix4_butterfly_q15
                0x000000000800ac78      0x25c C:\Users\olgas\projects\chery\ISNT_AVT04_Tester_v.5.9.5_git\Cherry_Project FreeRTOS\Drivers\CMSIS\DSP\Lib\GCC\libarm_cortexM4lf_math.a(arm_cfft_radix4_q15.o)
                0x000000000800ac78                arm_radix4_butterfly_q15
 .text.arm_radix4_butterfly_inverse_q15
                0x000000000800aed4      0x25c C:\Users\olgas\projects\chery\ISNT_AVT04_Tester_v.5.9.5_git\Cherry_Project FreeRTOS\Drivers\CMSIS\DSP\Lib\GCC\libarm_cortexM4lf_math.a(arm_cfft_radix4_q15.o)
                0x000000000800aed4                arm_radix4_butterfly_inverse_q15
 .text.__libc_init_array
                0x000000000800b130       0x48 c:/st/stm32cubeide_1.7.0/stm32cubeide/plugins/com.st.stm32cube.ide.mcu.externaltools.gnu-tools-for-stm32.9-2020-q2-update.win32_2.0.0.202105311346/tools/bin/../lib/gcc/arm-none-eabi/9.3.1/../../../../arm-none-eabi/lib/thumb/v7e-m+fp/hard\libc_nano.a(lib_a-init.o)
                0x000000000800b130                __libc_init_array
 .text.__retarget_lock_acquire_recursive
                0x000000000800b178        0x2 c:/st/stm32cubeide_1.7.0/stm32cubeide/plugins/com.st.stm32cube.ide.mcu.externaltools.gnu-tools-for-stm32.9-2020-q2-update.win32_2.0.0.202105311346/tools/bin/../lib/gcc/arm-none-eabi/9.3.1/../../../../arm-none-eabi/lib/thumb/v7e-m+fp/hard\libc_nano.a(lib_a-lock.o)
                0x000000000800b178                __retarget_lock_acquire_recursive
 .text.__retarget_lock_release_recursive
                0x000000000800b17a        0x2 c:/st/stm32cubeide_1.7.0/stm32cubeide/plugins/com.st.stm32cube.ide.mcu.externaltools.gnu-tools-for-stm32.9-2020-q2-update.win32_2.0.0.202105311346/tools/bin/../lib/gcc/arm-none-eabi/9.3.1/../../../../arm-none-eabi/lib/thumb/v7e-m+fp/hard\libc_nano.a(lib_a-lock.o)
                0x000000000800b17a                __retarget_lock_release_recursive
 .text.memcpy   0x000000000800b17c       0x1c c:/st/stm32cubeide_1.7.0/stm32cubeide/plugins/com.st.stm32cube.ide.mcu.externaltools.gnu-tools-for-stm32.9-2020-q2-update.win32_2.0.0.202105311346/tools/bin/../lib/gcc/arm-none-eabi/9.3.1/../../../../arm-none-eabi/lib/thumb/v7e-m+fp/hard\libc_nano.a(lib_a-memcpy-stub.o)
                0x000000000800b17c                memcpy
 .text.memset   0x000000000800b198       0x10 c:/st/stm32cubeide_1.7.0/stm32cubeide/plugins/com.st.stm32cube.ide.mcu.externaltools.gnu-tools-for-stm32.9-2020-q2-update.win32_2.0.0.202105311346/tools/bin/../lib/gcc/arm-none-eabi/9.3.1/../../../../arm-none-eabi/lib/thumb/v7e-m+fp/hard\libc_nano.a(lib_a-memset.o)
                0x000000000800b198                memset
 .text.cleanup_glue
                0x000000000800b1a8       0x1a c:/st/stm32cubeide_1.7.0/stm32cubeide/plugins/com.st.stm32cube.ide.mcu.externaltools.gnu-tools-for-stm32.9-2020-q2-update.win32_2.0.0.202105311346/tools/bin/../lib/gcc/arm-none-eabi/9.3.1/../../../../arm-none-eabi/lib/thumb/v7e-m+fp/hard\libc_nano.a(lib_a-reent.o)
                0x000000000800b1a8                cleanup_glue
 *fill*         0x000000000800b1c2        0x2 
 .text._reclaim_reent
                0x000000000800b1c4       0xb8 c:/st/stm32cubeide_1.7.0/stm32cubeide/plugins/com.st.stm32cube.ide.mcu.externaltools.gnu-tools-for-stm32.9-2020-q2-update.win32_2.0.0.202105311346/tools/bin/../lib/gcc/arm-none-eabi/9.3.1/../../../../arm-none-eabi/lib/thumb/v7e-m+fp/hard\libc_nano.a(lib_a-reent.o)
                0x000000000800b1c4                _reclaim_reent
 .text.strstr   0x000000000800b27c       0x2e c:/st/stm32cubeide_1.7.0/stm32cubeide/plugins/com.st.stm32cube.ide.mcu.externaltools.gnu-tools-for-stm32.9-2020-q2-update.win32_2.0.0.202105311346/tools/bin/../lib/gcc/arm-none-eabi/9.3.1/../../../../arm-none-eabi/lib/thumb/v7e-m+fp/hard\libc_nano.a(lib_a-strstr.o)
                0x000000000800b27c                strstr
 *fill*         0x000000000800b2aa        0x2 
 .text.__malloc_lock
                0x000000000800b2ac        0xc c:/st/stm32cubeide_1.7.0/stm32cubeide/plugins/com.st.stm32cube.ide.mcu.externaltools.gnu-tools-for-stm32.9-2020-q2-update.win32_2.0.0.202105311346/tools/bin/../lib/gcc/arm-none-eabi/9.3.1/../../../../arm-none-eabi/lib/thumb/v7e-m+fp/hard\libc_nano.a(lib_a-mlock.o)
                0x000000000800b2ac                __malloc_lock
 .text.__malloc_unlock
                0x000000000800b2b8        0xc c:/st/stm32cubeide_1.7.0/stm32cubeide/plugins/com.st.stm32cube.ide.mcu.externaltools.gnu-tools-for-stm32.9-2020-q2-update.win32_2.0.0.202105311346/tools/bin/../lib/gcc/arm-none-eabi/9.3.1/../../../../arm-none-eabi/lib/thumb/v7e-m+fp/hard\libc_nano.a(lib_a-mlock.o)
                0x000000000800b2b8                __malloc_unlock
 .text._free_r  0x000000000800b2c4       0xa0 c:/st/stm32cubeide_1.7.0/stm32cubeide/plugins/com.st.stm32cube.ide.mcu.externaltools.gnu-tools-for-stm32.9-2020-q2-update.win32_2.0.0.202105311346/tools/bin/../lib/gcc/arm-none-eabi/9.3.1/../../../../arm-none-eabi/lib/thumb/v7e-m+fp/hard\libc_nano.a(lib_a-nano-freer.o)
                0x000000000800b2c4                _free_r
 *(.glue_7)
 .glue_7        0x000000000800b364        0x0 linker stubs
 *(.glue_7t)
 .glue_7t       0x000000000800b364        0x0 linker stubs
 *(.eh_frame)
 .eh_frame      0x000000000800b364        0x0 c:/st/stm32cubeide_1.7.0/stm32cubeide/plugins/com.st.stm32cube.ide.mcu.externaltools.gnu-tools-for-stm32.9-2020-q2-update.win32_2.0.0.202105311346/tools/bin/../lib/gcc/arm-none-eabi/9.3.1/thumb/v7e-m+fp/hard/crtbegin.o
 *(.init)
 .init          0x000000000800b364        0x4 c:/st/stm32cubeide_1.7.0/stm32cubeide/plugins/com.st.stm32cube.ide.mcu.externaltools.gnu-tools-for-stm32.9-2020-q2-update.win32_2.0.0.202105311346/tools/bin/../lib/gcc/arm-none-eabi/9.3.1/thumb/v7e-m+fp/hard/crti.o
                0x000000000800b364                _init
 .init          0x000000000800b368        0x8 c:/st/stm32cubeide_1.7.0/stm32cubeide/plugins/com.st.stm32cube.ide.mcu.externaltools.gnu-tools-for-stm32.9-2020-q2-update.win32_2.0.0.202105311346/tools/bin/../lib/gcc/arm-none-eabi/9.3.1/thumb/v7e-m+fp/hard/crtn.o
 *(.fini)
 .fini          0x000000000800b370        0x4 c:/st/stm32cubeide_1.7.0/stm32cubeide/plugins/com.st.stm32cube.ide.mcu.externaltools.gnu-tools-for-stm32.9-2020-q2-update.win32_2.0.0.202105311346/tools/bin/../lib/gcc/arm-none-eabi/9.3.1/thumb/v7e-m+fp/hard/crti.o
                0x000000000800b370                _fini
 .fini          0x000000000800b374        0x8 c:/st/stm32cubeide_1.7.0/stm32cubeide/plugins/com.st.stm32cube.ide.mcu.externaltools.gnu-tools-for-stm32.9-2020-q2-update.win32_2.0.0.202105311346/tools/bin/../lib/gcc/arm-none-eabi/9.3.1/thumb/v7e-m+fp/hard/crtn.o
                0x000000000800b37c                . = ALIGN (0x4)
                0x000000000800b37c                _etext = .

.vfp11_veneer   0x000000000800b37c        0x0
 .vfp11_veneer  0x000000000800b37c        0x0 linker stubs

.v4_bx          0x000000000800b37c        0x0
 .v4_bx         0x000000000800b37c        0x0 linker stubs

.iplt           0x000000000800b37c        0x0
 .iplt          0x000000000800b37c        0x0 c:/st/stm32cubeide_1.7.0/stm32cubeide/plugins/com.st.stm32cube.ide.mcu.externaltools.gnu-tools-for-stm32.9-2020-q2-update.win32_2.0.0.202105311346/tools/bin/../lib/gcc/arm-none-eabi/9.3.1/thumb/v7e-m+fp/hard/crtbegin.o

.rodata         0x000000000800b37c    0x11f78
                0x000000000800b37c                . = ALIGN (0x4)
 *(.rodata)
 .rodata        0x000000000800b37c       0x1e ./Core/Src/Can_task.o
 *fill*         0x000000000800b39a        0x2 
 .rodata        0x000000000800b39c       0x12 ./Core/Src/main.o
 *fill*         0x000000000800b3ae        0x2 
 .rodata        0x000000000800b3b0        0x5 ./Middlewares/Third_Party/FreeRTOS/Source/tasks.o
 *fill*         0x000000000800b3b5        0x3 
 .rodata        0x000000000800b3b8        0xd ./Middlewares/Third_Party/FreeRTOS/Source/timers.o
 *(.rodata*)
 *fill*         0x000000000800b3c5        0x3 
 .rodata.Hex    0x000000000800b3c8       0x11 ./Core/Src/IVI_Can_Matrix.o
                0x000000000800b3c8                Hex
 *fill*         0x000000000800b3d9        0x3 
 .rodata.CanTask_attributes
                0x000000000800b3dc       0x24 ./Core/Src/main.o
                0x000000000800b3dc                CanTask_attributes
 .rodata.RS232Task_attributes
                0x000000000800b400       0x24 ./Core/Src/main.o
                0x000000000800b400                RS232Task_attributes
 .rodata.AHBPrescTable
                0x000000000800b424       0x10 ./Core/Src/system_stm32f4xx.o
                0x000000000800b424                AHBPrescTable
 .rodata.APBPrescTable
                0x000000000800b434        0x8 ./Core/Src/system_stm32f4xx.o
                0x000000000800b434                APBPrescTable
 .rodata.realCoefAQ15
                0x000000000800b43c     0x4000 C:\Users\olgas\projects\chery\ISNT_AVT04_Tester_v.5.9.5_git\Cherry_Project FreeRTOS\Drivers\CMSIS\DSP\Lib\GCC\libarm_cortexM4lf_math.a(arm_rfft_init_q15.o)
                0x000000000800b43c                realCoefAQ15
 .rodata.realCoefBQ15
                0x000000000800f43c     0x4000 C:\Users\olgas\projects\chery\ISNT_AVT04_Tester_v.5.9.5_git\Cherry_Project FreeRTOS\Drivers\CMSIS\DSP\Lib\GCC\libarm_cortexM4lf_math.a(arm_rfft_init_q15.o)
                0x000000000800f43c                realCoefBQ15
 .rodata.arm_cfft_sR_q15_len256
                0x000000000801343c       0x10 C:\Users\olgas\projects\chery\ISNT_AVT04_Tester_v.5.9.5_git\Cherry_Project FreeRTOS\Drivers\CMSIS\DSP\Lib\GCC\libarm_cortexM4lf_math.a(arm_const_structs.o)
                0x000000000801343c                arm_cfft_sR_q15_len256
 .rodata.arm_cfft_sR_q15_len128
                0x000000000801344c       0x10 C:\Users\olgas\projects\chery\ISNT_AVT04_Tester_v.5.9.5_git\Cherry_Project FreeRTOS\Drivers\CMSIS\DSP\Lib\GCC\libarm_cortexM4lf_math.a(arm_const_structs.o)
                0x000000000801344c                arm_cfft_sR_q15_len128
 .rodata.arm_cfft_sR_q15_len512
                0x000000000801345c       0x10 C:\Users\olgas\projects\chery\ISNT_AVT04_Tester_v.5.9.5_git\Cherry_Project FreeRTOS\Drivers\CMSIS\DSP\Lib\GCC\libarm_cortexM4lf_math.a(arm_const_structs.o)
                0x000000000801345c                arm_cfft_sR_q15_len512
 .rodata.arm_cfft_sR_q15_len1024
                0x000000000801346c       0x10 C:\Users\olgas\projects\chery\ISNT_AVT04_Tester_v.5.9.5_git\Cherry_Project FreeRTOS\Drivers\CMSIS\DSP\Lib\GCC\libarm_cortexM4lf_math.a(arm_const_structs.o)
                0x000000000801346c                arm_cfft_sR_q15_len1024
 .rodata.arm_cfft_sR_q15_len64
                0x000000000801347c       0x10 C:\Users\olgas\projects\chery\ISNT_AVT04_Tester_v.5.9.5_git\Cherry_Project FreeRTOS\Drivers\CMSIS\DSP\Lib\GCC\libarm_cortexM4lf_math.a(arm_const_structs.o)
                0x000000000801347c                arm_cfft_sR_q15_len64
 .rodata.arm_cfft_sR_q15_len2048
                0x000000000801348c       0x10 C:\Users\olgas\projects\chery\ISNT_AVT04_Tester_v.5.9.5_git\Cherry_Project FreeRTOS\Drivers\CMSIS\DSP\Lib\GCC\libarm_cortexM4lf_math.a(arm_const_structs.o)
                0x000000000801348c                arm_cfft_sR_q15_len2048
 .rodata.arm_cfft_sR_q15_len4096
                0x000000000801349c       0x10 C:\Users\olgas\projects\chery\ISNT_AVT04_Tester_v.5.9.5_git\Cherry_Project FreeRTOS\Drivers\CMSIS\DSP\Lib\GCC\libarm_cortexM4lf_math.a(arm_const_structs.o)
                0x000000000801349c                arm_cfft_sR_q15_len4096
 .rodata.arm_cfft_sR_q15_len16
                0x00000000080134ac       0x10 C:\Users\olgas\projects\chery\ISNT_AVT04_Tester_v.5.9.5_git\Cherry_Project FreeRTOS\Drivers\CMSIS\DSP\Lib\GCC\libarm_cortexM4lf_math.a(arm_const_structs.o)
                0x00000000080134ac                arm_cfft_sR_q15_len16
 .rodata.arm_cfft_sR_q15_len32
                0x00000000080134bc       0x10 C:\Users\olgas\projects\chery\ISNT_AVT04_Tester_v.5.9.5_git\Cherry_Project FreeRTOS\Drivers\CMSIS\DSP\Lib\GCC\libarm_cortexM4lf_math.a(arm_const_structs.o)
                0x00000000080134bc                arm_cfft_sR_q15_len32
 .rodata.armBitRevIndexTable_fixed_128
                0x00000000080134cc       0xe0 C:\Users\olgas\projects\chery\ISNT_AVT04_Tester_v.5.9.5_git\Cherry_Project FreeRTOS\Drivers\CMSIS\DSP\Lib\GCC\libarm_cortexM4lf_math.a(arm_common_tables.o)
                0x00000000080134cc                armBitRevIndexTable_fixed_128
 .rodata.armBitRevIndexTable_fixed_2048
                0x00000000080135ac      0xf80 C:\Users\olgas\projects\chery\ISNT_AVT04_Tester_v.5.9.5_git\Cherry_Project FreeRTOS\Drivers\CMSIS\DSP\Lib\GCC\libarm_cortexM4lf_math.a(arm_common_tables.o)
                0x00000000080135ac                armBitRevIndexTable_fixed_2048
 .rodata.armBitRevIndexTable_fixed_4096
                0x000000000801452c     0x1f80 C:\Users\olgas\projects\chery\ISNT_AVT04_Tester_v.5.9.5_git\Cherry_Project FreeRTOS\Drivers\CMSIS\DSP\Lib\GCC\libarm_cortexM4lf_math.a(arm_common_tables.o)
                0x000000000801452c                armBitRevIndexTable_fixed_4096
 .rodata.armBitRevIndexTable_fixed_1024
                0x00000000080164ac      0x7c0 C:\Users\olgas\projects\chery\ISNT_AVT04_Tester_v.5.9.5_git\Cherry_Project FreeRTOS\Drivers\CMSIS\DSP\Lib\GCC\libarm_cortexM4lf_math.a(arm_common_tables.o)
                0x00000000080164ac                armBitRevIndexTable_fixed_1024
 .rodata.twiddleCoef_1024_q15
                0x0000000008016c6c      0xc00 C:\Users\olgas\projects\chery\ISNT_AVT04_Tester_v.5.9.5_git\Cherry_Project FreeRTOS\Drivers\CMSIS\DSP\Lib\GCC\libarm_cortexM4lf_math.a(arm_common_tables.o)
                0x0000000008016c6c                twiddleCoef_1024_q15
 .rodata.twiddleCoef_32_q15
                0x000000000801786c       0x60 C:\Users\olgas\projects\chery\ISNT_AVT04_Tester_v.5.9.5_git\Cherry_Project FreeRTOS\Drivers\CMSIS\DSP\Lib\GCC\libarm_cortexM4lf_math.a(arm_common_tables.o)
                0x000000000801786c                twiddleCoef_32_q15
 .rodata.twiddleCoef_4096_q15
                0x00000000080178cc     0x3000 C:\Users\olgas\projects\chery\ISNT_AVT04_Tester_v.5.9.5_git\Cherry_Project FreeRTOS\Drivers\CMSIS\DSP\Lib\GCC\libarm_cortexM4lf_math.a(arm_common_tables.o)
                0x00000000080178cc                twiddleCoef_4096_q15
 .rodata.twiddleCoef_16_q15
                0x000000000801a8cc       0x30 C:\Users\olgas\projects\chery\ISNT_AVT04_Tester_v.5.9.5_git\Cherry_Project FreeRTOS\Drivers\CMSIS\DSP\Lib\GCC\libarm_cortexM4lf_math.a(arm_common_tables.o)
                0x000000000801a8cc                twiddleCoef_16_q15
 .rodata.twiddleCoef_64_q15
                0x000000000801a8fc       0xc0 C:\Users\olgas\projects\chery\ISNT_AVT04_Tester_v.5.9.5_git\Cherry_Project FreeRTOS\Drivers\CMSIS\DSP\Lib\GCC\libarm_cortexM4lf_math.a(arm_common_tables.o)
                0x000000000801a8fc                twiddleCoef_64_q15
 .rodata.twiddleCoef_2048_q15
                0x000000000801a9bc     0x1800 C:\Users\olgas\projects\chery\ISNT_AVT04_Tester_v.5.9.5_git\Cherry_Project FreeRTOS\Drivers\CMSIS\DSP\Lib\GCC\libarm_cortexM4lf_math.a(arm_common_tables.o)
                0x000000000801a9bc                twiddleCoef_2048_q15
 .rodata.twiddleCoef_256_q15
                0x000000000801c1bc      0x300 C:\Users\olgas\projects\chery\ISNT_AVT04_Tester_v.5.9.5_git\Cherry_Project FreeRTOS\Drivers\CMSIS\DSP\Lib\GCC\libarm_cortexM4lf_math.a(arm_common_tables.o)
                0x000000000801c1bc                twiddleCoef_256_q15
 .rodata.twiddleCoef_512_q15
                0x000000000801c4bc      0x600 C:\Users\olgas\projects\chery\ISNT_AVT04_Tester_v.5.9.5_git\Cherry_Project FreeRTOS\Drivers\CMSIS\DSP\Lib\GCC\libarm_cortexM4lf_math.a(arm_common_tables.o)
                0x000000000801c4bc                twiddleCoef_512_q15
 .rodata.armBitRevIndexTable_fixed_512
                0x000000000801cabc      0x3c0 C:\Users\olgas\projects\chery\ISNT_AVT04_Tester_v.5.9.5_git\Cherry_Project FreeRTOS\Drivers\CMSIS\DSP\Lib\GCC\libarm_cortexM4lf_math.a(arm_common_tables.o)
                0x000000000801cabc                armBitRevIndexTable_fixed_512
 .rodata.armBitRevIndexTable_fixed_16
                0x000000000801ce7c       0x18 C:\Users\olgas\projects\chery\ISNT_AVT04_Tester_v.5.9.5_git\Cherry_Project FreeRTOS\Drivers\CMSIS\DSP\Lib\GCC\libarm_cortexM4lf_math.a(arm_common_tables.o)
                0x000000000801ce7c                armBitRevIndexTable_fixed_16
 .rodata.twiddleCoef_128_q15
                0x000000000801ce94      0x180 C:\Users\olgas\projects\chery\ISNT_AVT04_Tester_v.5.9.5_git\Cherry_Project FreeRTOS\Drivers\CMSIS\DSP\Lib\GCC\libarm_cortexM4lf_math.a(arm_common_tables.o)
                0x000000000801ce94                twiddleCoef_128_q15
 .rodata.armBitRevIndexTable_fixed_32
                0x000000000801d014       0x30 C:\Users\olgas\projects\chery\ISNT_AVT04_Tester_v.5.9.5_git\Cherry_Project FreeRTOS\Drivers\CMSIS\DSP\Lib\GCC\libarm_cortexM4lf_math.a(arm_common_tables.o)
                0x000000000801d014                armBitRevIndexTable_fixed_32
 .rodata.armBitRevIndexTable_fixed_256
                0x000000000801d044      0x1e0 C:\Users\olgas\projects\chery\ISNT_AVT04_Tester_v.5.9.5_git\Cherry_Project FreeRTOS\Drivers\CMSIS\DSP\Lib\GCC\libarm_cortexM4lf_math.a(arm_common_tables.o)
                0x000000000801d044                armBitRevIndexTable_fixed_256
 .rodata.armBitRevIndexTable_fixed_64
                0x000000000801d224       0x70 C:\Users\olgas\projects\chery\ISNT_AVT04_Tester_v.5.9.5_git\Cherry_Project FreeRTOS\Drivers\CMSIS\DSP\Lib\GCC\libarm_cortexM4lf_math.a(arm_common_tables.o)
                0x000000000801d224                armBitRevIndexTable_fixed_64
 .rodata.__sf_fake_stderr
                0x000000000801d294       0x20 c:/st/stm32cubeide_1.7.0/stm32cubeide/plugins/com.st.stm32cube.ide.mcu.externaltools.gnu-tools-for-stm32.9-2020-q2-update.win32_2.0.0.202105311346/tools/bin/../lib/gcc/arm-none-eabi/9.3.1/../../../../arm-none-eabi/lib/thumb/v7e-m+fp/hard\libc_nano.a(lib_a-findfp.o)
                0x000000000801d294                __sf_fake_stderr
 .rodata.__sf_fake_stdin
                0x000000000801d2b4       0x20 c:/st/stm32cubeide_1.7.0/stm32cubeide/plugins/com.st.stm32cube.ide.mcu.externaltools.gnu-tools-for-stm32.9-2020-q2-update.win32_2.0.0.202105311346/tools/bin/../lib/gcc/arm-none-eabi/9.3.1/../../../../arm-none-eabi/lib/thumb/v7e-m+fp/hard\libc_nano.a(lib_a-findfp.o)
                0x000000000801d2b4                __sf_fake_stdin
 .rodata.__sf_fake_stdout
                0x000000000801d2d4       0x20 c:/st/stm32cubeide_1.7.0/stm32cubeide/plugins/com.st.stm32cube.ide.mcu.externaltools.gnu-tools-for-stm32.9-2020-q2-update.win32_2.0.0.202105311346/tools/bin/../lib/gcc/arm-none-eabi/9.3.1/../../../../arm-none-eabi/lib/thumb/v7e-m+fp/hard\libc_nano.a(lib_a-findfp.o)
                0x000000000801d2d4                __sf_fake_stdout
                0x000000000801d2f4                . = ALIGN (0x4)

.ARM.extab      0x000000000801d2f4        0x0
                0x000000000801d2f4                . = ALIGN (0x4)
 *(.ARM.extab* .gnu.linkonce.armextab.*)
                0x000000000801d2f4                . = ALIGN (0x4)

.ARM            0x000000000801d2f4        0x8
                0x000000000801d2f4                . = ALIGN (0x4)
                0x000000000801d2f4                __exidx_start = .
 *(.ARM.exidx*)
 .ARM.exidx     0x000000000801d2f4        0x8 c:/st/stm32cubeide_1.7.0/stm32cubeide/plugins/com.st.stm32cube.ide.mcu.externaltools.gnu-tools-for-stm32.9-2020-q2-update.win32_2.0.0.202105311346/tools/bin/../lib/gcc/arm-none-eabi/9.3.1/thumb/v7e-m+fp/hard\libgcc.a(_udivmoddi4.o)
                0x000000000801d2fc                __exidx_end = .
                0x000000000801d2fc                . = ALIGN (0x4)

.rel.dyn        0x000000000801d2fc        0x0
 .rel.iplt      0x000000000801d2fc        0x0 c:/st/stm32cubeide_1.7.0/stm32cubeide/plugins/com.st.stm32cube.ide.mcu.externaltools.gnu-tools-for-stm32.9-2020-q2-update.win32_2.0.0.202105311346/tools/bin/../lib/gcc/arm-none-eabi/9.3.1/thumb/v7e-m+fp/hard/crtbegin.o

.preinit_array  0x000000000801d2fc        0x0
                0x000000000801d2fc                . = ALIGN (0x4)
                0x000000000801d2fc                PROVIDE (__preinit_array_start = .)
 *(.preinit_array*)
                0x000000000801d2fc                PROVIDE (__preinit_array_end = .)
                0x000000000801d2fc                . = ALIGN (0x4)

.init_array     0x000000000801d2fc        0x4
                0x000000000801d2fc                . = ALIGN (0x4)
                0x000000000801d2fc                PROVIDE (__init_array_start = .)
 *(SORT_BY_NAME(.init_array.*))
 *(.init_array*)
 .init_array    0x000000000801d2fc        0x4 c:/st/stm32cubeide_1.7.0/stm32cubeide/plugins/com.st.stm32cube.ide.mcu.externaltools.gnu-tools-for-stm32.9-2020-q2-update.win32_2.0.0.202105311346/tools/bin/../lib/gcc/arm-none-eabi/9.3.1/thumb/v7e-m+fp/hard/crtbegin.o
                0x000000000801d300                PROVIDE (__init_array_end = .)
                0x000000000801d300                . = ALIGN (0x4)

.fini_array     0x000000000801d300        0x4
                0x000000000801d300                . = ALIGN (0x4)
                [!provide]                        PROVIDE (__fini_array_start = .)
 *(SORT_BY_NAME(.fini_array.*))
 *(.fini_array*)
 .fini_array    0x000000000801d300        0x4 c:/st/stm32cubeide_1.7.0/stm32cubeide/plugins/com.st.stm32cube.ide.mcu.externaltools.gnu-tools-for-stm32.9-2020-q2-update.win32_2.0.0.202105311346/tools/bin/../lib/gcc/arm-none-eabi/9.3.1/thumb/v7e-m+fp/hard/crtbegin.o
                [!provide]                        PROVIDE (__fini_array_end = .)
                0x000000000801d304                . = ALIGN (0x4)
                0x000000000801d304                _sidata = LOADADDR (.data)

.data           0x0000000020000000      0x364 load address 0x000000000801d304
                0x0000000020000000                . = ALIGN (0x4)
                0x0000000020000000                _sdata = .
 *(.data)
 *(.data*)
 .data.Padding_byte
                0x0000000020000000        0x1 ./Core/Src/Can_task.o
                0x0000000020000000                Padding_byte
 *fill*         0x0000000020000001        0x3 
 .data.cmd_play_audio
                0x0000000020000004       0x10 ./Core/Src/Can_task.o
                0x0000000020000004                cmd_play_audio
 .data.cmd_sw_start
                0x0000000020000014        0xe ./Core/Src/Can_task.o
                0x0000000020000014                cmd_sw_start
 *fill*         0x0000000020000022        0x2 
 .data.cmd_work_start
                0x0000000020000024       0x16 ./Core/Src/Can_task.o
                0x0000000020000024                cmd_work_start
 *fill*         0x000000002000003a        0x2 
 .data.cmd_next_block
                0x000000002000003c       0x11 ./Core/Src/Can_task.o
                0x000000002000003c                cmd_next_block
 *fill*         0x000000002000004d        0x3 
 .data.cmd_finished_block
                0x0000000020000050       0x19 ./Core/Src/Can_task.o
                0x0000000020000050                cmd_finished_block
 *fill*         0x0000000020000069        0x3 
 .data.AVT_cmd_res
                0x000000002000006c        0x4 ./Core/Src/Can_task.o
                0x000000002000006c                AVT_cmd_res
 .data.cmd_vcp_start
                0x0000000020000070        0x7 ./Core/Src/IVI_Can_Matrix.o
                0x0000000020000070                cmd_vcp_start
 *fill*         0x0000000020000077        0x1 
 .data.cmd_end_test
                0x0000000020000078        0x2 ./Core/Src/IVI_Can_Matrix.o
                0x0000000020000078                cmd_end_test
 *fill*         0x000000002000007a        0x2 
 .data.cmd_wait_start_ISNT_Mmin
                0x000000002000007c       0x1b ./Core/Src/IVI_Can_Matrix.o
                0x000000002000007c                cmd_wait_start_ISNT_Mmin
 *fill*         0x0000000020000097        0x1 
 .data.cmd_wait_start_ISNT_Mplus
                0x0000000020000098       0x1b ./Core/Src/IVI_Can_Matrix.o
                0x0000000020000098                cmd_wait_start_ISNT_Mplus
 *fill*         0x00000000200000b3        0x1 
 .data.cmd_wait_start_AVT04
                0x00000000200000b4       0x19 ./Core/Src/IVI_Can_Matrix.o
                0x00000000200000b4                cmd_wait_start_AVT04
 *fill*         0x00000000200000cd        0x3 
 .data.cmd_wait_start_ISNT24
                0x00000000200000d0       0x1d ./Core/Src/IVI_Can_Matrix.o
                0x00000000200000d0                cmd_wait_start_ISNT24
 *fill*         0x00000000200000ed        0x3 
 .data.Wave_LUT
                0x00000000200000f0      0x200 ./Core/Src/IVI_Can_Matrix.o
                0x00000000200000f0                Wave_LUT
 .data.SystemCoreClock
                0x00000000200002f0        0x4 ./Core/Src/system_stm32f4xx.o
                0x00000000200002f0                SystemCoreClock
 .data.uwTickPrio
                0x00000000200002f4        0x4 ./Drivers/STM32F4xx_HAL_Driver/Src/stm32f4xx_hal.o
                0x00000000200002f4                uwTickPrio
 .data.uwTickFreq
                0x00000000200002f8        0x1 ./Drivers/STM32F4xx_HAL_Driver/Src/stm32f4xx_hal.o
                0x00000000200002f8                uwTickFreq
 *fill*         0x00000000200002f9        0x3 
 .data.uxCriticalNesting
                0x00000000200002fc        0x4 ./Middlewares/Third_Party/FreeRTOS/Source/portable/GCC/ARM_CM4F/port.o
 .data._impure_ptr
                0x0000000020000300        0x4 c:/st/stm32cubeide_1.7.0/stm32cubeide/plugins/com.st.stm32cube.ide.mcu.externaltools.gnu-tools-for-stm32.9-2020-q2-update.win32_2.0.0.202105311346/tools/bin/../lib/gcc/arm-none-eabi/9.3.1/../../../../arm-none-eabi/lib/thumb/v7e-m+fp/hard\libc_nano.a(lib_a-impure.o)
                0x0000000020000300                _impure_ptr
 .data.impure_data
                0x0000000020000304       0x60 c:/st/stm32cubeide_1.7.0/stm32cubeide/plugins/com.st.stm32cube.ide.mcu.externaltools.gnu-tools-for-stm32.9-2020-q2-update.win32_2.0.0.202105311346/tools/bin/../lib/gcc/arm-none-eabi/9.3.1/../../../../arm-none-eabi/lib/thumb/v7e-m+fp/hard\libc_nano.a(lib_a-impure.o)
 *(.RamFunc)
 *(.RamFunc*)
                0x0000000020000364                . = ALIGN (0x4)
                0x0000000020000364                _edata = .
                0x000000000801d668                _siccmram = LOADADDR (.ccmram)

.igot.plt       0x0000000020000364        0x0 load address 0x000000000801d668
 .igot.plt      0x0000000020000364        0x0 c:/st/stm32cubeide_1.7.0/stm32cubeide/plugins/com.st.stm32cube.ide.mcu.externaltools.gnu-tools-for-stm32.9-2020-q2-update.win32_2.0.0.202105311346/tools/bin/../lib/gcc/arm-none-eabi/9.3.1/thumb/v7e-m+fp/hard/crtbegin.o

.ccmram         0x0000000010000000        0x0 load address 0x000000000801d668
                0x0000000010000000                . = ALIGN (0x4)
                0x0000000010000000                _sccmram = .
 *(.ccmram)
 *(.ccmram*)
                0x0000000010000000                . = ALIGN (0x4)
                0x0000000010000000                _eccmram = .
                0x0000000010000000                . = ALIGN (0x4)

.bss            0x0000000020000364     0x6b3c
                0x0000000020000364                _sbss = .
                0x0000000020000364                __bss_start__ = _sbss
 *(.bss)
 .bss           0x0000000020000364       0x1c c:/st/stm32cubeide_1.7.0/stm32cubeide/plugins/com.st.stm32cube.ide.mcu.externaltools.gnu-tools-for-stm32.9-2020-q2-update.win32_2.0.0.202105311346/tools/bin/../lib/gcc/arm-none-eabi/9.3.1/thumb/v7e-m+fp/hard/crtbegin.o
 *(.bss*)
 .bss.fft_Sbuff
                0x0000000020000380      0x800 ./Core/Src/Adc_audio_fft.o
                0x0000000020000380                fft_Sbuff
 .bss.fft_Dbuff
                0x0000000020000b80      0x800 ./Core/Src/Adc_audio_fft.o
                0x0000000020000b80                fft_Dbuff
 .bss.TxMailbox
                0x0000000020001380        0x4 ./Core/Src/Can_task.o
                0x0000000020001380                TxMailbox
 .bss.KernelState
                0x0000000020001384        0x4 ./Middlewares/Third_Party/FreeRTOS/Source/CMSIS_RTOS_V2/cmsis_os2.o
 .bss.Idle_TCB.11922
                0x0000000020001388       0xbc ./Middlewares/Third_Party/FreeRTOS/Source/CMSIS_RTOS_V2/cmsis_os2.o
 .bss.Idle_Stack.11923
                0x0000000020001444      0x200 ./Middlewares/Third_Party/FreeRTOS/Source/CMSIS_RTOS_V2/cmsis_os2.o
 .bss.Timer_TCB.11929
                0x0000000020001644       0xbc ./Middlewares/Third_Party/FreeRTOS/Source/CMSIS_RTOS_V2/cmsis_os2.o
 .bss.Timer_Stack.11930
                0x0000000020001700      0x400 ./Middlewares/Third_Party/FreeRTOS/Source/CMSIS_RTOS_V2/cmsis_os2.o
 .bss.pxCurrentTCB
                0x0000000020001b00        0x4 ./Middlewares/Third_Party/FreeRTOS/Source/tasks.o
                0x0000000020001b00                pxCurrentTCB
 .bss.pxReadyTasksLists
                0x0000000020001b04      0x460 ./Middlewares/Third_Party/FreeRTOS/Source/tasks.o
 .bss.xDelayedTaskList1
                0x0000000020001f64       0x14 ./Middlewares/Third_Party/FreeRTOS/Source/tasks.o
 .bss.xDelayedTaskList2
                0x0000000020001f78       0x14 ./Middlewares/Third_Party/FreeRTOS/Source/tasks.o
 .bss.pxDelayedTaskList
                0x0000000020001f8c        0x4 ./Middlewares/Third_Party/FreeRTOS/Source/tasks.o
 .bss.pxOverflowDelayedTaskList
                0x0000000020001f90        0x4 ./Middlewares/Third_Party/FreeRTOS/Source/tasks.o
 .bss.xPendingReadyList
                0x0000000020001f94       0x14 ./Middlewares/Third_Party/FreeRTOS/Source/tasks.o
 .bss.xTasksWaitingTermination
                0x0000000020001fa8       0x14 ./Middlewares/Third_Party/FreeRTOS/Source/tasks.o
 .bss.uxDeletedTasksWaitingCleanUp
                0x0000000020001fbc        0x4 ./Middlewares/Third_Party/FreeRTOS/Source/tasks.o
 .bss.xSuspendedTaskList
                0x0000000020001fc0       0x14 ./Middlewares/Third_Party/FreeRTOS/Source/tasks.o
 .bss.uxCurrentNumberOfTasks
                0x0000000020001fd4        0x4 ./Middlewares/Third_Party/FreeRTOS/Source/tasks.o
 .bss.xTickCount
                0x0000000020001fd8        0x4 ./Middlewares/Third_Party/FreeRTOS/Source/tasks.o
 .bss.uxTopReadyPriority
                0x0000000020001fdc        0x4 ./Middlewares/Third_Party/FreeRTOS/Source/tasks.o
 .bss.xSchedulerRunning
                0x0000000020001fe0        0x4 ./Middlewares/Third_Party/FreeRTOS/Source/tasks.o
 .bss.xPendedTicks
                0x0000000020001fe4        0x4 ./Middlewares/Third_Party/FreeRTOS/Source/tasks.o
 .bss.xYieldPending
                0x0000000020001fe8        0x4 ./Middlewares/Third_Party/FreeRTOS/Source/tasks.o
 .bss.xNumOfOverflows
                0x0000000020001fec        0x4 ./Middlewares/Third_Party/FreeRTOS/Source/tasks.o
 .bss.uxTaskNumber
                0x0000000020001ff0        0x4 ./Middlewares/Third_Party/FreeRTOS/Source/tasks.o
 .bss.xNextTaskUnblockTime
                0x0000000020001ff4        0x4 ./Middlewares/Third_Party/FreeRTOS/Source/tasks.o
 .bss.xIdleTaskHandle
                0x0000000020001ff8        0x4 ./Middlewares/Third_Party/FreeRTOS/Source/tasks.o
 .bss.uxSchedulerSuspended
                0x0000000020001ffc        0x4 ./Middlewares/Third_Party/FreeRTOS/Source/tasks.o
 .bss.xActiveTimerList1
                0x0000000020002000       0x14 ./Middlewares/Third_Party/FreeRTOS/Source/timers.o
 .bss.xActiveTimerList2
                0x0000000020002014       0x14 ./Middlewares/Third_Party/FreeRTOS/Source/timers.o
 .bss.pxCurrentTimerList
                0x0000000020002028        0x4 ./Middlewares/Third_Party/FreeRTOS/Source/timers.o
 .bss.pxOverflowTimerList
                0x000000002000202c        0x4 ./Middlewares/Third_Party/FreeRTOS/Source/timers.o
 .bss.xTimerQueue
                0x0000000020002030        0x4 ./Middlewares/Third_Party/FreeRTOS/Source/timers.o
 .bss.xTimerTaskHandle
                0x0000000020002034        0x4 ./Middlewares/Third_Party/FreeRTOS/Source/timers.o
 .bss.xLastTime.7010
                0x0000000020002038        0x4 ./Middlewares/Third_Party/FreeRTOS/Source/timers.o
 .bss.ucStaticTimerQueueStorage.7061
                0x000000002000203c       0xa0 ./Middlewares/Third_Party/FreeRTOS/Source/timers.o
 .bss.xStaticTimerQueue.7060
                0x00000000200020dc       0x50 ./Middlewares/Third_Party/FreeRTOS/Source/timers.o
 .bss.ucMaxSysCallPriority
                0x000000002000212c        0x1 ./Middlewares/Third_Party/FreeRTOS/Source/portable/GCC/ARM_CM4F/port.o
 *fill*         0x000000002000212d        0x3 
 .bss.ulMaxPRIGROUPValue
                0x0000000020002130        0x4 ./Middlewares/Third_Party/FreeRTOS/Source/portable/GCC/ARM_CM4F/port.o
 .bss.ucHeap    0x0000000020002134     0x3c00 ./Middlewares/Third_Party/FreeRTOS/Source/portable/MemMang/heap_4.o
 .bss.xStart    0x0000000020005d34        0x8 ./Middlewares/Third_Party/FreeRTOS/Source/portable/MemMang/heap_4.o
 .bss.pxEnd     0x0000000020005d3c        0x4 ./Middlewares/Third_Party/FreeRTOS/Source/portable/MemMang/heap_4.o
 .bss.xFreeBytesRemaining
                0x0000000020005d40        0x4 ./Middlewares/Third_Party/FreeRTOS/Source/portable/MemMang/heap_4.o
 .bss.xMinimumEverFreeBytesRemaining
                0x0000000020005d44        0x4 ./Middlewares/Third_Party/FreeRTOS/Source/portable/MemMang/heap_4.o
 .bss.xNumberOfSuccessfulAllocations
                0x0000000020005d48        0x4 ./Middlewares/Third_Party/FreeRTOS/Source/portable/MemMang/heap_4.o
 .bss.xNumberOfSuccessfulFrees
                0x0000000020005d4c        0x4 ./Middlewares/Third_Party/FreeRTOS/Source/portable/MemMang/heap_4.o
 .bss.xBlockAllocatedBit
                0x0000000020005d50        0x4 ./Middlewares/Third_Party/FreeRTOS/Source/portable/MemMang/heap_4.o
 .bss.__malloc_free_list
                0x0000000020005d54        0x4 c:/st/stm32cubeide_1.7.0/stm32cubeide/plugins/com.st.stm32cube.ide.mcu.externaltools.gnu-tools-for-stm32.9-2020-q2-update.win32_2.0.0.202105311346/tools/bin/../lib/gcc/arm-none-eabi/9.3.1/../../../../arm-none-eabi/lib/thumb/v7e-m+fp/hard\libc_nano.a(lib_a-nano-mallocr.o)
                0x0000000020005d54                __malloc_free_list
 *(COMMON)
 COMMON         0x0000000020005d58      0x489 ./Core/Src/Adc_audio_fft.o
                0x0000000020005d58                cffti
                0x0000000020005d6c                S
                0x0000000020005d84                rffti
                0x0000000020005d9c                CNF_REF
                0x0000000020005da8                fft_pResult
                0x00000000200061e0                status
 *fill*         0x00000000200061e1        0x3 
 COMMON         0x00000000200061e4      0x274 ./Core/Src/Can_task.o
                0x00000000200061e4                response
                0x0000000020006288                Can_state
                0x000000002000632c                recvMsg
                0x0000000020006340                message
                0x0000000020006388                request
                0x00000000200063d4                digital_IO_state
                0x00000000200063e8                RECEIVE_HANDLE
                0x0000000020006400                SHIMS
                0x0000000020006410                mrecvMsg
                0x0000000020006424                TxHeader
                0x000000002000643c                RxHeader
 COMMON         0x0000000020006458       0xd0 ./Core/Src/IVI_Can_Matrix.o
                0x0000000020006458                ADC_chan
                0x0000000020006474                Evnt
                0x00000000200064e8                Cfg
                0x0000000020006514                cons
 COMMON         0x0000000020006528      0x758 ./Core/Src/main.o
                0x0000000020006528                defaultTaskHandle
                0x000000002000652c                CanTaskHandle
                0x0000000020006530                huart3
                0x0000000020006574                hpcd_USB_OTG_FS
                0x0000000020006a80                hadc1
                0x0000000020006ac8                DMATxDscrTab
                0x0000000020006b68                hdac
                0x0000000020006b7c                DMARxDscrTab
                0x0000000020006c1c                hcan1
                0x0000000020006c44                TxConfig
                0x0000000020006c7c                RS232TaskHandle
 COMMON         0x0000000020006c80       0x90 ./Core/Src/stm32f4xx_hal_msp.o
                0x0000000020006c80                hadc2
                0x0000000020006cc8                hadc3
 COMMON         0x0000000020006d10       0x48 ./Core/Src/stm32f4xx_hal_timebase_tim.o
                0x0000000020006d10                htim1
 COMMON         0x0000000020006d58        0x8 ./Core/Src/stm32f4xx_it.o
                0x0000000020006d58                i