Archive member included to satisfy reference by file (symbol)

C:\Users\olgas\projects\chery\ISNT_AVT04_Tester_v.5.7_git\Cherry_Project FreeRTOS\Drivers\CMSIS\DSP\Lib\GCC\libarm_cortexM4lf_math.a(arm_max_q15.o)
                              ./Core/Src/Adc_audio_fft.o (arm_max_q15)
C:\Users\olgas\projects\chery\ISNT_AVT04_Tester_v.5.7_git\Cherry_Project FreeRTOS\Drivers\CMSIS\DSP\Lib\GCC\libarm_cortexM4lf_math.a(arm_rfft_q15.o)
                              ./Core/Src/Adc_audio_fft.o (arm_rfft_q15)
C:\Users\olgas\projects\chery\ISNT_AVT04_Tester_v.5.7_git\Cherry_Project FreeRTOS\Drivers\CMSIS\DSP\Lib\GCC\libarm_cortexM4lf_math.a(arm_rfft_init_q15.o)
                              ./Core/Src/Adc_audio_fft.o (arm_rfft_init_q15)
C:\Users\olgas\projects\chery\ISNT_AVT04_Tester_v.5.7_git\Cherry_Project FreeRTOS\Drivers\CMSIS\DSP\Lib\GCC\libarm_cortexM4lf_math.a(arm_cmplx_mag_q15.o)
                              ./Core/Src/Adc_audio_fft.o (arm_cmplx_mag_q15)
C:\Users\olgas\projects\chery\ISNT_AVT04_Tester_v.5.7_git\Cherry_Project FreeRTOS\Drivers\CMSIS\DSP\Lib\GCC\libarm_cortexM4lf_math.a(arm_sqrt_q15.o)
                              C:\Users\olgas\projects\chery\ISNT_AVT04_Tester_v.5.7_git\Cherry_Project FreeRTOS\Drivers\CMSIS\DSP\Lib\GCC\libarm_cortexM4lf_math.a(arm_cmplx_mag_q15.o) (arm_sqrt_q15)
C:\Users\olgas\projects\chery\ISNT_AVT04_Tester_v.5.7_git\Cherry_Project FreeRTOS\Drivers\CMSIS\DSP\Lib\GCC\libarm_cortexM4lf_math.a(arm_const_structs.o)
                              C:\Users\olgas\projects\chery\ISNT_AVT04_Tester_v.5.7_git\Cherry_Project FreeRTOS\Drivers\CMSIS\DSP\Lib\GCC\libarm_cortexM4lf_math.a(arm_rfft_init_q15.o) (arm_cfft_sR_q15_len4096)
C:\Users\olgas\projects\chery\ISNT_AVT04_Tester_v.5.7_git\Cherry_Project FreeRTOS\Drivers\CMSIS\DSP\Lib\GCC\libarm_cortexM4lf_math.a(arm_common_tables.o)
                              C:\Users\olgas\projects\chery\ISNT_AVT04_Tester_v.5.7_git\Cherry_Project FreeRTOS\Drivers\CMSIS\DSP\Lib\GCC\libarm_cortexM4lf_math.a(arm_const_structs.o) (twiddleCoef_rfft_4096)
C:\Users\olgas\projects\chery\ISNT_AVT04_Tester_v.5.7_git\Cherry_Project FreeRTOS\Drivers\CMSIS\DSP\Lib\GCC\libarm_cortexM4lf_math.a(arm_cfft_q15.o)
                              C:\Users\olgas\projects\chery\ISNT_AVT04_Tester_v.5.7_git\Cherry_Project FreeRTOS\Drivers\CMSIS\DSP\Lib\GCC\libarm_cortexM4lf_math.a(arm_rfft_q15.o) (arm_cfft_q15)
C:\Users\olgas\projects\chery\ISNT_AVT04_Tester_v.5.7_git\Cherry_Project FreeRTOS\Drivers\CMSIS\DSP\Lib\GCC\libarm_cortexM4lf_math.a(arm_bitreversal2.o)
                              C:\Users\olgas\projects\chery\ISNT_AVT04_Tester_v.5.7_git\Cherry_Project FreeRTOS\Drivers\CMSIS\DSP\Lib\GCC\libarm_cortexM4lf_math.a(arm_cfft_q15.o) (arm_bitreversal_16)
C:\Users\olgas\projects\chery\ISNT_AVT04_Tester_v.5.7_git\Cherry_Project FreeRTOS\Drivers\CMSIS\DSP\Lib\GCC\libarm_cortexM4lf_math.a(arm_rfft_init_q31.o)
                              C:\Users\olgas\projects\chery\ISNT_AVT04_Tester_v.5.7_git\Cherry_Project FreeRTOS\Drivers\CMSIS\DSP\Lib\GCC\libarm_cortexM4lf_math.a(arm_const_structs.o) (realCoefBQ31)
C:\Users\olgas\projects\chery\ISNT_AVT04_Tester_v.5.7_git\Cherry_Project FreeRTOS\Drivers\CMSIS\DSP\Lib\GCC\libarm_cortexM4lf_math.a(arm_cfft_radix4_q15.o)
                              C:\Users\olgas\projects\chery\ISNT_AVT04_Tester_v.5.7_git\Cherry_Project FreeRTOS\Drivers\CMSIS\DSP\Lib\GCC\libarm_cortexM4lf_math.a(arm_cfft_q15.o) (arm_radix4_butterfly_q15)
C:\Users\olgas\projects\chery\ISNT_AVT04_Tester_v.5.7_git\Cherry_Project FreeRTOS\Drivers\CMSIS\DSP\Lib\GCC\libarm_cortexM4lf_math.a(arm_bitreversal.o)
                              C:\Users\olgas\projects\chery\ISNT_AVT04_Tester_v.5.7_git\Cherry_Project FreeRTOS\Drivers\CMSIS\DSP\Lib\GCC\libarm_cortexM4lf_math.a(arm_cfft_radix4_q15.o) (arm_bitreversal_q15)
c:/st/stm32cubeide_1.7.0/stm32cubeide/plugins/com.st.stm32cube.ide.mcu.externaltools.gnu-tools-for-stm32.9-2020-q2-update.win32_2.0.0.202105311346/tools/bin/../lib/gcc/arm-none-eabi/9.3.1/../../../../arm-none-eabi/lib/thumb/v7e-m+fp/hard\libc_nano.a(lib_a-errno.o)
                              ./Core/Src/syscalls.o (__errno)
c:/st/stm32cubeide_1.7.0/stm32cubeide/plugins/com.st.stm32cube.ide.mcu.externaltools.gnu-tools-for-stm32.9-2020-q2-update.win32_2.0.0.202105311346/tools/bin/../lib/gcc/arm-none-eabi/9.3.1/../../../../arm-none-eabi/lib/thumb/v7e-m+fp/hard\libc_nano.a(lib_a-exit.o)
                              c:/st/stm32cubeide_1.7.0/stm32cubeide/plugins/com.st.stm32cube.ide.mcu.externaltools.gnu-tools-for-stm32.9-2020-q2-update.win32_2.0.0.202105311346/tools/bin/../lib/gcc/arm-none-eabi/9.3.1/../../../../arm-none-eabi/lib/thumb/v7e-m+fp/hard/crt0.o (exit)
c:/st/stm32cubeide_1.7.0/stm32cubeide/plugins/com.st.stm32cube.ide.mcu.externaltools.gnu-tools-for-stm32.9-2020-q2-update.win32_2.0.0.202105311346/tools/bin/../lib/gcc/arm-none-eabi/9.3.1/../../../../arm-none-eabi/lib/thumb/v7e-m+fp/hard\libc_nano.a(lib_a-findfp.o)
[...]
Memory Configuration

Name             Origin             Length             Attributes
CCMRAM           0x0000000010000000 0x0000000000010000 xrw
RAM              0x0000000020000000 0x0000000000030000 xrw
FLASH            0x0000000008000000 0x0000000000200000 xr
*default*        0x0000000000000000 0xffffffffffffffff

Linker script and memory map

LOAD c:/st/stm32cubeide_1.7.0/stm32cubeide/plugins/com.st.stm32cube.ide.mcu.externaltools.gnu-tools-for-stm32.9-2020-q2-update.win32_2.0.0.202105311346/tools/bin/../lib/gcc/arm-none-eabi/9.3.1/thumb/v7e-m+fp/hard/crti.o
LOAD c:/st/stm32cubeide_1.7.0/stm32cubeide/plugins/com.st.stm32cube.ide.mcu.externaltools.gnu-tools-for-stm32.9-2020-q2-update.win32_2.0.0.202105311346/tools/bin/../lib/gcc/arm-none-eabi/9.3.1/thumb/v7e-m+fp/hard/crtbegin.o
LOAD c:/st/stm32cubeide_1.7.0/stm32cubeide/plugins/com.st.stm32cube.ide.mcu.externaltools.gnu-tools-for-stm32.9-2020-q2-update.win32_2.0.0.202105311346/tools/bin/../lib/gcc/arm-none-eabi/9.3.1/../../../../arm-none-eabi/lib/thumb/v7e-m+fp/hard/crt0.o
LOAD ./Core/Src/Adc_audio_fft.o
LOAD ./Core/Src/Can_task.o
LOAD ./Core/Src/IVI_Can_Matrix.o
LOAD ./Core/Src/freertos.o
LOAD ./Core/Src/main.o
LOAD ./Core/Src/stm32f4xx_hal_msp.o
LOAD ./Core/Src/stm32f4xx_hal_timebase_tim.o
LOAD ./Core/Src/stm32f4xx_it.o
LOAD ./Core/Src/syscalls.o
LOAD ./Core/Src/sysmem.o
LOAD ./Core/Src/system_stm32f4xx.o
LOAD ./Core/Src/uds/extras.o
LOAD ./Core/Src/uds/uds.o
LOAD ./Core/Startup/startup_stm32f429zitx.o
LOAD ./Drivers/STM32F4xx_HAL_Driver/Src/stm32f4xx_hal.o
LOAD ./Drivers/STM32F4xx_HAL_Driver/Src/stm32f4xx_hal_adc.o
LOAD ./Drivers/STM32F4xx_HAL_Driver/Src/stm32f4xx_hal_adc_ex.o
LOAD ./Drivers/STM32F4xx_HAL_Driver/Src/stm32f4xx_hal_can.o
LOAD ./Drivers/STM32F4xx_HAL_Driver/Src/stm32f4xx_hal_cortex.o
LOAD ./Drivers/STM32F4xx_HAL_Driver/Src/stm32f4xx_hal_dac.o
LOAD ./Drivers/STM32F4xx_HAL_Driver/Src/stm32f4xx_hal_dac_ex.o
LOAD ./Drivers/STM32F4xx_HAL_Driver/Src/stm32f4xx_hal_dma.o
LOAD ./Drivers/STM32F4xx_HAL_Driver/Src/stm32f4xx_hal_dma_ex.o
LOAD ./Drivers/STM32F4xx_HAL_Driver/Src/stm32f4xx_hal_eth.o
LOAD ./Drivers/STM32F4xx_HAL_Driver/Src/stm32f4xx_hal_exti.o
LOAD ./Drivers/STM32F4xx_HAL_Driver/Src/stm32f4xx_hal_flash.o
LOAD ./Drivers/STM32F4xx_HAL_Driver/Src/stm32f4xx_hal_flash_ex.o
LOAD ./Drivers/STM32F4xx_HAL_Driver/Src/stm32f4xx_hal_flash_ramfunc.o
LOAD ./Drivers/STM32F4xx_HAL_Driver/Src/stm32f4xx_hal_gpio.o
LOAD ./Drivers/STM32F4xx_HAL_Driver/Src/stm32f4xx_hal_pcd.o
LOAD ./Drivers/STM32F4xx_HAL_Driver/Src/stm32f4xx_hal_pcd_ex.o
LOAD ./Drivers/STM32F4xx_HAL_Driver/Src/stm32f4xx_hal_pwr.o
LOAD ./Drivers/STM32F4xx_HAL_Driver/Src/stm32f4xx_hal_pwr_ex.o
LOAD ./Drivers/STM32F4xx_HAL_Driver/Src/stm32f4xx_hal_rcc.o
LOAD ./Drivers/STM32F4xx_HAL_Driver/Src/stm32f4xx_hal_rcc_ex.o
LOAD ./Drivers/STM32F4xx_HAL_Driver/Src/stm32f4xx_hal_tim.o
LOAD ./Drivers/STM32F4xx_HAL_Driver/Src/stm32f4xx_hal_tim_ex.o
LOAD ./Drivers/STM32F4xx_HAL_Driver/Src/stm32f4xx_hal_uart.o
LOAD ./Drivers/STM32F4xx_HAL_Driver/Src/stm32f4xx_ll_adc.o
LOAD ./Drivers/STM32F4xx_HAL_Driver/Src/stm32f4xx_ll_dac.o
LOAD ./Drivers/STM32F4xx_HAL_Driver/Src/stm32f4xx_ll_dma.o
LOAD ./Drivers/STM32F4xx_HAL_Driver/Src/stm32f4xx_ll_dma2d.o
LOAD ./Drivers/STM32F4xx_HAL_Driver/Src/stm32f4xx_ll_usb.o
LOAD ./Middlewares/Third_Party/FreeRTOS/Source/CMSIS_RTOS_V2/cmsis_os2.o
LOAD ./Middlewares/Third_Party/FreeRTOS/Source/croutine.o
LOAD ./Middlewares/Third_Party/FreeRTOS/Source/event_groups.o
LOAD ./Middlewares/Third_Party/FreeRTOS/Source/list.o
LOAD ./Middlewares/Third_Party/FreeRTOS/Source/queue.o
LOAD ./Middlewares/Third_Party/FreeRTOS/Source/stream_buffer.o
LOAD ./Middlewares/Third_Party/FreeRTOS/Source/tasks.o
LOAD ./Middlewares/Third_Party/FreeRTOS/Source/timers.o
LOAD ./Middlewares/Third_Party/FreeRTOS/Source/portable/GCC/ARM_CM4F/port.o
LOAD ./Middlewares/Third_Party/FreeRTOS/Source/portable/MemMang/heap_4.o
LOAD C:\Users\olgas\projects\chery\ISNT_AVT04_Tester_v.5.7_git\Cherry_Project FreeRTOS\Drivers\CMSIS\DSP\Lib\GCC\libarm_cortexM4lf_math.a
START GROUP
LOAD c:/st/stm32cubeide_1.7.0/stm32cubeide/plugins/com.st.stm32cube.ide.mcu.externaltools.gnu-tools-for-stm32.9-2020-q2-update.win32_2.0.0.202105311346/tools/bin/../lib/gcc/arm-none-eabi/9.3.1/../../../../arm-none-eabi/lib/thumb/v7e-m+fp/hard\libc_nano.a
LOAD c:/st/stm32cubeide_1.7.0/stm32cubeide/plugins/com.st.stm32cube.ide.mcu.externaltools.gnu-tools-for-stm32.9-2020-q2-update.win32_2.0.0.202105311346/tools/bin/../lib/gcc/arm-none-eabi/9.3.1/../../../../arm-none-eabi/lib/thumb/v7e-m+fp/hard\libm.a
END GROUP
START GROUP
LOAD c:/st/stm32cubeide_1.7.0/stm32cubeide/plugins/com.st.stm32cube.ide.mcu.externaltools.gnu-tools-for-stm32.9-2020-q2-update.win32_2.0.0.202105311346/tools/bin/../lib/gcc/arm-none-eabi/9.3.1/thumb/v7e-m+fp/hard\libgcc.a
LOAD c:/st/stm32cubeide_1.7.0/stm32cubeide/plugins/com.st.stm32cube.ide.mcu.externaltools.gnu-tools-for-stm32.9-2020-q2-update.win32_2.0.0.202105311346/tools/bin/../lib/gcc/arm-none-eabi/9.3.1/../../../../arm-none-eabi/lib/thumb/v7e-m+fp/hard\libc_nano.a
END GROUP
START GROUP
LOAD c:/st/stm32cubeide_1.7.0/stm32cubeide/plugins/com.st.stm32cube.ide.mcu.externaltools.gnu-tools-for-stm32.9-2020-q2-update.win32_2.0.0.202105311346/tools/bin/../lib/gcc/arm-none-eabi/9.3.1/thumb/v7e-m+fp/hard\libgcc.a
LOAD c:/st/stm32cubeide_1.7.0/stm32cubeide/plugins/com.st.stm32cube.ide.mcu.externaltools.gnu-tools-for-stm32.9-2020-q2-update.win32_2.0.0.202105311346/tools/bin/../lib/gcc/arm-none-eabi/9.3.1/../../../../arm-none-eabi/lib/thumb/v7e-m+fp/hard\libc_nano.a
LOAD c:/st/stm32cubeide_1.7.0/stm32cubeide/plugins/com.st.stm32cube.ide.mcu.externaltools.gnu-tools-for-stm32.9-2020-q2-update.win32_2.0.0.202105311346/tools/bin/../lib/gcc/arm-none-eabi/9.3.1/../../../../arm-none-eabi/lib/thumb/v7e-m+fp/hard\libnosys.a
END GROUP
START GROUP
LOAD c:/st/stm32cubeide_1.7.0/stm32cubeide/plugins/com.st.stm32cube.ide.mcu.externaltools.gnu-tools-for-stm32.9-2020-q2-update.win32_2.0.0.202105311346/tools/bin/../lib/gcc/arm-none-eabi/9.3.1/thumb/v7e-m+fp/hard\libgcc.a
LOAD c:/st/stm32cubeide_1.7.0/stm32cubeide/plugins/com.st.stm32cube.ide.mcu.externaltools.gnu-tools-for-stm32.9-2020-q2-update.win32_2.0.0.202105311346/tools/bin/../lib/gcc/arm-none-eabi/9.3.1/../../../../arm-none-eabi/lib/thumb/v7e-m+fp/hard\libc_nano.a
LOAD c:/st/stm32cubeide_1.7.0/stm32cubeide/plugins/com.st.stm32cube.ide.mcu.externaltools.gnu-tools-for-stm32.9-2020-q2-update.win32_2.0.0.202105311346/tools/bin/../lib/gcc/arm-none-eabi/9.3.1/../../../../arm-none-eabi/lib/thumb/v7e-m+fp/hard\libnosys.a
END GROUP
LOAD c:/st/stm32cubeide_1.7.0/stm32cubeide/plugins/com.st.stm32cube.ide.mcu.externaltools.gnu-tools-for-stm32.9-2020-q2-update.win32_2.0.0.202105311346/tools/bin/../lib/gcc/arm-none-eabi/9.3.1/thumb/v7e-m+fp/hard/crtend.o
LOAD c:/st/stm32cubeide_1.7.0/stm32cubeide/plugins/com.st.stm32cube.ide.mcu.externaltools.gnu-tools-for-stm32.9-2020-q2-update.win32_2.0.0.202105311346/tools/bin/../lib/gcc/arm-none-eabi/9.3.1/thumb/v7e-m+fp/hard/crtn.o
                0x0000000020030000                _estack = (ORIGIN (RAM) + LENGTH (RAM))
                0x0000000000000200                _Min_Heap_Size = 0x200
                0x0000000000000600                _Min_Stack_Size = 0x600

.isr_vector     0x0000000008000000      0x1ac
                0x0000000008000000                . = ALIGN (0x4)
 *(.isr_vector)
 .isr_vector    0x0000000008000000      0x1ac ./Core/Startup/startup_stm32f429zitx.o
                0x0000000008000000                g_pfnVectors
                0x00000000080001ac                . = ALIGN (0x4)

.text           0x00000000080001b0     0xb0bc
                0x00000000080001b0                . = ALIGN (0x4)
 *(.text)
 .text          0x00000000080001b0       0x40 c:/st/stm32cubeide_1.7.0/stm32cubeide/plugins/com.st.stm32cube.ide.mcu.externaltools.gnu-tools-for-stm32.9-2020-q2-update.win32_2.0.0.202105311346/tools/bin/../lib/gcc/arm-none-eabi/9.3.1/thumb/v7e-m+fp/hard/crtbegin.o
 .text          0x00000000080001f0       0xc0 C:\Users\olgas\projects\chery\ISNT_AVT04_Tester_v.5.7_git\Cherry_Project FreeRTOS\Drivers\CMSIS\DSP\Lib\GCC\libarm_cortexM4lf_math.a(arm_bitreversal2.o)
                0x00000000080001f0                arm_bitreversal_32
                0x000000000800025a                arm_bitreversal_16
 .text          0x00000000080002b0       0x30 c:/st/stm32cubeide_1.7.0/stm32cubeide/plugins/com.st.stm32cube.ide.mcu.externaltools.gnu-tools-for-stm32.9-2020-q2-update.win32_2.0.0.202105311346/tools/bin/../lib/gcc/arm-none-eabi/9.3.1/thumb/v7e-m+fp/hard\libgcc.a(_aeabi_uldivmod.o)
                0x00000000080002b0                __aeabi_uldivmod
 .text          0x00000000080002e0      0x2c4 c:/st/stm32cubeide_1.7.0/stm32cubeide/plugins/com.st.stm32cube.ide.mcu.externaltools.gnu-tools-for-stm32.9-2020-q2-update.win32_2.0.0.202105311346/tools/bin/../lib/gcc/arm-none-eabi/9.3.1/thumb/v7e-m+fp/hard\libgcc.a(_udivmoddi4.o)
                0x00000000080002e0                __udivmoddi4
 .text          0x00000000080005a4        0x4 c:/st/stm32cubeide_1.7.0/stm32cubeide/plugins/com.st.stm32cube.ide.mcu.externaltools.gnu-tools-for-stm32.9-2020-q2-update.win32_2.0.0.202105311346/tools/bin/../lib/gcc/arm-none-eabi/9.3.1/thumb/v7e-m+fp/hard\libgcc.a(_dvmd_tls.o)
                0x00000000080005a4                __aeabi_idiv0
                0x00000000080005a4                __aeabi_ldiv0
 *(.text*)
 .text.audio_fft
                0x00000000080005a8      0x1ac ./Core/Src/Adc_audio_fft.o
                0x00000000080005a8                audio_fft
 .text.InOutADC_Data_Fast
                0x0000000008000754       0x98 ./Core/Src/Adc_audio_fft.o
                0x0000000008000754                InOutADC_Data_Fast
 .text.Can_Task
                0x00000000080007ec      0x574 ./Core/Src/Can_task.o
                0x00000000080007ec                Can_Task
 .text.ConsoleWrite
                0x0000000008000d60       0x60 ./Core/Src/Can_task.o
                0x0000000008000d60                ConsoleWrite
 .text.IVI_Send_Frame
                0x0000000008000dc0       0x4c ./Core/Src/Can_task.o
                0x0000000008000dc0                IVI_Send_Frame
 .text.CAN_UDS_Diagnostic_Req_Send
                0x0000000008000e0c      0x278 ./Core/Src/Can_task.o
                0x0000000008000e0c                CAN_UDS_Diagnostic_Req_Send
 .text.Get_SN   0x0000000008001084       0x74 ./Core/Src/Can_task.o
                0x0000000008001084                Get_SN
 .text.Autorization_test
                0x00000000080010f8       0x68 ./Core/Src/Can_task.o
                0x00000000080010f8                Autorization_test
 .text.GPIO_IO_check
                0x0000000008001160      0x6ac ./Core/Src/Can_task.o
                0x0000000008001160                GPIO_IO_check
 .text.CAN_UDS_Diagnostic_IO_test
                0x000000000800180c       0xbc ./Core/Src/Can_task.o
                0x000000000800180c                CAN_UDS_Diagnostic_IO_test
 .text.CAN_UDS_Set_IO_test
                0x00000000080018c8       0x98 ./Core/Src/Can_task.o
                0x00000000080018c8                CAN_UDS_Set_IO_test
 .text.CAN_UDS_Diagnostic_Response_Wait
                0x0000000008001960       0xc4 ./Core/Src/Can_task.o
                0x0000000008001960                CAN_UDS_Diagnostic_Response_Wait
 .text.DefaultCFGx01
                0x0000000008001a24       0x6c ./Core/Src/Can_task.o
                0x0000000008001a24                DefaultCFGx01
 .text.get_uint32
                0x0000000008001a90       0xb6 ./Core/Src/Can_task.o
                0x0000000008001a90                get_uint32
 .text.Validate_Config
                0x0000000008001b46       0x3e ./Core/Src/Can_task.o
                0x0000000008001b46                Validate_Config
 .text.Test_Audio_Rec
                0x0000000008001b84       0x74 ./Core/Src/Can_task.o
                0x0000000008001b84                Test_Audio_Rec
 .text.Test_Audio_Play
                0x0000000008001bf8       0x50 ./Core/Src/Can_task.o
                0x0000000008001bf8                Test_Audio_Play
 .text.Check_AVT04_Test
                0x0000000008001c48       0x34 ./Core/Src/Can_task.o
                0x0000000008001c48                Check_AVT04_Test
 .text.HW_test  0x0000000008001c7c       0x64 ./Core/Src/Can_task.o
                0x0000000008001c7c                HW_test
 .text.Power_Monitor
                0x0000000008001ce0       0x84 ./Core/Src/Can_task.o
                0x0000000008001ce0                Power_Monitor
 .text.Button_read
                0x0000000008001d64       0x24 ./Core/Src/Can_task.o
                0x0000000008001d64                Button_read
 .text.GSM_GPS_Get_Networks
                0x0000000008001d88       0x9c ./Core/Src/Can_task.o
                0x0000000008001d88                GSM_GPS_Get_Networks
 .text.AVT_cmd_Send
                0x0000000008001e24      0x170 ./Core/Src/Can_task.o
                0x0000000008001e24                AVT_cmd_Send
 .text.HAL_GPIO_EXTI_Callback
                0x0000000008001f94       0x28 ./Core/Src/Can_task.o
                0x0000000008001f94                HAL_GPIO_EXTI_Callback
 .text.ustrlen  0x0000000008001fbc       0x2e ./Core/Src/IVI_Can_Matrix.o
                0x0000000008001fbc                ustrlen
 .text.SearchStr
                0x0000000008001fea      0x10e ./Core/Src/IVI_Can_Matrix.o
                0x0000000008001fea                SearchStr
 .text.Hex_Str  0x00000000080020f8       0x44 ./Core/Src/IVI_Can_Matrix.o
                0x00000000080020f8                Hex_Str
 .text.Print_Loading
                0x000000000800213c       0x5c ./Core/Src/IVI_Can_Matrix.o
                0x000000000800213c                Print_Loading
 .text.RS232_Task
                0x0000000008002198      0x164 ./Core/Src/IVI_Can_Matrix.o
                0x0000000008002198                RS232_Task
 .text.Play_Audio
                0x00000000080022fc       0xc8 ./Core/Src/IVI_Can_Matrix.o
                0x00000000080022fc                Play_Audio
 .text.InOutADC_Data
                0x00000000080023c4       0xa4 ./Core/Src/IVI_Can_Matrix.o
                0x00000000080023c4                InOutADC_Data
 .text.main     0x0000000008002468       0x84 ./Core/Src/main.o
                0x0000000008002468                main
 .text.SystemClock_Config
                0x00000000080024ec       0xd4 ./Core/Src/main.o
                0x00000000080024ec                SystemClock_Config
 .text.MX_DAC_Init
                0x00000000080025c0       0x54 ./Core/Src/main.o
                0x00000000080025c0                MX_DAC_Init
 .text.MX_CAN1_Init
                0x0000000008002614       0xa4 ./Core/Src/main.o
 .text.MX_USART3_UART_Init
                0x00000000080026b8       0x54 ./Core/Src/main.o
 .text.MX_GPIO_Init
                0x000000000800270c      0x1f0 ./Core/Src/main.o
 .text.HAL_TIM_PeriodElapsedCallback
                0x00000000080028fc       0x24 ./Core/Src/main.o
                0x00000000080028fc                HAL_TIM_PeriodElapsedCallback
 .text.Error_Handler
                0x0000000008002920        0xa ./Core/Src/main.o
                0x0000000008002920                Error_Handler
 *fill*         0x000000000800292a        0x2 
 .text.HAL_MspInit
                0x000000000800292c       0x58 ./Core/Src/stm32f4xx_hal_msp.o
                0x000000000800292c                HAL_MspInit
 .text.HAL_CAN_MspInit
                0x0000000008002984       0x90 ./Core/Src/stm32f4xx_hal_msp.o
                0x0000000008002984                HAL_CAN_MspInit
 .text.HAL_UART_MspInit
                0x0000000008002a14       0xa0 ./Core/Src/stm32f4xx_hal_msp.o
                0x0000000008002a14                HAL_UART_MspInit
 .text.MX_ADC1_Init
                0x0000000008002ab4       0xa4 ./Core/Src/stm32f4xx_hal_msp.o
                0x0000000008002ab4                MX_ADC1_Init
 .text.MX_ADC2_Init
                0x0000000008002b58       0xa8 ./Core/Src/stm32f4xx_hal_msp.o
                0x0000000008002b58                MX_ADC2_Init
 .text.MX_ADC3_Init
                0x0000000008002c00       0xb8 ./Core/Src/stm32f4xx_hal_msp.o
                0x0000000008002c00                MX_ADC3_Init
 .text.HAL_ADC_MspInit
                0x0000000008002cb8      0x1bc ./Core/Src/stm32f4xx_hal_msp.o
                0x0000000008002cb8                HAL_ADC_MspInit
 .text.HAL_TIM_Base_MspInit
                0x0000000008002e74       0x34 ./Core/Src/stm32f4xx_hal_msp.o
                0x0000000008002e74                HAL_TIM_Base_MspInit
 .text.HAL_DAC_MspInit
                0x0000000008002ea8       0x98 ./Core/Src/stm32f4xx_hal_msp.o
                0x0000000008002ea8                HAL_DAC_MspInit
 .text.Init_Pins
                0x0000000008002f40       0xf4 ./Core/Src/stm32f4xx_hal_msp.o
                0x0000000008002f40                Init_Pins
 .text.HAL_InitTick
                0x0000000008003034       0xe8 ./Core/Src/stm32f4xx_hal_timebase_tim.o
                0x0000000008003034                HAL_InitTick
 .text.NMI_Handler
                0x000000000800311c        0x6 ./Core/Src/stm32f4xx_it.o
                0x000000000800311c                NMI_Handler
 .text.HardFault_Handler
                0x0000000008003122        0x6 ./Core/Src/stm32f4xx_it.o
                0x0000000008003122                HardFault_Handler
 .text.MemManage_Handler
                0x0000000008003128        0x6 ./Core/Src/stm32f4xx_it.o
                0x0000000008003128                MemManage_Handler
 .text.BusFault_Handler
                0x000000000800312e        0x6 ./Core/Src/stm32f4xx_it.o
                0x000000000800312e                BusFault_Handler
 .text.UsageFault_Handler
                0x0000000008003134        0x6 ./Core/Src/stm32f4xx_it.o
                0x0000000008003134                UsageFault_Handler
 .text.DebugMon_Handler
                0x000000000800313a        0xe ./Core/Src/stm32f4xx_it.o
                0x000000000800313a                DebugMon_Handler
 .text.TIM1_UP_TIM10_IRQHandler
                0x0000000008003148       0x14 ./Core/Src/stm32f4xx_it.o
                0x0000000008003148                TIM1_UP_TIM10_IRQHandler
 .text.TIM6_DAC_IRQHandler
                0x000000000800315c       0x14 ./Core/Src/stm32f4xx_it.o
                0x000000000800315c                TIM6_DAC_IRQHandler
 .text.USART3_IRQHandler
                0x0000000008003170       0x14 ./Core/Src/stm32f4xx_it.o
                0x0000000008003170                USART3_IRQHandler
 .text.EXTI15_10_IRQHandler
                0x0000000008003184       0x10 ./Core/Src/stm32f4xx_it.o
                0x0000000008003184                EXTI15_10_IRQHandler
 .text.SystemInit
                0x0000000008003194       0x24 ./Core/Src/system_stm32f4xx.o
                0x0000000008003194                SystemInit
 .text.CAN_UDS_Diagnostic_Positive_Response_Single_Data_Read_99_Group
                0x00000000080031b8      0x214 ./Core/Src/uds/extras.o
                0x00000000080031b8                CAN_UDS_Diagnostic_Positive_Response_Single_Data_Read_99_Group
 .text.CAN_UDS_Request_Parse
                0x00000000080033cc      0x2b0 ./Core/Src/uds/uds.o
                0x00000000080033cc                CAN_UDS_Request_Parse
 .text.CAN_UDS_Diagnostic_Send
                0x000000000800367c      0x198 ./Core/Src/uds/uds.o
                0x000000000800367c                CAN_UDS_Diagnostic_Send
 .text.IVI_Send_Diagnostic_Single_Response
                0x0000000008003814      0x100 ./Core/Src/uds/uds.o
                0x0000000008003814                IVI_Send_Diagnostic_Single_Response
 .text.Reset_Handler
                0x0000000008003914       0x50 ./Core/Startup/startup_stm32f429zitx.o
                0x0000000008003914                Reset_Handler
 .text.Default_Handler
                0x0000000008003964        0x2 ./Core/Startup/startup_stm32f429zitx.o
                0x0000000008003964                RTC_Alarm_IRQHandler
                0x0000000008003964                HASH_RNG_IRQHandler
                0x0000000008003964                EXTI2_IRQHandler
                0x0000000008003964                TIM8_CC_IRQHandler
                0x0000000008003964                UART8_IRQHandler
                0x0000000008003964                SPI4_IRQHandler
                0x0000000008003964                TIM1_CC_IRQHandler
                0x0000000008003964                DMA2_Stream5_IRQHandler
                0x0000000008003964                DMA1_Stream5_IRQHandler
                0x0000000008003964                PVD_IRQHandler
                0x0000000008003964                SDIO_IRQHandler
                0x0000000008003964                TAMP_STAMP_IRQHandler
                0x0000000008003964                CAN2_RX1_IRQHandler
                0x0000000008003964                EXTI3_IRQHandler
                0x0000000008003964                TIM8_TRG_COM_TIM14_IRQHandler
                0x0000000008003964                TIM8_UP_TIM13_IRQHandler
                0x0000000008003964                I2C3_ER_IRQHandler
                0x0000000008003964                EXTI0_IRQHandler
                0x0000000008003964                I2C2_EV_IRQHandler
                0x0000000008003964                DMA1_Stream2_IRQHandler
                0x0000000008003964                CAN1_RX0_IRQHandler
                0x0000000008003964                FPU_IRQHandler
                0x0000000008003964                OTG_HS_WKUP_IRQHandler
                0x0000000008003964                LTDC_ER_IRQHandler
                0x0000000008003964                CAN2_SCE_IRQHandler
                0x0000000008003964                DMA2_Stream2_IRQHandler
                0x0000000008003964                SPI1_IRQHandler
                0x0000000008003964                TIM1_BRK_TIM9_IRQHandler
                0x0000000008003964                DCMI_IRQHandler
                0x0000000008003964                CAN2_RX0_IRQHandler
                0x0000000008003964                DMA2_Stream3_IRQHandler
                0x0000000008003964                USART6_IRQHandler
                0x0000000008003964                CAN1_RX1_IRQHandler
                0x0000000008003964                UART5_IRQHandler
                0x0000000008003964                DMA2_Stream0_IRQHandler
                0x0000000008003964                TIM4_IRQHandler
                0x0000000008003964                I2C1_EV_IRQHandler
                0x0000000008003964                DMA1_Stream6_IRQHandler
                0x0000000008003964                DMA1_Stream1_IRQHandler
                0x0000000008003964                UART4_IRQHandler
                0x0000000008003964                TIM3_IRQHandler
                0x0000000008003964                RCC_IRQHandler
                0x0000000008003964                TIM8_BRK_TIM12_IRQHandler
                0x0000000008003964                Default_Handler
                0x0000000008003964                ADC_IRQHandler
                0x0000000008003964                DMA1_Stream7_IRQHandler
                0x0000000008003964                SPI5_IRQHandler
                0x0000000008003964                TIM7_IRQHandler
                0x0000000008003964                CAN2_TX_IRQHandler
                0x0000000008003964                TIM5_IRQHandler
                0x0000000008003964                DMA2_Stream7_IRQHandler
                0x0000000008003964                I2C3_EV_IRQHandler
                0x0000000008003964                EXTI9_5_IRQHandler
                0x0000000008003964                RTC_WKUP_IRQHandler
                0x0000000008003964                LTDC_IRQHandler
                0x0000000008003964                ETH_WKUP_IRQHandler
                0x0000000008003964                SPI2_IRQHandler
                0x0000000008003964                OTG_HS_EP1_IN_IRQHandler
                0x0000000008003964                DMA1_Stream0_IRQHandler
                0x0000000008003964                CAN1_TX_IRQHandler
                0x0000000008003964                EXTI4_IRQHandler
                0x0000000008003964                ETH_IRQHandler
                0x0000000008003964                OTG_HS_EP1_OUT_IRQHandler
                0x0000000008003964                WWDG_IRQHandler
                0x0000000008003964                SPI6_IRQHandler
                0x0000000008003964                TIM2_IRQHandler
                0x0000000008003964                OTG_FS_WKUP_IRQHandler
                0x0000000008003964                TIM1_TRG_COM_TIM11_IRQHandler
                0x0000000008003964                OTG_HS_IRQHandler
                0x0000000008003964                DMA2D_IRQHandler
                0x0000000008003964                EXTI1_IRQHandler
                0x0000000008003964                UART7_IRQHandler
                0x0000000008003964                USART2_IRQHandler
                0x0000000008003964                I2C2_ER_IRQHandler
                0x0000000008003964                DMA2_Stream1_IRQHandler
                0x0000000008003964                CAN1_SCE_IRQHandler
                0x0000000008003964                FLASH_IRQHandler
                0x0000000008003964                DMA2_Stream4_IRQHandler
                0x0000000008003964                USART1_IRQHandler
                0x0000000008003964                OTG_FS_IRQHandler
                0x0000000008003964                SPI3_IRQHandler
                0x0000000008003964                DMA1_Stream4_IRQHandler
                0x0000000008003964                I2C1_ER_IRQHandler
                0x0000000008003964                FMC_IRQHandler
                0x0000000008003964                DMA2_Stream6_IRQHandler
                0x0000000008003964                SAI1_IRQHandler
                0x0000000008003964                DMA1_Stream3_IRQHandler
 *fill*         0x0000000008003966        0x2 
 .text.HAL_Init
                0x0000000008003968       0x44 ./Drivers/STM32F4xx_HAL_Driver/Src/stm32f4xx_hal.o
                0x0000000008003968                HAL_Init
 .text.HAL_IncTick
                0x00000000080039ac       0x28 ./Drivers/STM32F4xx_HAL_Driver/Src/stm32f4xx_hal.o
                0x00000000080039ac                HAL_IncTick
 .text.HAL_GetTick
                0x00000000080039d4       0x18 ./Drivers/STM32F4xx_HAL_Driver/Src/stm32f4xx_hal.o
                0x00000000080039d4                HAL_GetTick
 .text.HAL_Delay
                0x00000000080039ec       0x48 ./Drivers/STM32F4xx_HAL_Driver/Src/stm32f4xx_hal.o
                0x00000000080039ec                HAL_Delay
 .text.HAL_ADC_Init
                0x0000000008003a34       0x86 ./Drivers/STM32F4xx_HAL_Driver/Src/stm32f4xx_hal_adc.o
                0x0000000008003a34                HAL_ADC_Init
 *fill*         0x0000000008003aba        0x2 
 .text.HAL_ADC_Start
                0x0000000008003abc      0x1a4 ./Drivers/STM32F4xx_HAL_Driver/Src/stm32f4xx_hal_adc.o
                0x0000000008003abc                HAL_ADC_Start
 .text.HAL_ADC_Stop
                0x0000000008003c60       0x66 ./Drivers/STM32F4xx_HAL_Driver/Src/stm32f4xx_hal_adc.o
                0x0000000008003c60                HAL_ADC_Stop
 .text.HAL_ADC_PollForConversion
                0x0000000008003cc6      0x116 ./Drivers/STM32F4xx_HAL_Driver/Src/stm32f4xx_hal_adc.o
                0x0000000008003cc6                HAL_ADC_PollForConversion
 .text.HAL_ADC_GetValue
                0x0000000008003ddc       0x1a ./Drivers/STM32F4xx_HAL_Driver/Src/stm32f4xx_hal_adc.o
                0x0000000008003ddc                HAL_ADC_GetValue
 *fill*         0x0000000008003df6        0x2 
 .text.HAL_ADC_ConfigChannel
                0x0000000008003df8      0x264 ./Drivers/STM32F4xx_HAL_Driver/Src/stm32f4xx_hal_adc.o
                0x0000000008003df8                HAL_ADC_ConfigChannel
 .text.ADC_Init
                0x000000000800405c      0x1f8 ./Drivers/STM32F4xx_HAL_Driver/Src/stm32f4xx_hal_adc.o
 .text.HAL_CAN_Init
                0x0000000008004254      0x1f6 ./Drivers/STM32F4xx_HAL_Driver/Src/stm32f4xx_hal_can.o
                0x0000000008004254                HAL_CAN_Init
 *fill*         0x000000000800444a        0x2 
 .text.HAL_CAN_ConfigFilter
                0x000000000800444c      0x1c0 ./Drivers/STM32F4xx_HAL_Driver/Src/stm32f4xx_hal_can.o
                0x000000000800444c                HAL_CAN_ConfigFilter
 .text.HAL_CAN_Start
                0x000000000800460c       0x88 ./Drivers/STM32F4xx_HAL_Driver/Src/stm32f4xx_hal_can.o
                0x000000000800460c                HAL_CAN_Start
 .text.HAL_CAN_AddTxMessage
                0x0000000008004694      0x1b6 ./Drivers/STM32F4xx_HAL_Driver/Src/stm32f4xx_hal_can.o
                0x0000000008004694                HAL_CAN_AddTxMessage
 .text.HAL_CAN_GetTxMailboxesFreeLevel
                0x000000000800484a       0x6a ./Drivers/STM32F4xx_HAL_Driver/Src/stm32f4xx_hal_can.o
                0x000000000800484a                HAL_CAN_GetTxMailboxesFreeLevel
 .text.HAL_CAN_GetRxMessage
                0x00000000080048b4      0x224 ./Drivers/STM32F4xx_HAL_Driver/Src/stm32f4xx_hal_can.o
                0x00000000080048b4                HAL_CAN_GetRxMessage
 .text.__NVIC_SetPriorityGrouping
                0x0000000008004ad8       0x48 ./Drivers/STM32F4xx_HAL_Driver/Src/stm32f4xx_hal_cortex.o
 .text.__NVIC_GetPriorityGrouping
                0x0000000008004b20       0x1c ./Drivers/STM32F4xx_HAL_Driver/Src/stm32f4xx_hal_cortex.o
 .text.__NVIC_EnableIRQ
                0x0000000008004b3c       0x3c ./Drivers/STM32F4xx_HAL_Driver/Src/stm32f4xx_hal_cortex.o
 .text.__NVIC_SetPriority
                0x0000000008004b78       0x54 ./Drivers/STM32F4xx_HAL_Driver/Src/stm32f4xx_hal_cortex.o
 .text.NVIC_EncodePriority
                0x0000000008004bcc       0x66 ./Drivers/STM32F4xx_HAL_Driver/Src/stm32f4xx_hal_cortex.o
 .text.HAL_NVIC_SetPriorityGrouping
                0x0000000008004c32       0x16 ./Drivers/STM32F4xx_HAL_Driver/Src/stm32f4xx_hal_cortex.o
                0x0000000008004c32                HAL_NVIC_SetPriorityGrouping
 .text.HAL_NVIC_SetPriority
                0x0000000008004c48       0x38 ./Drivers/STM32F4xx_HAL_Driver/Src/stm32f4xx_hal_cortex.o
                0x0000000008004c48                HAL_NVIC_SetPriority
 .text.HAL_NVIC_EnableIRQ
                0x0000000008004c80       0x1c ./Drivers/STM32F4xx_HAL_Driver/Src/stm32f4xx_hal_cortex.o
                0x0000000008004c80                HAL_NVIC_EnableIRQ
 .text.HAL_DAC_Init
                0x0000000008004c9c       0x44 ./Drivers/STM32F4xx_HAL_Driver/Src/stm32f4xx_hal_dac.o
                0x0000000008004c9c                HAL_DAC_Init
 .text.HAL_DAC_Start
                0x0000000008004ce0       0xa4 ./Drivers/STM32F4xx_HAL_Driver/Src/stm32f4xx_hal_dac.o
                0x0000000008004ce0                HAL_DAC_Start
 .text.HAL_DAC_Stop
                0x0000000008004d84       0x3a ./Drivers/STM32F4xx_HAL_Driver/Src/stm32f4xx_hal_dac.o
                0x0000000008004d84                HAL_DAC_Stop
 .text.HAL_DAC_IRQHandler
                0x0000000008004dbe       0xb4 ./Drivers/STM32F4xx_HAL_Driver/Src/stm32f4xx_hal_dac.o
                0x0000000008004dbe                HAL_DAC_IRQHandler
 .text.HAL_DAC_SetValue
                0x0000000008004e72       0x4a ./Drivers/STM32F4xx_HAL_Driver/Src/stm32f4xx_hal_dac.o
                0x0000000008004e72                HAL_DAC_SetValue
 .text.HAL_DAC_DMAUnderrunCallbackCh1
                0x0000000008004ebc       0x14 ./Drivers/STM32F4xx_HAL_Driver/Src/stm32f4xx_hal_dac.o
                0x0000000008004ebc                HAL_DAC_DMAUnderrunCallbackCh1
 .text.HAL_DAC_ConfigChannel
                0x0000000008004ed0       0x9e ./Drivers/STM32F4xx_HAL_Driver/Src/stm32f4xx_hal_dac.o
                0x0000000008004ed0                HAL_DAC_ConfigChannel
 .text.HAL_DACEx_DMAUnderrunCallbackCh2
                0x0000000008004f6e       0x14 ./Drivers/STM32F4xx_HAL_Driver/Src/stm32f4xx_hal_dac_ex.o
                0x0000000008004f6e                HAL_DACEx_DMAUnderrunCallbackCh2
 .text.HAL_DMA_Abort
                0x0000000008004f82       0xe0 ./Drivers/STM32F4xx_HAL_Driver/Src/stm32f4xx_hal_dma.o
                0x0000000008004f82                HAL_DMA_Abort
 .text.HAL_DMA_Abort_IT
                0x0000000008005062       0x44 ./Drivers/STM32F4xx_HAL_Driver/Src/stm32f4xx_hal_dma.o
                0x0000000008005062                HAL_DMA_Abort_IT
 *fill*         0x00000000080050a6        0x2 
 .text.HAL_GPIO_Init
                0x00000000080050a8      0x358 ./Drivers/STM32F4xx_HAL_Driver/Src/stm32f4xx_hal_gpio.o
                0x00000000080050a8                HAL_GPIO_Init
 .text.HAL_GPIO_ReadPin
                0x0000000008005400       0x30 ./Drivers/STM32F4xx_HAL_Driver/Src/stm32f4xx_hal_gpio.o
                0x0000000008005400                HAL_GPIO_ReadPin
 .text.HAL_GPIO_WritePin
                0x0000000008005430       0x32 ./Drivers/STM32F4xx_HAL_Driver/Src/stm32f4xx_hal_gpio.o
                0x0000000008005430                HAL_GPIO_WritePin
 *fill*         0x0000000008005462        0x2 
 .text.HAL_GPIO_EXTI_IRQHandler
                0x0000000008005464       0x30 ./Drivers/STM32F4xx_HAL_Driver/Src/stm32f4xx_hal_gpio.o
                0x0000000008005464                HAL_GPIO_EXTI_IRQHandler
 .text.HAL_RCC_OscConfig
                0x0000000008005494      0x4f0 ./Drivers/STM32F4xx_HAL_Driver/Src/stm32f4xx_hal_rcc.o
                0x0000000008005494                HAL_RCC_OscConfig
 .text.HAL_RCC_ClockConfig
                0x0000000008005984      0x1cc ./Drivers/STM32F4xx_HAL_Driver/Src/stm32f4xx_hal_rcc.o
                0x0000000008005984                HAL_RCC_ClockConfig
 .text.HAL_RCC_GetSysClockFreq
                0x0000000008005b50      0x1c4 ./Drivers/STM32F4xx_HAL_Driver/Src/stm32f4xx_hal_rcc.o
                0x0000000008005b50                HAL_RCC_GetSysClockFreq
 .text.HAL_RCC_GetHCLKFreq
                0x0000000008005d14       0x18 ./Drivers/STM32F4xx_HAL_Driver/Src/stm32f4xx_hal_rcc.o
                0x0000000008005d14                HAL_RCC_GetHCLKFreq
 .text.HAL_RCC_GetPCLK1Freq
                0x0000000008005d2c       0x28 ./Drivers/STM32F4xx_HAL_Driver/Src/stm32f4xx_hal_rcc.o
                0x0000000008005d2c                HAL_RCC_GetPCLK1Freq
 .text.HAL_RCC_GetPCLK2Freq
                0x0000000008005d54       0x28 ./Drivers/STM32F4xx_HAL_Driver/Src/stm32f4xx_hal_rcc.o
                0x0000000008005d54                HAL_RCC_GetPCLK2Freq
 .text.HAL_RCC_GetClockConfig
                0x0000000008005d7c       0x64 ./Drivers/STM32F4xx_HAL_Driver/Src/stm32f4xx_hal_rcc.o
                0x0000000008005d7c                HAL_RCC_GetClockConfig
 .text.HAL_TIM_Base_Init
                0x0000000008005de0       0x9e ./Drivers/STM32F4xx_HAL_Driver/Src/stm32f4xx_hal_tim.o
                0x0000000008005de0                HAL_TIM_Base_Init
 *fill*         0x0000000008005e7e        0x2 
 .text.HAL_TIM_Base_Start_IT
                0x0000000008005e80       0xe0 ./Drivers/STM32F4xx_HAL_Driver/Src/stm32f4xx_hal_tim.o
                0x0000000008005e80                HAL_TIM_Base_Start_IT
 .text.HAL_TIM_IRQHandler
                0x0000000008005f60      0x210 ./Drivers/STM32F4xx_HAL_Driver/Src/stm32f4xx_hal_tim.o
                0x0000000008005f60                HAL_TIM_IRQHandler
 .text.HAL_TIM_OC_DelayElapsedCallback
                0x0000000008006170       0x14 ./Drivers/STM32F4xx_HAL_Driver/Src/stm32f4xx_hal_tim.o
                0x0000000008006170                HAL_TIM_OC_DelayElapsedCallback
 .text.HAL_TIM_IC_CaptureCallback
                0x0000000008006184       0x14 ./Drivers/STM32F4xx_HAL_Driver/Src/stm32f4xx_hal_tim.o
                0x0000000008006184                HAL_TIM_IC_CaptureCallback
 .text.HAL_TIM_PWM_PulseFinishedCallback
                0x0000000008006198       0x14 ./Drivers/STM32F4xx_HAL_Driver/Src/stm32f4xx_hal_tim.o
                0x0000000008006198                HAL_TIM_PWM_PulseFinishedCallback
 .text.HAL_TIM_TriggerCallback
                0x00000000080061ac       0x14 ./Drivers/STM32F4xx_HAL_Driver/Src/stm32f4xx_hal_tim.o
                0x00000000080061ac                HAL_TIM_TriggerCallback
 .text.TIM_Base_SetConfig
                0x00000000080061c0      0x140 ./Drivers/STM32F4xx_HAL_Driver/Src/stm32f4xx_hal_tim.o
                0x00000000080061c0                TIM_Base_SetConfig
 .text.HAL_TIMEx_CommutCallback
                0x0000000008006300       0x14 ./Drivers/STM32F4xx_HAL_Driver/Src/stm32f4xx_hal_tim_ex.o
                0x0000000008006300                HAL_TIMEx_CommutCallback
 .text.HAL_TIMEx_BreakCallback
                0x0000000008006314       0x14 ./Drivers/STM32F4xx_HAL_Driver/Src/stm32f4xx_hal_tim_ex.o
                0x0000000008006314                HAL_TIMEx_BreakCallback
 .text.HAL_UART_Init
                0x0000000008006328       0x9a ./Drivers/STM32F4xx_HAL_Driver/Src/stm32f4xx_hal_uart.o
                0x0000000008006328                HAL_UART_Init
 .text.HAL_UART_Transmit
                0x00000000080063c2      0x124 ./Drivers/STM32F4xx_HAL_Driver/Src/stm32f4xx_hal_uart.o
                0x00000000080063c2                HAL_UART_Transmit
 .text.HAL_UART_Receive
                0x00000000080064e6      0x144 ./Drivers/STM32F4xx_HAL_Driver/Src/stm32f4xx_hal_uart.o
                0x00000000080064e6                HAL_UART_Receive
 .text.HAL_UART_Receive_IT
                0x000000000800662a       0x60 ./Drivers/STM32F4xx_HAL_Driver/Src/stm32f4xx_hal_uart.o
                0x000000000800662a                HAL_UART_Receive_IT
 *fill*         0x000000000800668a        0x2 
 .text.HAL_UART_IRQHandler
                0x000000000800668c      0x51c ./Drivers/STM32F4xx_HAL_Driver/Src/stm32f4xx_hal_uart.o
                0x000000000800668c                HAL_UART_IRQHandler
 .text.HAL_UART_TxCpltCallback
                0x0000000008006ba8       0x14 ./Drivers/STM32F4xx_HAL_Driver/Src/stm32f4xx_hal_uart.o
                0x0000000008006ba8                HAL_UART_TxCpltCallback
 .text.HAL_UART_RxCpltCallback
                0x0000000008006bbc       0x14 ./Drivers/STM32F4xx_HAL_Driver/Src/stm32f4xx_hal_uart.o
                0x0000000008006bbc                HAL_UART_RxCpltCallback
 .text.HAL_UART_ErrorCallback
                0x0000000008006bd0       0x14 ./Drivers/STM32F4xx_HAL_Driver/Src/stm32f4xx_hal_uart.o
                0x0000000008006bd0                HAL_UART_ErrorCallback
 .text.HAL_UARTEx_RxEventCallback
                0x0000000008006be4       0x18 ./Drivers/STM32F4xx_HAL_Driver/Src/stm32f4xx_hal_uart.o
                0x0000000008006be4                HAL_UARTEx_RxEventCallback
 .text.UART_WaitOnFlagUntilTimeout
                0x0000000008006bfc       0xdc ./Drivers/STM32F4xx_HAL_Driver/Src/stm32f4xx_hal_uart.o
 .text.UART_Start_Receive_IT
                0x0000000008006cd8       0x7c ./Drivers/STM32F4xx_HAL_Driver/Src/stm32f4xx_hal_uart.o
                0x0000000008006cd8                UART_Start_Receive_IT
 .text.UART_EndRxTransfer
                0x0000000008006d54       0xc6 ./Drivers/STM32F4xx_HAL_Driver/Src/stm32f4xx_hal_uart.o
 .text.UART_DMAAbortOnError
                0x0000000008006e1a       0x28 ./Drivers/STM32F4xx_HAL_Driver/Src/stm32f4xx_hal_uart.o
 .text.UART_Transmit_IT
                0x0000000008006e42       0xa0 ./Drivers/STM32F4xx_HAL_Driver/Src/stm32f4xx_hal_uart.o
 .text.UART_EndTransmit_IT
                0x0000000008006ee2       0x30 ./Drivers/STM32F4xx_HAL_Driver/Src/stm32f4xx_hal_uart.o
 .text.UART_Receive_IT
                0x0000000008006f12      0x176 ./Drivers/STM32F4xx_HAL_Driver/Src/stm32f4xx_hal_uart.o
 .text.UART_SetConfig
                0x0000000008007088      0x390 ./Drivers/STM32F4xx_HAL_Driver/Src/stm32f4xx_hal_uart.o
 .text.__NVIC_SetPriority
                0x0000000008007418       0x54 ./Middlewares/Third_Party/FreeRTOS/Source/CMSIS_RTOS_V2/cmsis_os2.o
 .text.SysTick_Handler
                0x000000000800746c       0x20 ./Middlewares/Third_Party/FreeRTOS/Source/CMSIS_RTOS_V2/cmsis_os2.o
                0x000000000800746c                SysTick_Handler
 .text.SVC_Setup
                0x000000000800748c       0x12 ./Middlewares/Third_Party/FreeRTOS/Source/CMSIS_RTOS_V2/cmsis_os2.o
 *fill*         0x000000000800749e        0x2 
 .text.osKernelInitialize
                0x00000000080074a0       0x48 ./Middlewares/Third_Party/FreeRTOS/Source/CMSIS_RTOS_V2/cmsis_os2.o
                0x00000000080074a0                osKernelInitialize
 .text.osKernelStart
                0x00000000080074e8       0x4c ./Middlewares/Third_Party/FreeRTOS/Source/CMSIS_RTOS_V2/cmsis_os2.o
                0x00000000080074e8                osKernelStart
 .text.osThreadNew
                0x0000000008007534      0x124 ./Middlewares/Third_Party/FreeRTOS/Source/CMSIS_RTOS_V2/cmsis_os2.o
                0x0000000008007534                osThreadNew
 .text.vApplicationGetIdleTaskMemory
                0x0000000008007658       0x34 ./Middlewares/Third_Party/FreeRTOS/Source/CMSIS_RTOS_V2/cmsis_os2.o
                0x0000000008007658                vApplicationGetIdleTaskMemory
 .text.vApplicationGetTimerTaskMemory
                0x000000000800768c       0x34 ./Middlewares/Third_Party/FreeRTOS/Source/CMSIS_RTOS_V2/cmsis_os2.o
                0x000000000800768c                vApplicationGetTimerTaskMemory
 .text.vListInitialise
                0x00000000080076c0       0x40 ./Middlewares/Third_Party/FreeRTOS/Source/list.o
                0x00000000080076c0                vListInitialise
 .text.vListInitialiseItem
                0x0000000008007700       0x1a ./Middlewares/Third_Party/FreeRTOS/Source/list.o
                0x0000000008007700                vListInitialiseItem
 .text.vListInsertEnd
                0x000000000800771a       0x48 ./Middlewares/Third_Party/FreeRTOS/Source/list.o
                0x000000000800771a                vListInsertEnd
 .text.vListInsert
                0x0000000008007762       0x72 ./Middlewares/Third_Party/FreeRTOS/Source/list.o
                0x0000000008007762                vListInsert
 .text.uxListRemove
                0x00000000080077d4       0x54 ./Middlewares/Third_Party/FreeRTOS/Source/list.o
                0x00000000080077d4                uxListRemove
 .text.xQueueGenericReset
                0x0000000008007828       0xd0 ./Middlewares/Third_Party/FreeRTOS/Source/queue.o
                0x0000000008007828                xQueueGenericReset
 .text.xQueueGenericCreateStatic
                0x00000000080078f8       0xf0 ./Middlewares/Third_Party/FreeRTOS/Source/queue.o
                0x00000000080078f8                xQueueGenericCreateStatic
 .text.xQueueGenericCreate
                0x00000000080079e8       0x74 ./Middlewares/Third_Party/FreeRTOS/Source/queue.o
                0x00000000080079e8                xQueueGenericCreate
 .text.prvInitialiseNewQueue
                0x0000000008007a5c       0x46 ./Middlewares/Third_Party/FreeRTOS/Source/queue.o
 .text.prvInitialiseMutex
                0x0000000008007aa2       0x34 ./Middlewares/Third_Party/FreeRTOS/Source/queue.o
 .text.xQueueCreateMutex
                0x0000000008007ad6       0x30 ./Middlewares/Third_Party/FreeRTOS/Source/queue.o
                0x0000000008007ad6                xQueueCreateMutex
 *fill*         0x0000000008007b06        0x2 
 .text.xQueueGenericSend
                0x0000000008007b08      0x1fc ./Middlewares/Third_Party/FreeRTOS/Source/queue.o
                0x0000000008007b08                xQueueGenericSend
 .text.xQueueGenericSendFromISR
                0x0000000008007d04      0x136 ./Middlewares/Third_Party/FreeRTOS/Source/queue.o
                0x0000000008007d04                xQueueGenericSendFromISR
 *fill*         0x0000000008007e3a        0x2 
 .text.xQueueReceive
                0x0000000008007e3c      0x1c0 ./Middlewares/Third_Party/FreeRTOS/Source/queue.o
                0x0000000008007e3c                xQueueReceive
 .text.xQueueSemaphoreTake
                0x0000000008007ffc      0x218 ./Middlewares/Third_Party/FreeRTOS/Source/queue.o
                0x0000000008007ffc                xQueueSemaphoreTake
 .text.prvGetDisinheritPriorityAfterTimeout
                0x0000000008008214       0x30 ./Middlewares/Third_Party/FreeRTOS/Source/queue.o
 .text.prvCopyDataToQueue
                0x0000000008008244       0xd4 ./Middlewares/Third_Party/FreeRTOS/Source/queue.o
 .text.prvCopyDataFromQueue
                0x0000000008008318       0x4c ./Middlewares/Third_Party/FreeRTOS/Source/queue.o
 .text.prvUnlockQueue
                0x0000000008008364       0xa4 ./Middlewares/Third_Party/FreeRTOS/Source/queue.o
 .text.prvIsQueueEmpty
                0x0000000008008408       0x2c ./Middlewares/Third_Party/FreeRTOS/Source/queue.o
 .text.prvIsQueueFull
                0x0000000008008434       0x30 ./Middlewares/Third_Party/FreeRTOS/Source/queue.o
 .text.vQueueAddToRegistry
                0x0000000008008464       0x54 ./Middlewares/Third_Party/FreeRTOS/Source/queue.o
                0x0000000008008464                vQueueAddToRegistry
 .text.vQueueWaitForMessageRestricted
                0x00000000080084b8       0x68 ./Middlewares/Third_Party/FreeRTOS/Source/queue.o
                0x00000000080084b8                vQueueWaitForMessageRestricted
 .text.xTaskCreateStatic
                0x0000000008008520       0xba ./Middlewares/Third_Party/FreeRTOS/Source/tasks.o
                0x0000000008008520                xTaskCreateStatic
 .text.xTaskCreate
                0x00000000080085da       0x8a ./Middlewares/Third_Party/FreeRTOS/Source/tasks.o
                0x00000000080085da                xTaskCreate
 .text.prvInitialiseNewTask
                0x0000000008008664      0x14c ./Middlewares/Third_Party/FreeRTOS/Source/tasks.o
 .text.prvAddNewTaskToReadyList
                0x00000000080087b0       0xe0 ./Middlewares/Third_Party/FreeRTOS/Source/tasks.o
 .text.vTaskDelay
                0x0000000008008890       0x68 ./Middlewares/Third_Party/FreeRTOS/Source/tasks.o
                0x0000000008008890                vTaskDelay
 .text.vTaskStartScheduler
                0x00000000080088f8       0xe0 ./Middlewares/Third_Party/FreeRTOS/Source/tasks.o
                0x00000000080088f8                vTaskStartScheduler
 .text.vTaskSuspendAll
                0x00000000080089d8       0x1c ./Middlewares/Third_Party/FreeRTOS/Source/tasks.o
                0x00000000080089d8                vTaskSuspendAll
 .text.xTaskResumeAll
                0x00000000080089f4      0x13c ./Middlewares/Third_Party/FreeRTOS/Source/tasks.o
                0x00000000080089f4                xTaskResumeAll
 .text.xTaskGetTickCount
                0x0000000008008b30       0x20 ./Middlewares/Third_Party/FreeRTOS/Source/tasks.o
                0x0000000008008b30                xTaskGetTickCount
 .text.xTaskIncrementTick
                0x0000000008008b50      0x174 ./Middlewares/Third_Party/FreeRTOS/Source/tasks.o
                0x0000000008008b50                xTaskIncrementTick
 .text.vTaskSwitchContext
                0x0000000008008cc4       0xc8 ./Middlewares/Third_Party/FreeRTOS/Source/tasks.o
                0x0000000008008cc4                vTaskSwitchContext
 .text.vTaskPlaceOnEventList
                0x0000000008008d8c       0x48 ./Middlewares/Third_Party/FreeRTOS/Source/tasks.o
                0x0000000008008d8c                vTaskPlaceOnEventList
 .text.vTaskPlaceOnEventListRestricted
                0x0000000008008dd4       0x58 ./Middlewares/Third_Party/FreeRTOS/Source/tasks.o
                0x0000000008008dd4                vTaskPlaceOnEventListRestricted
 .text.xTaskRemoveFromEventList
                0x0000000008008e2c       0xc8 ./Middlewares/Third_Party/FreeRTOS/Source/tasks.o
                0x0000000008008e2c                xTaskRemoveFromEventList
 .text.vTaskInternalSetTimeOutState
                0x0000000008008ef4       0x2c ./Middlewares/Third_Party/FreeRTOS/Source/tasks.o
                0x0000000008008ef4                vTaskInternalSetTimeOutState
 .text.xTaskCheckForTimeOut
                0x0000000008008f20       0xc4 ./Middlewares/Third_Party/FreeRTOS/Source/tasks.o
                0x0000000008008f20                xTaskCheckForTimeOut
 .text.vTaskMissedYield
                0x0000000008008fe4       0x18 ./Middlewares/Third_Party/FreeRTOS/Source/tasks.o
                0x0000000008008fe4                vTaskMissedYield
 .text.prvIdleTask
                0x0000000008008ffc       0x30 ./Middlewares/Third_Party/FreeRTOS/Source/tasks.o
 .text.prvInitialiseTaskLists
                0x000000000800902c       0x80 ./Middlewares/Third_Party/FreeRTOS/Source/tasks.o
 .text.prvCheckTasksWaitingTermination
                0x00000000080090ac       0x5c ./Middlewares/Third_Party/FreeRTOS/Source/tasks.o
 .text.prvDeleteTCB
                0x0000000008009108       0x68 ./Middlewares/Third_Party/FreeRTOS/Source/tasks.o
 .text.prvResetNextTaskUnblockTime
                0x0000000008009170       0x40 ./Middlewares/Third_Party/FreeRTOS/Source/tasks.o
 .text.xTaskGetSchedulerState
                0x00000000080091b0       0x3c ./Middlewares/Third_Party/FreeRTOS/Source/tasks.o
                0x00000000080091b0                xTaskGetSchedulerState
 .text.xTaskPriorityInherit
                0x00000000080091ec       0xd0 ./Middlewares/Third_Party/FreeRTOS/Source/tasks.o
                0x00000000080091ec                xTaskPriorityInherit
 .text.xTaskPriorityDisinherit
                0x00000000080092bc       0xdc ./Middlewares/Third_Party/FreeRTOS/Source/tasks.o
                0x00000000080092bc                xTaskPriorityDisinherit
 .text.vTaskPriorityDisinheritAfterTimeout
                0x0000000008009398      0x104 ./Middlewares/Third_Party/FreeRTOS/Source/tasks.o
                0x0000000008009398                vTaskPriorityDisinheritAfterTimeout
 .text.pvTaskIncrementMutexHeldCount
                0x000000000800949c       0x28 ./Middlewares/Third_Party/FreeRTOS/Source/tasks.o
                0x000000000800949c                pvTaskIncrementMutexHeldCount
 .text.prvAddCurrentTaskToDelayedList
                0x00000000080094c4       0xa8 ./Middlewares/Third_Party/FreeRTOS/Source/tasks.o
 .text.xTimerCreateTimerTask
                0x000000000800956c       0x90 ./Middlewares/Third_Party/FreeRTOS/Source/timers.o
                0x000000000800956c                xTimerCreateTimerTask
 .text.xTimerGenericCommand
                0x00000000080095fc       0x9c ./Middlewares/Third_Party/FreeRTOS/Source/timers.o
                0x00000000080095fc                xTimerGenericCommand
 .text.prvProcessExpiredTimer
                0x0000000008009698       0x98 ./Middlewares/Third_Party/FreeRTOS/Source/timers.o
 .text.prvTimerTask
                0x0000000008009730       0x24 ./Middlewares/Third_Party/FreeRTOS/Source/timers.o
 .text.prvProcessTimerOrBlockTask
                0x0000000008009754       0x9c ./Middlewares/Third_Party/FreeRTOS/Source/timers.o
 .text.prvGetNextExpireTime
                0x00000000080097f0       0x48 ./Middlewares/Third_Party/FreeRTOS/Source/timers.o
 .text.prvSampleTimeNow
                0x0000000008009838       0x40 ./Middlewares/Third_Party/FreeRTOS/Source/timers.o
 .text.prvInsertTimerInActiveList
                0x0000000008009878       0x84 ./Middlewares/Third_Party/FreeRTOS/Source/timers.o
 .text.prvProcessReceivedCommands
                0x00000000080098fc      0x1c4 ./Middlewares/Third_Party/FreeRTOS/Source/timers.o
 .text.prvSwitchTimerLists
                0x0000000008009ac0       0xc8 ./Middlewares/Third_Party/FreeRTOS/Source/timers.o
 .text.prvCheckForValidListAndQueue
                0x0000000008009b88       0x80 ./Middlewares/Third_Party/FreeRTOS/Source/timers.o
 .text.pxPortInitialiseStack
                0x0000000008009c08       0x68 ./Middlewares/Third_Party/FreeRTOS/Source/portable/GCC/ARM_CM4F/port.o
                0x0000000008009c08                pxPortInitialiseStack
 .text.prvTaskExitError
                0x0000000008009c70       0x58 ./Middlewares/Third_Party/FreeRTOS/Source/portable/GCC/ARM_CM4F/port.o
 *fill*         0x0000000008009cc8        0x8 
 .text.SVC_Handler
                0x0000000008009cd0       0x28 ./Middlewares/Third_Party/FreeRTOS/Source/portable/GCC/ARM_CM4F/port.o
                0x0000000008009cd0                SVC_Handler
 .text.prvPortStartFirstTask
                0x0000000008009cf8       0x28 ./Middlewares/Third_Party/FreeRTOS/Source/portable/GCC/ARM_CM4F/port.o
 .text.xPortStartScheduler
                0x0000000008009d20      0x144 ./Middlewares/Third_Party/FreeRTOS/Source/portable/GCC/ARM_CM4F/port.o
                0x0000000008009d20                xPortStartScheduler
 .text.vPortEnterCritical
                0x0000000008009e64       0x60 ./Middlewares/Third_Party/FreeRTOS/Source/portable/GCC/ARM_CM4F/port.o
                0x0000000008009e64                vPortEnterCritical
 .text.vPortExitCritical
                0x0000000008009ec4       0x54 ./Middlewares/Third_Party/FreeRTOS/Source/portable/GCC/ARM_CM4F/port.o
                0x0000000008009ec4                vPortExitCritical
 *fill*         0x0000000008009f18        0x8 
 .text.PendSV_Handler
                0x0000000008009f20       0x68 ./Middlewares/Third_Party/FreeRTOS/Source/portable/GCC/ARM_CM4F/port.o
                0x0000000008009f20                PendSV_Handler
 .text.xPortSysTickHandler
                0x0000000008009f88       0x44 ./Middlewares/Third_Party/FreeRTOS/Source/portable/GCC/ARM_CM4F/port.o
                0x0000000008009f88                xPortSysTickHandler
 .text.vPortSetupTimerInterrupt
                0x0000000008009fcc       0x48 ./Middlewares/Third_Party/FreeRTOS/Source/portable/GCC/ARM_CM4F/port.o
                0x0000000008009fcc                vPortSetupTimerInterrupt
 .text.vPortEnableVFP
                0x000000000800a014       0x14 ./Middlewares/Third_Party/FreeRTOS/Source/portable/GCC/ARM_CM4F/port.o
 .text.vPortValidateInterruptPriority
                0x000000000800a028       0x80 ./Middlewares/Third_Party/FreeRTOS/Source/portable/GCC/ARM_CM4F/port.o
                0x000000000800a028                vPortValidateInterruptPriority
 .text.pvPortMalloc
                0x000000000800a0a8      0x198 ./Middlewares/Third_Party/FreeRTOS/Source/portable/MemMang/heap_4.o
                0x000000000800a0a8                pvPortMalloc
 .text.vPortFree
                0x000000000800a240       0xc4 ./Middlewares/Third_Party/FreeRTOS/Source/portable/MemMang/heap_4.o
                0x000000000800a240                vPortFree
 .text.prvHeapInit
                0x000000000800a304       0xc4 ./Middlewares/Third_Party/FreeRTOS/Source/portable/MemMang/heap_4.o
 .text.prvInsertBlockIntoFreeList
                0x000000000800a3c8       0xb4 ./Middlewares/Third_Party/FreeRTOS/Source/portable/MemMang/heap_4.o
 .text.arm_max_q15
                0x000000000800a47c       0xb4 C:\Users\olgas\projects\chery\ISNT_AVT04_Tester_v.5.7_git\Cherry_Project FreeRTOS\Drivers\CMSIS\DSP\Lib\GCC\libarm_cortexM4lf_math.a(arm_max_q15.o)
                0x000000000800a47c                arm_max_q15
 .text.arm_split_rfft_q15
                0x000000000800a530       0xb4 C:\Users\olgas\projects\chery\ISNT_AVT04_Tester_v.5.7_git\Cherry_Project FreeRTOS\Drivers\CMSIS\DSP\Lib\GCC\libarm_cortexM4lf_math.a(arm_rfft_q15.o)
                0x000000000800a530                arm_split_rfft_q15
 .text.arm_rfft_q15
                0x000000000800a5e4       0xb8 C:\Users\olgas\projects\chery\ISNT_AVT04_Tester_v.5.7_git\Cherry_Project FreeRTOS\Drivers\CMSIS\DSP\Lib\GCC\libarm_cortexM4lf_math.a(arm_rfft_q15.o)
                0x000000000800a5e4                arm_rfft_q15
 .text.arm_rfft_init_q15
                0x000000000800a69c       0xfc C:\Users\olgas\projects\chery\ISNT_AVT04_Tester_v.5.7_git\Cherry_Project FreeRTOS\Drivers\CMSIS\DSP\Lib\GCC\libarm_cortexM4lf_math.a(arm_rfft_init_q15.o)
                0x000000000800a69c                arm_rfft_init_q15
 .text.arm_cmplx_mag_q15
                0x000000000800a798       0xa4 C:\Users\olgas\projects\chery\ISNT_AVT04_Tester_v.5.7_git\Cherry_Project FreeRTOS\Drivers\CMSIS\DSP\Lib\GCC\libarm_cortexM4lf_math.a(arm_cmplx_mag_q15.o)
                0x000000000800a798                arm_cmplx_mag_q15
 .text.arm_sqrt_q15
                0x000000000800a83c       0xe0 C:\Users\olgas\projects\chery\ISNT_AVT04_Tester_v.5.7_git\Cherry_Project FreeRTOS\Drivers\CMSIS\DSP\Lib\GCC\libarm_cortexM4lf_math.a(arm_sqrt_q15.o)
                0x000000000800a83c                arm_sqrt_q15
 .text.arm_cfft_radix4by2_q15
                0x000000000800a91c       0xc8 C:\Users\olgas\projects\chery\ISNT_AVT04_Tester_v.5.7_git\Cherry_Project FreeRTOS\Drivers\CMSIS\DSP\Lib\GCC\libarm_cortexM4lf_math.a(arm_cfft_q15.o)
                0x000000000800a91c                arm_cfft_radix4by2_q15
 .text.arm_cfft_radix4by2_inverse_q15
                0x000000000800a9e4       0xc8 C:\Users\olgas\projects\chery\ISNT_AVT04_Tester_v.5.7_git\Cherry_Project FreeRTOS\Drivers\CMSIS\DSP\Lib\GCC\libarm_cortexM4lf_math.a(arm_cfft_q15.o)
                0x000000000800a9e4                arm_cfft_radix4by2_inverse_q15
 .text.arm_cfft_q15
                0x000000000800aaac       0xbc C:\Users\olgas\projects\chery\ISNT_AVT04_Tester_v.5.7_git\Cherry_Project FreeRTOS\Drivers\CMSIS\DSP\Lib\GCC\libarm_cortexM4lf_math.a(arm_cfft_q15.o)
                0x000000000800aaac                arm_cfft_q15
 .text.arm_radix4_butterfly_q15
                0x000000000800ab68      0x25c C:\Users\olgas\projects\chery\ISNT_AVT04_Tester_v.5.7_git\Cherry_Project FreeRTOS\Drivers\CMSIS\DSP\Lib\GCC\libarm_cortexM4lf_math.a(arm_cfft_radix4_q15.o)
                0x000000000800ab68                arm_radix4_butterfly_q15
 .text.arm_radix4_butterfly_inverse_q15
                0x000000000800adc4      0x25c C:\Users\olgas\projects\chery\ISNT_AVT04_Tester_v.5.7_git\Cherry_Project FreeRTOS\Drivers\CMSIS\DSP\Lib\GCC\libarm_cortexM4lf_math.a(arm_cfft_radix4_q15.o)
                0x000000000800adc4                arm_radix4_butterfly_inverse_q15
 .text.__libc_init_array
                0x000000000800b020       0x48 c:/st/stm32cubeide_1.7.0/stm32cubeide/plugins/com.st.stm32cube.ide.mcu.externaltools.gnu-tools-for-stm32.9-2020-q2-update.win32_2.0.0.202105311346/tools/bin/../lib/gcc/arm-none-eabi/9.3.1/../../../../arm-none-eabi/lib/thumb/v7e-m+fp/hard\libc_nano.a(lib_a-init.o)
                0x000000000800b020                __libc_init_array
 .text.__retarget_lock_acquire_recursive
                0x000000000800b068        0x2 c:/st/stm32cubeide_1.7.0/stm32cubeide/plugins/com.st.stm32cube.ide.mcu.externaltools.gnu-tools-for-stm32.9-2020-q2-update.win32_2.0.0.202105311346/tools/bin/../lib/gcc/arm-none-eabi/9.3.1/../../../../arm-none-eabi/lib/thumb/v7e-m+fp/hard\libc_nano.a(lib_a-lock.o)
                0x000000000800b068                __retarget_lock_acquire_recursive
 .text.__retarget_lock_release_recursive
                0x000000000800b06a        0x2 c:/st/stm32cubeide_1.7.0/stm32cubeide/plugins/com.st.stm32cube.ide.mcu.externaltools.gnu-tools-for-stm32.9-2020-q2-update.win32_2.0.0.202105311346/tools/bin/../lib/gcc/arm-none-eabi/9.3.1/../../../../arm-none-eabi/lib/thumb/v7e-m+fp/hard\libc_nano.a(lib_a-lock.o)
                0x000000000800b06a                __retarget_lock_release_recursive
 .text.memcpy   0x000000000800b06c       0x1c c:/st/stm32cubeide_1.7.0/stm32cubeide/plugins/com.st.stm32cube.ide.mcu.externaltools.gnu-tools-for-stm32.9-2020-q2-update.win32_2.0.0.202105311346/tools/bin/../lib/gcc/arm-none-eabi/9.3.1/../../../../arm-none-eabi/lib/thumb/v7e-m+fp/hard\libc_nano.a(lib_a-memcpy-stub.o)
                0x000000000800b06c                memcpy
 .text.memset   0x000000000800b088       0x10 c:/st/stm32cubeide_1.7.0/stm32cubeide/plugins/com.st.stm32cube.ide.mcu.externaltools.gnu-tools-for-stm32.9-2020-q2-update.win32_2.0.0.202105311346/tools/bin/../lib/gcc/arm-none-eabi/9.3.1/../../../../arm-none-eabi/lib/thumb/v7e-m+fp/hard\libc_nano.a(lib_a-memset.o)
                0x000000000800b088                memset
 .text.cleanup_glue
                0x000000000800b098       0x1a c:/st/stm32cubeide_1.7.0/stm32cubeide/plugins/com.st.stm32cube.ide.mcu.externaltools.gnu-tools-for-stm32.9-2020-q2-update.win32_2.0.0.202105311346/tools/bin/../lib/gcc/arm-none-eabi/9.3.1/../../../../arm-none-eabi/lib/thumb/v7e-m+fp/hard\libc_nano.a(lib_a-reent.o)
                0x000000000800b098                cleanup_glue
 *fill*         0x000000000800b0b2        0x2 
 .text._reclaim_reent
                0x000000000800b0b4       0xb8 c:/st/stm32cubeide_1.7.0/stm32cubeide/plugins/com.st.stm32cube.ide.mcu.externaltools.gnu-tools-for-stm32.9-2020-q2-update.win32_2.0.0.202105311346/tools/bin/../lib/gcc/arm-none-eabi/9.3.1/../../../../arm-none-eabi/lib/thumb/v7e-m+fp/hard\libc_nano.a(lib_a-reent.o)
                0x000000000800b0b4                _reclaim_reent
 .text.strstr   0x000000000800b16c       0x2e c:/st/stm32cubeide_1.7.0/stm32cubeide/plugins/com.st.stm32cube.ide.mcu.externaltools.gnu-tools-for-stm32.9-2020-q2-update.win32_2.0.0.202105311346/tools/bin/../lib/gcc/arm-none-eabi/9.3.1/../../../../arm-none-eabi/lib/thumb/v7e-m+fp/hard\libc_nano.a(lib_a-strstr.o)
                0x000000000800b16c                strstr
 *fill*         0x000000000800b19a        0x2 
 .text.__malloc_lock
                0x000000000800b19c        0xc c:/st/stm32cubeide_1.7.0/stm32cubeide/plugins/com.st.stm32cube.ide.mcu.externaltools.gnu-tools-for-stm32.9-2020-q2-update.win32_2.0.0.202105311346/tools/bin/../lib/gcc/arm-none-eabi/9.3.1/../../../../arm-none-eabi/lib/thumb/v7e-m+fp/hard\libc_nano.a(lib_a-mlock.o)
                0x000000000800b19c                __malloc_lock
 .text.__malloc_unlock
                0x000000000800b1a8        0xc c:/st/stm32cubeide_1.7.0/stm32cubeide/plugins/com.st.stm32cube.ide.mcu.externaltools.gnu-tools-for-stm32.9-2020-q2-update.win32_2.0.0.202105311346/tools/bin/../lib/gcc/arm-none-eabi/9.3.1/../../../../arm-none-eabi/lib/thumb/v7e-m+fp/hard\libc_nano.a(lib_a-mlock.o)
                0x000000000800b1a8                __malloc_unlock
 .text._free_r  0x000000000800b1b4       0xa0 c:/st/stm32cubeide_1.7.0/stm32cubeide/plugins/com.st.stm32cube.ide.mcu.externaltools.gnu-tools-for-stm32.9-2020-q2-update.win32_2.0.0.202105311346/tools/bin/../lib/gcc/arm-none-eabi/9.3.1/../../../../arm-none-eabi/lib/thumb/v7e-m+fp/hard\libc_nano.a(lib_a-nano-freer.o)
                0x000000000800b1b4                _free_r
 *(.glue_7)
 .glue_7        0x000000000800b254        0x0 linker stubs
 *(.glue_7t)
 .glue_7t       0x000000000800b254        0x0 linker stubs
 *(.eh_frame)
 .eh_frame      0x000000000800b254        0x0 c:/st/stm32cubeide_1.7.0/stm32cubeide/plugins/com.st.stm32cube.ide.mcu.externaltools.gnu-tools-for-stm32.9-2020-q2-update.win32_2.0.0.202105311346/tools/bin/../lib/gcc/arm-none-eabi/9.3.1/thumb/v7e-m+fp/hard/crtbegin.o
 *(.init)
 .init          0x000000000800b254        0x4 c:/st/stm32cubeide_1.7.0/stm32cubeide/plugins/com.st.stm32cube.ide.mcu.externaltools.gnu-tools-for-stm32.9-2020-q2-update.win32_2.0.0.202105311346/tools/bin/../lib/gcc/arm-none-eabi/9.3.1/thumb/v7e-m+fp/hard/crti.o
                0x000000000800b254                _init
 .init          0x000000000800b258        0x8 c:/st/stm32cubeide_1.7.0/stm32cubeide/plugins/com.st.stm32cube.ide.mcu.externaltools.gnu-tools-for-stm32.9-2020-q2-update.win32_2.0.0.202105311346/tools/bin/../lib/gcc/arm-none-eabi/9.3.1/thumb/v7e-m+fp/hard/crtn.o
 *(.fini)
 .fini          0x000000000800b260        0x4 c:/st/stm32cubeide_1.7.0/stm32cubeide/plugins/com.st.stm32cube.ide.mcu.externaltools.gnu-tools-for-stm32.9-2020-q2-update.win32_2.0.0.202105311346/tools/bin/../lib/gcc/arm-none-eabi/9.3.1/thumb/v7e-m+fp/hard/crti.o
                0x000000000800b260                _fini
 .fini          0x000000000800b264        0x8 c:/st/stm32cubeide_1.7.0/stm32cubeide/plugins/com.st.stm32cube.ide.mcu.externaltools.gnu-tools-for-stm32.9-2020-q2-update.win32_2.0.0.202105311346/tools/bin/../lib/gcc/arm-none-eabi/9.3.1/thumb/v7e-m+fp/hard/crtn.o
                0x000000000800b26c                . = ALIGN (0x4)
                0x000000000800b26c                _etext = .

.vfp11_veneer   0x000000000800b26c        0x0
 .vfp11_veneer  0x000000000800b26c        0x0 linker stubs

.v4_bx          0x000000000800b26c        0x0
 .v4_bx         0x000000000800b26c        0x0 linker stubs

.iplt           0x000000000800b26c        0x0
 .iplt          0x000000000800b26c        0x0 c:/st/stm32cubeide_1.7.0/stm32cubeide/plugins/com.st.stm32cube.ide.mcu.externaltools.gnu-tools-for-stm32.9-2020-q2-update.win32_2.0.0.202105311346/tools/bin/../lib/gcc/arm-none-eabi/9.3.1/thumb/v7e-m+fp/hard/crtbegin.o

.rodata         0x000000000800b26c    0x11f78
                0x000000000800b26c                . = ALIGN (0x4)
 *(.rodata)
 .rodata        0x000000000800b26c       0x1e ./Core/Src/Can_task.o
 *fill*         0x000000000800b28a        0x2 
 .rodata        0x000000000800b28c       0x12 ./Core/Src/main.o
 *fill*         0x000000000800b29e        0x2 
 .rodata        0x000000000800b2a0        0x5 ./Middlewares/Third_Party/FreeRTOS/Source/tasks.o
 *fill*         0x000000000800b2a5        0x3 
 .rodata        0x000000000800b2a8        0xd ./Middlewares/Third_Party/FreeRTOS/Source/timers.o
 *(.rodata*)
 *fill*         0x000000000800b2b5        0x3 
 .rodata.Hex    0x000000000800b2b8       0x11 ./Core/Src/IVI_Can_Matrix.o
                0x000000000800b2b8                Hex
 *fill*         0x000000000800b2c9        0x3 
 .rodata.CanTask_attributes
                0x000000000800b2cc       0x24 ./Core/Src/main.o
                0x000000000800b2cc                CanTask_attributes
 .rodata.RS232Task_attributes
                0x000000000800b2f0       0x24 ./Core/Src/main.o
                0x000000000800b2f0                RS232Task_attributes
 .rodata.AHBPrescTable
                0x000000000800b314       0x10 ./Core/Src/system_stm32f4xx.o
                0x000000000800b314                AHBPrescTable
 .rodata.APBPrescTable
                0x000000000800b324        0x8 ./Core/Src/system_stm32f4xx.o
                0x000000000800b324                APBPrescTable
 .rodata.realCoefAQ15
                0x000000000800b32c     0x4000 C:\Users\olgas\projects\chery\ISNT_AVT04_Tester_v.5.7_git\Cherry_Project FreeRTOS\Drivers\CMSIS\DSP\Lib\GCC\libarm_cortexM4lf_math.a(arm_rfft_init_q15.o)
                0x000000000800b32c                realCoefAQ15
 .rodata.realCoefBQ15
                0x000000000800f32c     0x4000 C:\Users\olgas\projects\chery\ISNT_AVT04_Tester_v.5.7_git\Cherry_Project FreeRTOS\Drivers\CMSIS\DSP\Lib\GCC\libarm_cortexM4lf_math.a(arm_rfft_init_q15.o)
                0x000000000800f32c                realCoefBQ15
 .rodata.arm_cfft_sR_q15_len256
                0x000000000801332c       0x10 C:\Users\olgas\projects\chery\ISNT_AVT04_Tester_v.5.7_git\Cherry_Project FreeRTOS\Drivers\CMSIS\DSP\Lib\GCC\libarm_cortexM4lf_math.a(arm_const_structs.o)
                0x000000000801332c                arm_cfft_sR_q15_len256
 .rodata.arm_cfft_sR_q15_len128
                0x000000000801333c       0x10 C:\Users\olgas\projects\chery\ISNT_AVT04_Tester_v.5.7_git\Cherry_Project FreeRTOS\Drivers\CMSIS\DSP\Lib\GCC\libarm_cortexM4lf_math.a(arm_const_structs.o)
                0x000000000801333c                arm_cfft_sR_q15_len128
 .rodata.arm_cfft_sR_q15_len512
                0x000000000801334c       0x10 C:\Users\olgas\projects\chery\ISNT_AVT04_Tester_v.5.7_git\Cherry_Project FreeRTOS\Drivers\CMSIS\DSP\Lib\GCC\libarm_cortexM4lf_math.a(arm_const_structs.o)
                0x000000000801334c                arm_cfft_sR_q15_len512
 .rodata.arm_cfft_sR_q15_len1024
                0x000000000801335c       0x10 C:\Users\olgas\projects\chery\ISNT_AVT04_Tester_v.5.7_git\Cherry_Project FreeRTOS\Drivers\CMSIS\DSP\Lib\GCC\libarm_cortexM4lf_math.a(arm_const_structs.o)
                0x000000000801335c                arm_cfft_sR_q15_len1024
 .rodata.arm_cfft_sR_q15_len64
                0x000000000801336c       0x10 C:\Users\olgas\projects\chery\ISNT_AVT04_Tester_v.5.7_git\Cherry_Project FreeRTOS\Drivers\CMSIS\DSP\Lib\GCC\libarm_cortexM4lf_math.a(arm_const_structs.o)
                0x000000000801336c                arm_cfft_sR_q15_len64
 .rodata.arm_cfft_sR_q15_len2048
                0x000000000801337c       0x10 C:\Users\olgas\projects\chery\ISNT_AVT04_Tester_v.5.7_git\Cherry_Project FreeRTOS\Drivers\CMSIS\DSP\Lib\GCC\libarm_cortexM4lf_math.a(arm_const_structs.o)
                0x000000000801337c                arm_cfft_sR_q15_len2048
 .rodata.arm_cfft_sR_q15_len4096
                0x000000000801338c       0x10 C:\Users\olgas\projects\chery\ISNT_AVT04_Tester_v.5.7_git\Cherry_Project FreeRTOS\Drivers\CMSIS\DSP\Lib\GCC\libarm_cortexM4lf_math.a(arm_const_structs.o)
                0x000000000801338c                arm_cfft_sR_q15_len4096
 .rodata.arm_cfft_sR_q15_len16
                0x000000000801339c       0x10 C:\Users\olgas\projects\chery\ISNT_AVT04_Tester_v.5.7_git\Cherry_Project FreeRTOS\Drivers\CMSIS\DSP\Lib\GCC\libarm_cortexM4lf_math.a(arm_const_structs.o)
                0x000000000801339c                arm_cfft_sR_q15_len16
 .rodata.arm_cfft_sR_q15_len32
                0x00000000080133ac       0x10 C:\Users\olgas\projects\chery\ISNT_AVT04_Tester_v.5.7_git\Cherry_Project FreeRTOS\Drivers\CMSIS\DSP\Lib\GCC\libarm_cortexM4lf_math.a(arm_const_structs.o)
                0x00000000080133ac                arm_cfft_sR_q15_len32
 .rodata.armBitRevIndexTable_fixed_128
                0x00000000080133bc       0xe0 C:\Users\olgas\projects\chery\ISNT_AVT04_Tester_v.5.7_git\Cherry_Project FreeRTOS\Drivers\CMSIS\DSP\Lib\GCC\libarm_cortexM4lf_math.a(arm_common_tables.o)
                0x00000000080133bc                armBitRevIndexTable_fixed_128
 .rodata.armBitRevIndexTable_fixed_2048
                0x000000000801349c      0xf80 C:\Users\olgas\projects\chery\ISNT_AVT04_Tester_v.5.7_git\Cherry_Project FreeRTOS\Drivers\CMSIS\DSP\Lib\GCC\libarm_cortexM4lf_math.a(arm_common_tables.o)
                0x000000000801349c                armBitRevIndexTable_fixed_2048
 .rodata.armBitRevIndexTable_fixed_4096
                0x000000000801441c     0x1f80 C:\Users\olgas\projects\chery\ISNT_AVT04_Tester_v.5.7_git\Cherry_Project FreeRTOS\Drivers\CMSIS\DSP\Lib\GCC\libarm_cortexM4lf_math.a(arm_common_tables.o)
                0x000000000801441c                armBitRevIndexTable_fixed_4096
 .rodata.armBitRevIndexTable_fixed_1024
                0x000000000801639c      0x7c0 C:\Users\olgas\projects\chery\ISNT_AVT04_Tester_v.5.7_git\Cherry_Project FreeRTOS\Drivers\CMSIS\DSP\Lib\GCC\libarm_cortexM4lf_math.a(arm_common_tables.o)
                0x000000000801639c                armBitRevIndexTable_fixed_1024
 .rodata.twiddleCoef_1024_q15
                0x0000000008016b5c      0xc00 C:\Users\olgas\projects\chery\ISNT_AVT04_Tester_v.5.7_git\Cherry_Project FreeRTOS\Drivers\CMSIS\DSP\Lib\GCC\libarm_cortexM4lf_math.a(arm_common_tables.o)
                0x0000000008016b5c                twiddleCoef_1024_q15
 .rodata.twiddleCoef_32_q15
                0x000000000801775c       0x60 C:\Users\olgas\projects\chery\ISNT_AVT04_Tester_v.5.7_git\Cherry_Project FreeRTOS\Drivers\CMSIS\DSP\Lib\GCC\libarm_cortexM4lf_math.a(arm_common_tables.o)
                0x000000000801775c                twiddleCoef_32_q15
 .rodata.twiddleCoef_4096_q15
                0x00000000080177bc     0x3000 C:\Users\olgas\projects\chery\ISNT_AVT04_Tester_v.5.7_git\Cherry_Project FreeRTOS\Drivers\CMSIS\DSP\Lib\GCC\libarm_cortexM4lf_math.a(arm_common_tables.o)
                0x00000000080177bc                twiddleCoef_4096_q15
 .rodata.twiddleCoef_16_q15
                0x000000000801a7bc       0x30 C:\Users\olgas\projects\chery\ISNT_AVT04_Tester_v.5.7_git\Cherry_Project FreeRTOS\Drivers\CMSIS\DSP\Lib\GCC\libarm_cortexM4lf_math.a(arm_common_tables.o)
                0x000000000801a7bc                twiddleCoef_16_q15
 .rodata.twiddleCoef_64_q15
                0x000000000801a7ec       0xc0 C:\Users\olgas\projects\chery\ISNT_AVT04_Tester_v.5.7_git\Cherry_Project FreeRTOS\Drivers\CMSIS\DSP\Lib\GCC\libarm_cortexM4lf_math.a(arm_common_tables.o)
                0x000000000801a7ec                twiddleCoef_64_q15
 .rodata.twiddleCoef_2048_q15
                0x000000000801a8ac     0x1800 C:\Users\olgas\projects\chery\ISNT_AVT04_Tester_v.5.7_git\Cherry_Project FreeRTOS\Drivers\CMSIS\DSP\Lib\GCC\libarm_cortexM4lf_math.a(arm_common_tables.o)
                0x000000000801a8ac                twiddleCoef_2048_q15
 .rodata.twiddleCoef_256_q15
                0x000000000801c0ac      0x300 C:\Users\olgas\projects\chery\ISNT_AVT04_Tester_v.5.7_git\Cherry_Project FreeRTOS\Drivers\CMSIS\DSP\Lib\GCC\libarm_cortexM4lf_math.a(arm_common_tables.o)
                0x000000000801c0ac                twiddleCoef_256_q15
 .rodata.twiddleCoef_512_q15
                0x000000000801c3ac      0x600 C:\Users\olgas\projects\chery\ISNT_AVT04_Tester_v.5.7_git\Cherry_Project FreeRTOS\Drivers\CMSIS\DSP\Lib\GCC\libarm_cortexM4lf_math.a(arm_common_tables.o)
                0x000000000801c3ac                twiddleCoef_512_q15
 .rodata.armBitRevIndexTable_fixed_512
                0x000000000801c9ac      0x3c0 C:\Users\olgas\projects\chery\ISNT_AVT04_Tester_v.5.7_git\Cherry_Project FreeRTOS\Drivers\CMSIS\DSP\Lib\GCC\libarm_cortexM4lf_math.a(arm_common_tables.o)
                0x000000000801c9ac                armBitRevIndexTable_fixed_512
 .rodata.armBitRevIndexTable_fixed_16
                0x000000000801cd6c       0x18 C:\Users\olgas\projects\chery\ISNT_AVT04_Tester_v.5.7_git\Cherry_Project FreeRTOS\Drivers\CMSIS\DSP\Lib\GCC\libarm_cortexM4lf_math.a(arm_common_tables.o)
                0x000000000801cd6c                armBitRevIndexTable_fixed_16
 .rodata.twiddleCoef_128_q15
                0x000000000801cd84      0x180 C:\Users\olgas\projects\chery\ISNT_AVT04_Tester_v.5.7_git\Cherry_Project FreeRTOS\Drivers\CMSIS\DSP\Lib\GCC\libarm_cortexM4lf_math.a(arm_common_tables.o)
                0x000000000801cd84                twiddleCoef_128_q15
 .rodata.armBitRevIndexTable_fixed_32
                0x000000000801cf04       0x30 C:\Users\olgas\projects\chery\ISNT_AVT04_Tester_v.5.7_git\Cherry_Project FreeRTOS\Drivers\CMSIS\DSP\Lib\GCC\libarm_cortexM4lf_math.a(arm_common_tables.o)
                0x000000000801cf04                armBitRevIndexTable_fixed_32
 .rodata.armBitRevIndexTable_fixed_256
                0x000000000801cf34      0x1e0 C:\Users\olgas\projects\chery\ISNT_AVT04_Tester_v.5.7_git\Cherry_Project FreeRTOS\Drivers\CMSIS\DSP\Lib\GCC\libarm_cortexM4lf_math.a(arm_common_tables.o)
                0x000000000801cf34                armBitRevIndexTable_fixed_256
 .rodata.armBitRevIndexTable_fixed_64
                0x000000000801d114       0x70 C:\Users\olgas\projects\chery\ISNT_AVT04_Tester_v.5.7_git\Cherry_Project FreeRTOS\Drivers\CMSIS\DSP\Lib\GCC\libarm_cortexM4lf_math.a(arm_common_tables.o)
                0x000000000801d114                armBitRevIndexTable_fixed_64
 .rodata.__sf_fake_stderr
                0x000000000801d184       0x20 c:/st/stm32cubeide_1.7.0/stm32cubeide/plugins/com.st.stm32cube.ide.mcu.externaltools.gnu-tools-for-stm32.9-2020-q2-update.win32_2.0.0.202105311346/tools/bin/../lib/gcc/arm-none-eabi/9.3.1/../../../../arm-none-eabi/lib/thumb/v7e-m+fp/hard\libc_nano.a(lib_a-findfp.o)
                0x000000000801d184                __sf_fake_stderr
 .rodata.__sf_fake_stdin
                0x000000000801d1a4       0x20 c:/st/stm32cubeide_1.7.0/stm32cubeide/plugins/com.st.stm32cube.ide.mcu.externaltools.gnu-tools-for-stm32.9-2020-q2-update.win32_2.0.0.202105311346/tools/bin/../lib/gcc/arm-none-eabi/9.3.1/../../../../arm-none-eabi/lib/thumb/v7e-m+fp/hard\libc_nano.a(lib_a-findfp.o)
                0x000000000801d1a4                __sf_fake_stdin
 .rodata.__sf_fake_stdout
                0x000000000801d1c4       0x20 c:/st/stm32cubeide_1.7.0/stm32cubeide/plugins/com.st.stm32cube.ide.mcu.externaltools.gnu-tools-for-stm32.9-2020-q2-update.win32_2.0.0.202105311346/tools/bin/../lib/gcc/arm-none-eabi/9.3.1/../../../../arm-none-eabi/lib/thumb/v7e-m+fp/hard\libc_nano.a(lib_a-findfp.o)
                0x000000000801d1c4                __sf_fake_stdout
                0x000000000801d1e4                . = ALIGN (0x4)

.ARM.extab      0x000000000801d1e4        0x0
                0x000000000801d1e4                . = ALIGN (0x4)
 *(.ARM.extab* .gnu.linkonce.armextab.*)
                0x000000000801d1e4                . = ALIGN (0x4)

.ARM            0x000000000801d1e4        0x8
                0x000000000801d1e4                . = ALIGN (0x4)
                0x000000000801d1e4                __exidx_start = .
 *(.ARM.exidx*)
 .ARM.exidx     0x000000000801d1e4        0x8 c:/st/stm32cubeide_1.7.0/stm32cubeide/plugins/com.st.stm32cube.ide.mcu.externaltools.gnu-tools-for-stm32.9-2020-q2-update.win32_2.0.0.202105311346/tools/bin/../lib/gcc/arm-none-eabi/9.3.1/thumb/v7e-m+fp/hard\libgcc.a(_udivmoddi4.o)
                0x000000000801d1ec                __exidx_end = .
                0x000000000801d1ec                . = ALIGN (0x4)

.rel.dyn        0x000000000801d1ec        0x0
 .rel.iplt      0x000000000801d1ec        0x0 c:/st/stm32cubeide_1.7.0/stm32cubeide/plugins/com.st.stm32cube.ide.mcu.externaltools.gnu-tools-for-stm32.9-2020-q2-update.win32_2.0.0.202105311346/tools/bin/../lib/gcc/arm-none-eabi/9.3.1/thumb/v7e-m+fp/hard/crtbegin.o

.preinit_array  0x000000000801d1ec        0x0
                0x000000000801d1ec                . = ALIGN (0x4)
                0x000000000801d1ec                PROVIDE (__preinit_array_start = .)
 *(.preinit_array*)
                0x000000000801d1ec                PROVIDE (__preinit_array_end = .)
                0x000000000801d1ec                . = ALIGN (0x4)

.init_array     0x000000000801d1ec        0x4
                0x000000000801d1ec                . = ALIGN (0x4)
                0x000000000801d1ec                PROVIDE (__init_array_start = .)
 *(SORT_BY_NAME(.init_array.*))
 *(.init_array*)
 .init_array    0x000000000801d1ec        0x4 c:/st/stm32cubeide_1.7.0/stm32cubeide/plugins/com.st.stm32cube.ide.mcu.externaltools.gnu-tools-for-stm32.9-2020-q2-update.win32_2.0.0.202105311346/tools/bin/../lib/gcc/arm-none-eabi/9.3.1/thumb/v7e-m+fp/hard/crtbegin.o
                0x000000000801d1f0                PROVIDE (__init_array_end = .)
                0x000000000801d1f0                . = ALIGN (0x4)

.fini_array     0x000000000801d1f0        0x4
                0x000000000801d1f0                . = ALIGN (0x4)
                [!provide]                        PROVIDE (__fini_array_start = .)
 *(SORT_BY_NAME(.fini_array.*))
 *(.fini_array*)
 .fini_array    0x000000000801d1f0        0x4 c:/st/stm32cubeide_1.7.0/stm32cubeide/plugins/com.st.stm32cube.ide.mcu.externaltools.gnu-tools-for-stm32.9-2020-q2-update.win32_2.0.0.202105311346/tools/bin/../lib/gcc/arm-none-eabi/9.3.1/thumb/v7e-m+fp/hard/crtbegin.o
                [!provide]                        PROVIDE (__fini_array_end = .)
                0x000000000801d1f4                . = ALIGN (0x4)
                0x000000000801d1f4                _sidata = LOADADDR (.data)

.data           0x0000000020000000      0x360 load address 0x000000000801d1f4
                0x0000000020000000                . = ALIGN (0x4)
                0x0000000020000000                _sdata = .
 *(.data)
 *(.data*)
 .data.Padding_byte
                0x0000000020000000        0x1 ./Core/Src/Can_task.o
                0x0000000020000000                Padding_byte
 *fill*         0x0000000020000001        0x3 
 .data.cmd_play_audio
                0x0000000020000004       0x10 ./Core/Src/Can_task.o
                0x0000000020000004                cmd_play_audio
 .data.cmd_sw_start
                0x0000000020000014        0xe ./Core/Src/Can_task.o
                0x0000000020000014                cmd_sw_start
 *fill*         0x0000000020000022        0x2 
 .data.cmd_work_start
                0x0000000020000024       0x16 ./Core/Src/Can_task.o
                0x0000000020000024                cmd_work_start
 *fill*         0x000000002000003a        0x2 
 .data.cmd_next_block
                0x000000002000003c       0x11 ./Core/Src/Can_task.o
                0x000000002000003c                cmd_next_block
 *fill*         0x000000002000004d        0x3 
 .data.cmd_finished_block
                0x0000000020000050       0x15 ./Core/Src/Can_task.o
                0x0000000020000050                cmd_finished_block
 *fill*         0x0000000020000065        0x3 
 .data.AVT_cmd_res
                0x0000000020000068        0x4 ./Core/Src/Can_task.o
                0x0000000020000068                AVT_cmd_res
 .data.cmd_vcp_start
                0x000000002000006c        0x7 ./Core/Src/IVI_Can_Matrix.o
                0x000000002000006c                cmd_vcp_start
 *fill*         0x0000000020000073        0x1 
 .data.cmd_end_test
                0x0000000020000074        0x2 ./Core/Src/IVI_Can_Matrix.o
                0x0000000020000074                cmd_end_test
 *fill*         0x0000000020000076        0x2 
 .data.cmd_wait_start_ISNT_Mmin
                0x0000000020000078       0x1b ./Core/Src/IVI_Can_Matrix.o
                0x0000000020000078                cmd_wait_start_ISNT_Mmin
 *fill*         0x0000000020000093        0x1 
 .data.cmd_wait_start_ISNT_Mplus
                0x0000000020000094       0x1b ./Core/Src/IVI_Can_Matrix.o
                0x0000000020000094                cmd_wait_start_ISNT_Mplus
 *fill*         0x00000000200000af        0x1 
 .data.cmd_wait_start_AVT04
                0x00000000200000b0       0x19 ./Core/Src/IVI_Can_Matrix.o
                0x00000000200000b0                cmd_wait_start_AVT04
 *fill*         0x00000000200000c9        0x3 
 .data.cmd_wait_start_ISNT24
                0x00000000200000cc       0x1d ./Core/Src/IVI_Can_Matrix.o
                0x00000000200000cc                cmd_wait_start_ISNT24
 *fill*         0x00000000200000e9        0x3 
 .data.Wave_LUT
                0x00000000200000ec      0x200 ./Core/Src/IVI_Can_Matrix.o
                0x00000000200000ec                Wave_LUT
 .data.SystemCoreClock
                0x00000000200002ec        0x4 ./Core/Src/system_stm32f4xx.o
                0x00000000200002ec                SystemCoreClock
 .data.uwTickPrio
                0x00000000200002f0        0x4 ./Drivers/STM32F4xx_HAL_Driver/Src/stm32f4xx_hal.o
                0x00000000200002f0                uwTickPrio
 .data.uwTickFreq
                0x00000000200002f4        0x1 ./Drivers/STM32F4xx_HAL_Driver/Src/stm32f4xx_hal.o
                0x00000000200002f4                uwTickFreq
 *fill*         0x00000000200002f5        0x3 
 .data.uxCriticalNesting
                0x00000000200002f8        0x4 ./Middlewares/Third_Party/FreeRTOS/Source/portable/GCC/ARM_CM4F/port.o
 .data._impure_ptr
                0x00000000200002fc        0x4 c:/st/stm32cubeide_1.7.0/stm32cubeide/plugins/com.st.stm32cube.ide.mcu.externaltools.gnu-tools-for-stm32.9-2020-q2-update.win32_2.0.0.202105311346/tools/bin/../lib/gcc/arm-none-eabi/9.3.1/../../../../arm-none-eabi/lib/thumb/v7e-m+fp/hard\libc_nano.a(lib_a-impure.o)
                0x00000000200002fc                _impure_ptr
 .data.impure_data
                0x0000000020000300       0x60 c:/st/stm32cubeide_1.7.0/stm32cubeide/plugins/com.st.stm32cube.ide.mcu.externaltools.gnu-tools-for-stm32.9-2020-q2-update.win32_2.0.0.202105311346/tools/bin/../lib/gcc/arm-none-eabi/9.3.1/../../../../arm-none-eabi/lib/thumb/v7e-m+fp/hard\libc_nano.a(lib_a-impure.o)
 *(.RamFunc)
 *(.RamFunc*)
                0x0000000020000360                . = ALIGN (0x4)
                0x0000000020000360                _edata = .
                0x000000000801d554                _siccmram = LOADADDR (.ccmram)

.igot.plt       0x0000000020000360        0x0 load address 0x000000000801d554
 .igot.plt      0x0000000020000360        0x0 c:/st/stm32cubeide_1.7.0/stm32cubeide/plugins/com.st.stm32cube.ide.mcu.externaltools.gnu-tools-for-stm32.9-2020-q2-update.win32_2.0.0.202105311346/tools/bin/../lib/gcc/arm-none-eabi/9.3.1/thumb/v7e-m+fp/hard/crtbegin.o

.ccmram         0x0000000010000000        0x0 load address 0x000000000801d554
                0x0000000010000000                . = ALIGN (0x4)
                0x0000000010000000                _sccmram = .
 *(.ccmram)
 *(.ccmram*)
                0x0000000010000000                . = ALIGN (0x4)
                0x0000000010000000                _eccmram = .
                0x0000000010000000                . = ALIGN (0x4)

.bss            0x0000000020000360     0x6b34
                0x0000000020000360                _sbss = .
                0x0000000020000360                __bss_start__ = _sbss
 *(.bss)
 .bss           0x0000000020000360       0x1c c:/st/stm32cubeide_1.7.0/stm32cubeide/plugins/com.st.stm32cube.ide.mcu.externaltools.gnu-tools-for-stm32.9-2020-q2-update.win32_2.0.0.202105311346/tools/bin/../lib/gcc/arm-none-eabi/9.3.1/thumb/v7e-m+fp/hard/crtbegin.o
 *(.bss*)
 .bss.fft_Sbuff
                0x000000002000037c      0x800 ./Core/Src/Adc_audio_fft.o
                0x000000002000037c                fft_Sbuff
 .bss.fft_Dbuff
                0x0000000020000b7c      0x800 ./Core/Src/Adc_audio_fft.o
                0x0000000020000b7c                fft_Dbuff
 .bss.TxMailbox
                0x000000002000137c        0x4 ./Core/Src/Can_task.o
                0x000000002000137c                TxMailbox
 .bss.KernelState
                0x0000000020001380        0x4 ./Middlewares/Third_Party/FreeRTOS/Source/CMSIS_RTOS_V2/cmsis_os2.o
 .bss.Idle_TCB.11922
                0x0000000020001384       0xbc ./Middlewares/Third_Party/FreeRTOS/Source/CMSIS_RTOS_V2/cmsis_os2.o
 .bss.Idle_Stack.11923
                0x0000000020001440      0x200 ./Middlewares/Third_Party/FreeRTOS/Source/CMSIS_RTOS_V2/cmsis_os2.o
 .bss.Timer_TCB.11929
                0x0000000020001640       0xbc ./Middlewares/Third_Party/FreeRTOS/Source/CMSIS_RTOS_V2/cmsis_os2.o
 .bss.Timer_Stack.11930
                0x00000000200016fc      0x400 ./Middlewares/Third_Party/FreeRTOS/Source/CMSIS_RTOS_V2/cmsis_os2.o
 .bss.pxCurrentTCB
                0x0000000020001afc        0x4 ./Middlewares/Third_Party/FreeRTOS/Source/tasks.o
                0x0000000020001afc                pxCurrentTCB
 .bss.pxReadyTasksLists
                0x0000000020001b00      0x460 ./Middlewares/Third_Party/FreeRTOS/Source/tasks.o
 .bss.xDelayedTaskList1
                0x0000000020001f60       0x14 ./Middlewares/Third_Party/FreeRTOS/Source/tasks.o
 .bss.xDelayedTaskList2
                0x0000000020001f74       0x14 ./Middlewares/Third_Party/FreeRTOS/Source/tasks.o
 .bss.pxDelayedTaskList
                0x0000000020001f88        0x4 ./Middlewares/Third_Party/FreeRTOS/Source/tasks.o
 .bss.pxOverflowDelayedTaskList
                0x0000000020001f8c        0x4 ./Middlewares/Third_Party/FreeRTOS/Source/tasks.o
 .bss.xPendingReadyList
                0x0000000020001f90       0x14 ./Middlewares/Third_Party/FreeRTOS/Source/tasks.o
 .bss.xTasksWaitingTermination
                0x0000000020001fa4       0x14 ./Middlewares/Third_Party/FreeRTOS/Source/tasks.o
 .bss.uxDeletedTasksWaitingCleanUp
                0x0000000020001fb8        0x4 ./Middlewares/Third_Party/FreeRTOS/Source/tasks.o
 .bss.xSuspendedTaskList
                0x0000000020001fbc       0x14 ./Middlewares/Third_Party/FreeRTOS/Source/tasks.o
 .bss.uxCurrentNumberOfTasks
                0x0000000020001fd0        0x4 ./Middlewares/Third_Party/FreeRTOS/Source/tasks.o
 .bss.xTickCount
                0x0000000020001fd4        0x4 ./Middlewares/Third_Party/FreeRTOS/Source/tasks.o
 .bss.uxTopReadyPriority
                0x0000000020001fd8        0x4 ./Middlewares/Third_Party/FreeRTOS/Source/tasks.o
 .bss.xSchedulerRunning
                0x0000000020001fdc        0x4 ./Middlewares/Third_Party/FreeRTOS/Source/tasks.o
 .bss.xPendedTicks
                0x0000000020001fe0        0x4 ./Middlewares/Third_Party/FreeRTOS/Source/tasks.o
 .bss.xYieldPending
                0x0000000020001fe4        0x4 ./Middlewares/Third_Party/FreeRTOS/Source/tasks.o
 .bss.xNumOfOverflows
                0x0000000020001fe8        0x4 ./Middlewares/Third_Party/FreeRTOS/Source/tasks.o
 .bss.uxTaskNumber
                0x0000000020001fec        0x4 ./Middlewares/Third_Party/FreeRTOS/Source/tasks.o
 .bss.xNextTaskUnblockTime
                0x0000000020001ff0        0x4 ./Middlewares/Third_Party/FreeRTOS/Source/tasks.o
 .bss.xIdleTaskHandle
                0x0000000020001ff4        0x4 ./Middlewares/Third_Party/FreeRTOS/Source/tasks.o
 .bss.uxSchedulerSuspended
                0x0000000020001ff8        0x4 ./Middlewares/Third_Party/FreeRTOS/Source/tasks.o
 .bss.xActiveTimerList1
                0x0000000020001ffc       0x14 ./Middlewares/Third_Party/FreeRTOS/Source/timers.o
 .bss.xActiveTimerList2
                0x0000000020002010       0x14 ./Middlewares/Third_Party/FreeRTOS/Source/timers.o
 .bss.pxCurrentTimerList
                0x0000000020002024        0x4 ./Middlewares/Third_Party/FreeRTOS/Source/timers.o
 .bss.pxOverflowTimerList
                0x0000000020002028        0x4 ./Middlewares/Third_Party/FreeRTOS/Source/timers.o
 .bss.xTimerQueue
                0x000000002000202c        0x4 ./Middlewares/Third_Party/FreeRTOS/Source/timers.o
 .bss.xTimerTaskHandle
                0x0000000020002030        0x4 ./Middlewares/Third_Party/FreeRTOS/Source/timers.o
 .bss.xLastTime.7010
                0x0000000020002034        0x4 ./Middlewares/Third_Party/FreeRTOS/Source/timers.o
 .bss.ucStaticTimerQueueStorage.7061
                0x0000000020002038       0xa0 ./Middlewares/Third_Party/FreeRTOS/Source/timers.o
 .bss.xStaticTimerQueue.7060
                0x00000000200020d8       0x50 ./Middlewares/Third_Party/FreeRTOS/Source/timers.o
 .bss.ucMaxSysCallPriority
                0x0000000020002128        0x1 ./Middlewares/Third_Party/FreeRTOS/Source/portable/GCC/ARM_CM4F/port.o
 *fill*         0x0000000020002129        0x3 
 .bss.ulMaxPRIGROUPValue
                0x000000002000212c        0x4 ./Middlewares/Third_Party/FreeRTOS/Source/portable/GCC/ARM_CM4F/port.o
 .bss.ucHeap    0x0000000020002130     0x3c00 ./Middlewares/Third_Party/FreeRTOS/Source/portable/MemMang/heap_4.o
 .bss.xStart    0x0000000020005d30        0x8 ./Middlewares/Third_Party/FreeRTOS/Source/portable/MemMang/heap_4.o
 .bss.pxEnd     0x0000000020005d38        0x4 ./Middlewares/Third_Party/FreeRTOS/Source/portable/MemMang/heap_4.o
 .bss.xFreeBytesRemaining
                0x0000000020005d3c        0x4 ./Middlewares/Third_Party/FreeRTOS/Source/portable/MemMang/heap_4.o
 .bss.xMinimumEverFreeBytesRemaining
                0x0000000020005d40        0x4 ./Middlewares/Third_Party/FreeRTOS/Source/portable/MemMang/heap_4.o
 .bss.xNumberOfSuccessfulAllocations
                0x0000000020005d44        0x4 ./Middlewares/Third_Party/FreeRTOS/Source/portable/MemMang/heap_4.o
 .bss.xNumberOfSuccessfulFrees
                0x0000000020005d48        0x4 ./Middlewares/Third_Party/FreeRTOS/Source/portable/MemMang/heap_4.o
 .bss.xBlockAllocatedBit
                0x0000000020005d4c        0x4 ./Middlewares/Third_Party/FreeRTOS/Source/portable/MemMang/heap_4.o
 .bss.__malloc_free_list
                0x0000000020005d50        0x4 c:/st/stm32cubeide_1.7.0/stm32cubeide/plugins/com.st.stm32cube.ide.mcu.externaltools.gnu-tools-for-stm32.9-2020-q2-update.win32_2.0.0.202105311346/tools/bin/../lib/gcc/arm-none-eabi/9.3.1/../../../../arm-none-eabi/lib/thumb/v7e-m+fp/hard\libc_nano.a(lib_a-nano-mallocr.o)
                0x0000000020005d50                __malloc_free_list
 *(COMMON)
 COMMON         0x0000000020005d54      0x489 ./Core/Src/Adc_audio_fft.o
                0x0000000020005d54                cffti
                0x0000000020005d68                S
                0x0000000020005d80                rffti
                0x0000000020005d98                CNF_REF
                0x0000000020005da4                fft_pResult
                0x00000000200061dc                status
 *fill*         0x00000000200061dd        0x3 
 COMMON         0x00000000200061e0      0x274 ./Core/Src/Can_task.o
                0x00000000200061e0                response
                0x0000000020006284                Can_state
                0x0000000020006328                recvMsg
                0x000000002000633c                message
                0x0000000020006384                request
                0x00000000200063d0                digital_IO_state
                0x00000000200063e4                RECEIVE_HANDLE
                0x00000000200063fc                SHIMS
                0x000000002000640c                mrecvMsg
                0x0000000020006420                TxHeader
                0x0000000020006438                RxHeader
 COMMON         0x0000000020006454       0xd0 ./Core/Src/IVI_Can_Matrix.o
                0x0000000020006454                ADC_chan
                0x0000000020006470                Evnt
                0x00000000200064e4                Cfg
                0x0000000020006510                cons
 COMMON         0x0000000020006524      0x758 ./Core/Src/main.o
                0x0000000020006524                defaultTaskHandle
                0x0000000020006528                CanTaskHandle
                0x000000002000652c                huart3
                0x0000000020006570                hpcd_USB_OTG_FS
                0x0000000020006a7c                hadc1
                0x0000000020006ac4                DMATxDscrTab
                0x0000000020006b64                hdac
                0x0000000020006b78                DMARxDscrTab
                0x0000000020006c18                hcan1
                0x0000000020006c40                TxConfig
                0x0000000020006c78                RS232TaskHandle
 COMMON         0x0000000020006c7c       0x90 ./Core/Src/stm32f4xx_hal_msp.o
                0x0000000020006c7c                hadc2
                0x0000000020006cc4                hadc3
 COMMON         0x0000000020006d0c       0x48 ./Core/Src/stm32f4xx_hal_timebase_tim.o
                0x0000000020006d0c                htim1
 COMMON         0x0000000020006d54        0x8 ./Core/Src/stm32f4xx_it.o
                0x0000000020006d54                i
                0x0000000020006d58                timer1_ch
 COMMON         0x0000000020006d5c       0x94 ./Core/Src/uds/extras.o
                0x0000000020006d5c                KL30_ADC