Can_task.c:101:6:Can_Task	40	static
Can_task.c:394:6:ConsoleWrite	16	static
Can_task.c:411:10:IVI_Send_Frame	24	static
Can_task.c:426:10:CAN_UDS_Diagnostic_Req_Send	64	static
Can_task.c:552:7:Get_SN	32	static
Can_task.c:578:6:Autorization_test	24	static
Can_task.c:603:6:GPIO_IO_check	40	static
Can_task.c:939:9:uaprintf	24	static
Can_task.c:970:6:CAN_UDS_Diagnostic_IO_test	24	static
Can_task.c:997:6:CAN_UDS_Set_IO_test	24	static
Can_task.c:1024:6:CAN_UDS_Diagnostic_Response_Wait	48	static
Can_task.c:1066:6:DefaultCFGx01	4	static
Can_task.c:1090:8:set_uint32	24	static
Can_task.c:1108:13:get_uint32	24	static
Can_task.c:1135:9:Validate_Config	32	static
Can_task.c:1143:8:Test_Audio_Rec	24	static
Can_task.c:1173:8:Test_Audio_Play	24	static
Can_task.c:1194:8:Check_AVT04_Test	8	static
Can_task.c:1207:8:HW_test	16	static
Can_task.c:1228:8:Power_Monitor	8	static
Can_task.c:1261:8:Button_read	8	static
Can_task.c:1271:11:GSM_GPS_Get_Networks	32	static
Can_task.c:1294:7:AVT_cmd_Send	32	static
Can_task.c:1353:7:HAL_GPIO_EXTI_Callback	16	static
