Can_task.c:101:6:Can_Task	40	static
Can_task.c:428:6:ConsoleWrite	16	static
Can_task.c:445:10:IVI_Send_Frame	24	static
Can_task.c:460:10:CAN_UDS_Diagnostic_Req_Send	64	static
Can_task.c:589:7:Get_SN	32	static
Can_task.c:615:6:Autorization_test	24	static
Can_task.c:640:6:GPIO_IO_check	40	static
Can_task.c:979:9:uaprintf	24	static
Can_task.c:1010:6:CAN_UDS_Diagnostic_IO_test	24	static
Can_task.c:1037:6:CAN_UDS_Set_IO_test	24	static
Can_task.c:1064:6:CAN_UDS_Diagnostic_Response_Wait	48	static
Can_task.c:1106:6:DefaultCFGx01	4	static
Can_task.c:1130:8:set_uint32	24	static
Can_task.c:1148:13:get_uint32	24	static
Can_task.c:1175:9:Validate_Config	32	static
Can_task.c:1183:8:Test_Audio_Rec	24	static
Can_task.c:1213:8:Test_Audio_Play	24	static
Can_task.c:1234:8:Check_AVT04_Test	8	static
Can_task.c:1247:8:HW_test	16	static
Can_task.c:1268:8:Power_Monitor	8	static
Can_task.c:1314:8:Button_read	8	static
Can_task.c:1324:11:GSM_GPS_Get_Networks	32	static
Can_task.c:1347:7:AVT_cmd_Send	32	static
Can_task.c:1421:7:HAL_GPIO_EXTI_Callback	16	static
Can_task.c:1433:7:check_wdt_timer	16	static
