stm32f4xx_hal_msp.c:67:6:HAL_MspInit	16	static
stm32f4xx_hal_msp.c:91:6:HAL_CAN_MspInit	48	static
stm32f4xx_hal_msp.c:127:6:HAL_CAN_MspDeInit	16	static
stm32f4xx_hal_msp.c:158:6:HAL_UART_MspInit	48	static
stm32f4xx_hal_msp.c:201:6:HAL_UART_MspDeInit	16	static
stm32f4xx_hal_msp.c:225:7:MX_ADC1_Init	24	static
stm32f4xx_hal_msp.c:277:7:MX_ADC2_Init	32	static
stm32f4xx_hal_msp.c:330:7:MX_ADC3_Init	32	static
stm32f4xx_hal_msp.c:386:6:HAL_ADC_MspInit	72	static
stm32f4xx_hal_msp.c:479:6:HAL_ADC_MspDeInit	16	static
stm32f4xx_hal_msp.c:542:6:HAL_PCD_MspInit	48	static
stm32f4xx_hal_msp.c:584:6:HAL_PCD_MspDeInit	16	static
stm32f4xx_hal_msp.c:611:6:HAL_TIM_Base_MspInit	24	static
stm32f4xx_hal_msp.c:617:6:HAL_DAC_MspInit	48	static
stm32f4xx_hal_msp.c:648:6:Init_Pins	8	static
stm32f4xx_hal_msp.c:703:6:HAL_DAC_MspDeInit	16	static
stm32f4xx_hal_msp.c:727:6:TIM6_Config	16	static
